Archive member included to satisfy reference by file (symbol)

build/cooja/mtype376.a(simEnvChange.o)
                              build/cooja/mtype376.o (simDontFallAsleep)
build/cooja/mtype376.a(cooja_mt.o)
                              build/cooja/mtype376.o (cooja_mt_start)
build/cooja/mtype376.a(cooja_mtarch.o)
                              build/cooja/mtype376.a(cooja_mt.o) (cooja_mtarch_start)
build/cooja/mtype376.a(rtimer-arch.o)
                              build/cooja/mtype376.o (rtimer_arch_check)
build/cooja/mtype376.a(beep.o)
                              build/cooja/mtype376.o (beep_interface)
build/cooja/mtype376.a(leds-arch.o)
                              build/cooja/mtype376.o (leds_interface)
build/cooja/mtype376.a(moteid.o)
                              build/cooja/mtype376.o (moteid_interface)
build/cooja/mtype376.a(pir-sensor.o)
                              build/cooja/mtype376.o (pir_interface)
build/cooja/mtype376.a(rs232.o)
                              build/cooja/mtype376.o (rs232_interface)
build/cooja/mtype376.a(vib-sensor.o)
                              build/cooja/mtype376.o (vib_interface)
build/cooja/mtype376.a(clock.o)
                              build/cooja/mtype376.o (clock_interface)
build/cooja/mtype376.a(cooja-log.o)
                              build/cooja/mtype376.o (simlog_interface)
build/cooja/mtype376.a(cfs-cooja.o)
                              build/cooja/mtype376.o (cfs_interface)
build/cooja/mtype376.a(cooja-radio.o)
                              build/cooja/mtype376.o (radio_interface)
build/cooja/mtype376.a(eeprom.o)
                              build/cooja/mtype376.o (eeprom_interface)
build/cooja/mtype376.a(random.o)
                              build/cooja/mtype376.a(moteid.o) (random_init)
build/cooja/mtype376.a(sensors.o)
                              build/cooja/mtype376.a(pir-sensor.o) (sensors_changed)
build/cooja/mtype376.a(leds.o)
                              coap_server_led.o (leds_off)
build/cooja/mtype376.a(gpio-hal-arch.o)
                              build/cooja/mtype376.a(leds-arch.o) (gpio_hal_arch_register_pin_callback)
build/cooja/mtype376.a(buttons.o)
                              build/cooja/mtype376.o (button_interface)
build/cooja/mtype376.a(res-sensors.o)
                              coap_server_led.o (res_sensors)
build/cooja/mtype376.a(res-leds.o)
                              coap_server_led.o (res_leds)
build/cooja/mtype376.a(coap-blocking-a)
                              coap_server_led.o (coap_blocking_request)
build/cooja/mtype376.a(coap-engine.o)
                              coap_server_led.o (coap_activate_resource)
build/cooja/mtype376.a(coap-res-well-k)
                              build/cooja/mtype376.a(coap-engine.o) (res_well_known_core)
build/cooja/mtype376.a(coap-observe.o)
                              build/cooja/mtype376.a(coap-engine.o) (coap_remove_observer_by_mid)
build/cooja/mtype376.a(coap-uip.o)
                              build/cooja/mtype376.a(coap-observe.o) (coap_endpoint_copy)
build/cooja/mtype376.a(coap-timer.o)
                              build/cooja/mtype376.a(coap-engine.o) (coap_timer_set)
build/cooja/mtype376.a(coap-transactio)
                              build/cooja/mtype376.a(coap-blocking-a) (coap_send_transaction)
build/cooja/mtype376.a(coap.o)
                              build/cooja/mtype376.a(coap-engine.o) (coap_status_code)
build/cooja/mtype376.a(contiki-main.o)
                              build/cooja/mtype376.o (main)
build/cooja/mtype376.a(autostart.o)
                              build/cooja/mtype376.a(contiki-main.o) (autostart_start)
build/cooja/mtype376.a(ctimer.o)
                              build/cooja/mtype376.a(contiki-main.o) (ctimer_init)
build/cooja/mtype376.a(log.o)
                              build/cooja/mtype376.a(contiki-main.o) (curr_log_level_main)
build/cooja/mtype376.a(energest.o)
                              build/cooja/mtype376.a(contiki-main.o) (energest_init)
build/cooja/mtype376.a(etimer.o)
                              build/cooja/mtype376.a(contiki-main.o) (etimer_process)
build/cooja/mtype376.a(node-id.o)
                              build/cooja/mtype376.a(contiki-main.o) (node_id)
build/cooja/mtype376.a(rtimer.o)
                              build/cooja/mtype376.a(contiki-main.o) (rtimer_init)
build/cooja/mtype376.a(process.o)
                              coap_server_led.o (process_current)
build/cooja/mtype376.a(timer.o)
                              build/cooja/mtype376.a(etimer.o) (timer_set)
build/cooja/mtype376.a(list.o)
                              build/cooja/mtype376.a(coap-engine.o) (list_init)
build/cooja/mtype376.a(memb.o)
                              build/cooja/mtype376.a(coap-observe.o) (memb_alloc)
build/cooja/mtype376.a(button-hal.o)
                              build/cooja/mtype376.o (button_hal_init)
build/cooja/mtype376.a(serial-line.o)
[...]
Memory Configuration

Name             Origin             Length             Attributes
*default*        0x0000000000000000 0xffffffffffffffff

Linker script and memory map

LOAD /usr/lib/gcc/i686-linux-gnu/5/../../../i386-linux-gnu/crti.o
LOAD /usr/lib/gcc/i686-linux-gnu/5/crtbeginS.o
LOAD coap_server_led.o
LOAD build/cooja/mtype376.o
LOAD build/cooja/mtype376.a
LOAD /usr/lib/gcc/i686-linux-gnu/5/libgcc.a
LOAD /usr/lib/gcc/i686-linux-gnu/5/libgcc_s.so
LOAD /usr/lib/gcc/i686-linux-gnu/5/../../../i386-linux-gnu/libc.so
START GROUP
LOAD /lib/i386-linux-gnu/libc.so.6
LOAD /usr/lib/i386-linux-gnu/libc_nonshared.a
LOAD /lib/i386-linux-gnu/ld-linux.so.2
END GROUP
LOAD /usr/lib/gcc/i686-linux-gnu/5/libgcc.a
LOAD /usr/lib/gcc/i686-linux-gnu/5/libgcc_s.so
LOAD /usr/lib/gcc/i686-linux-gnu/5/crtendS.o
LOAD /usr/lib/gcc/i686-linux-gnu/5/../../../i386-linux-gnu/crtn.o
                0x0000000000000114                . = (0x0 + SIZEOF_HEADERS)

.note.gnu.build-id
                0x0000000000000114       0x24
 *(.note.gnu.build-id)
 .note.gnu.build-id
                0x0000000000000114       0x24 /usr/lib/gcc/i686-linux-gnu/5/../../../i386-linux-gnu/crti.o

.hash
 *(.hash)

.gnu.hash       0x0000000000000138     0x15c8
 *(.gnu.hash)
 .gnu.hash      0x0000000000000138     0x15c8 /usr/lib/gcc/i686-linux-gnu/5/../../../i386-linux-gnu/crti.o

.dynsym         0x0000000000001700     0x2fe0
 *(.dynsym)
 .dynsym        0x0000000000001700     0x2fe0 /usr/lib/gcc/i686-linux-gnu/5/../../../i386-linux-gnu/crti.o

.dynstr         0x00000000000046e0     0x37a7
 *(.dynstr)
 .dynstr        0x00000000000046e0     0x37a7 /usr/lib/gcc/i686-linux-gnu/5/../../../i386-linux-gnu/crti.o

.gnu.version    0x0000000000007e88      0x5fc
 *(.gnu.version)
 .gnu.version   0x0000000000007e88      0x5fc /usr/lib/gcc/i686-linux-gnu/5/../../../i386-linux-gnu/crti.o

.gnu.version_d  0x0000000000008484        0x0
 *(.gnu.version_d)
 .gnu.version_d
                0x0000000000008484        0x0 /usr/lib/gcc/i686-linux-gnu/5/../../../i386-linux-gnu/crti.o

.gnu.version_r  0x0000000000008484       0x40
 *(.gnu.version_r)
 .gnu.version_r
                0x0000000000008484       0x40 /usr/lib/gcc/i686-linux-gnu/5/../../../i386-linux-gnu/crti.o

.rel.dyn        0x00000000000084c4     0x9c08
 *(.rel.init)
 .rel.init      0x00000000000084c4        0x0 /usr/lib/gcc/i686-linux-gnu/5/../../../i386-linux-gnu/crti.o
 *(.rel.text .rel.text.* .rel.gnu.linkonce.t.*)
 .rel.text      0x00000000000084c4     0x91b8 /usr/lib/gcc/i686-linux-gnu/5/../../../i386-linux-gnu/crti.o
 *(.rel.fini)
 .rel.fini      0x000000000001167c        0x0 /usr/lib/gcc/i686-linux-gnu/5/../../../i386-linux-gnu/crti.o
 *(.rel.rodata .rel.rodata.* .rel.gnu.linkonce.r.*)
 .rel.rodata    0x000000000001167c      0x588 /usr/lib/gcc/i686-linux-gnu/5/../../../i386-linux-gnu/crti.o
 *(.rel.data.rel.ro .rel.data.rel.ro.* .rel.gnu.linkonce.d.rel.ro.*)
 *(.rel.data .rel.data.* .rel.gnu.linkonce.d.*)
 .rel.data.rel.local
                0x0000000000011c04        0x8 /usr/lib/gcc/i686-linux-gnu/5/../../../i386-linux-gnu/crti.o
 .rel.data      0x0000000000011c0c      0x488 /usr/lib/gcc/i686-linux-gnu/5/../../../i386-linux-gnu/crti.o
 *(.rel.tdata .rel.tdata.* .rel.gnu.linkonce.td.*)
 *(.rel.tbss .rel.tbss.* .rel.gnu.linkonce.tb.*)
 *(.rel.ctors)
 *(.rel.dtors)
 *(.rel.got)
 .rel.got       0x0000000000012094       0x28 /usr/lib/gcc/i686-linux-gnu/5/../../../i386-linux-gnu/crti.o
 *(.rel.bss .rel.bss.* .rel.gnu.linkonce.b.*)
 *(.rel.ifunc)
 .rel.ifunc     0x00000000000120bc        0x0 /usr/lib/gcc/i686-linux-gnu/5/../../../i386-linux-gnu/crti.o
 .rel.fini_array
                0x00000000000120bc        0x8 /usr/lib/gcc/i686-linux-gnu/5/../../../i386-linux-gnu/crti.o
 .rel.init_array
                0x00000000000120c4        0x8 /usr/lib/gcc/i686-linux-gnu/5/../../../i386-linux-gnu/crti.o

.rel.plt        0x00000000000120cc        0x0
 *(.rel.plt)
 .rel.plt       0x00000000000120cc        0x0 /usr/lib/gcc/i686-linux-gnu/5/../../../i386-linux-gnu/crti.o
 *(.rel.iplt)

.init           0x00000000000120cc       0x23
 *(SORT(.init))
 .init          0x00000000000120cc       0x1e /usr/lib/gcc/i686-linux-gnu/5/../../../i386-linux-gnu/crti.o
                0x00000000000120cc                _init
 .init          0x00000000000120ea        0x5 /usr/lib/gcc/i686-linux-gnu/5/../../../i386-linux-gnu/crtn.o

.plt            0x00000000000120f0       0x10
 *(.plt)
 .plt           0x00000000000120f0       0x10 /usr/lib/gcc/i686-linux-gnu/5/../../../i386-linux-gnu/crti.o
 *(.iplt)

.plt.got        0x0000000000012100       0x10
 *(.plt.got)
 .plt.got       0x0000000000012100       0x10 /usr/lib/gcc/i686-linux-gnu/5/../../../i386-linux-gnu/crti.o

.text           0x0000000000012110    0x19822
 *(.text.unlikely .text.*_unlikely .text.unlikely.*)
 .text.unlikely
                0x0000000000012110        0x0 /usr/lib/gcc/i686-linux-gnu/5/crtbeginS.o
 .text.unlikely
                0x0000000000012110        0x0 /usr/lib/gcc/i686-linux-gnu/5/libgcc.a(_udivdi3.o)
 *(.text.exit .text.exit.*)
 *(.text.startup .text.startup.*)
 *(.text.hot .text.hot.*)
 *(.text .stub .text.* .gnu.linkonce.t.*)
 .text          0x0000000000012110        0x0 /usr/lib/gcc/i686-linux-gnu/5/../../../i386-linux-gnu/crti.o
 .gnu.linkonce.t.__x86.get_pc_thunk.bx
                0x0000000000012110        0x4 /usr/lib/gcc/i686-linux-gnu/5/../../../i386-linux-gnu/crti.o
                0x0000000000012110                __x86.get_pc_thunk.bx
 *fill*         0x0000000000012114        0xc 
 .text          0x0000000000012120      0x11c /usr/lib/gcc/i686-linux-gnu/5/crtbeginS.o
 .text.__x86.get_pc_thunk.dx
                0x000000000001223c        0x4 /usr/lib/gcc/i686-linux-gnu/5/crtbeginS.o
                0x000000000001223c                __x86.get_pc_thunk.dx
 .text          0x0000000000012240      0xb9c coap_server_led.o
                0x0000000000012240                client_chunk_handler
                0x00000000000122c6                sensor_chunk_handler
                0x00000000000122f6                lookup_chunk_handler
                0x0000000000012326                free_sensor_list
 .text          0x0000000000012ddc      0x283 build/cooja/mtype376.o
                0x0000000000012e6e                platform_init_stage_one
                0x0000000000012e81                platform_init_stage_two
                0x0000000000012e94                platform_init_stage_three
                0x0000000000012ea7                platform_main_loop
                0x0000000000012f1a                Java_org_contikios_cooja_corecomm_Lib8_init
                0x0000000000012f51                Java_org_contikios_cooja_corecomm_Lib8_getMemory
                0x0000000000012f84                Java_org_contikios_cooja_corecomm_Lib8_setMemory
                0x0000000000012fe4                Java_org_contikios_cooja_corecomm_Lib8_tick
                0x000000000001304c                Java_org_contikios_cooja_corecomm_Lib8_setReferenceAddress
 .text          0x000000000001305f       0x65 build/cooja/mtype376.a(simEnvChange.o)
                0x000000000001305f                doActionsBeforeTick
                0x0000000000013091                doActionsAfterTick
 .text          0x00000000000130c4       0x83 build/cooja/mtype376.a(cooja_mt.o)
                0x00000000000130c4                cooja_mt_start
                0x00000000000130ee                cooja_mt_exec
                0x0000000000013124                cooja_mt_yield
 .text          0x0000000000013147       0xbe build/cooja/mtype376.a(cooja_mtarch.o)
                0x0000000000013147                cooja_mtarch_start
                0x00000000000131ba                cooja_sw
                0x00000000000131dd                cooja_mtarch_exec
                0x00000000000131fa                cooja_mtarch_yield
 .text          0x0000000000013205       0xc5 build/cooja/mtype376.a(rtimer-arch.o)
                0x0000000000013205                rtimer_arch_init
                0x0000000000013229                rtimer_arch_schedule
                0x0000000000013259                rtimer_arch_next
                0x0000000000013269                rtimer_arch_pending
                0x0000000000013273                rtimer_arch_check
                0x00000000000132ba                rtimer_arch_now
 .text          0x00000000000132ca       0x81 build/cooja/mtype376.a(beep.o)
                0x00000000000132ca                beep_alarm
                0x00000000000132d7                beep_beep
                0x00000000000132e4                beep
                0x00000000000132f1                beep_down
                0x00000000000132fe                beep_on
                0x000000000001330b                beep_off
                0x0000000000013318                beep_spinup
                0x0000000000013325                beep_quick
                0x0000000000013332                beep_long
 .text          0x000000000001334b       0x65 build/cooja/mtype376.a(leds-arch.o)
                0x000000000001335e                leds_arch_init
 .text          0x00000000000133b0       0x35 build/cooja/mtype376.a(moteid.o)
 .text          0x00000000000133e5       0xb7 build/cooja/mtype376.a(pir-sensor.o)
 .text          0x000000000001349c      0x148 build/cooja/mtype376.a(rs232.o)
                0x000000000001349c                rs232_init
                0x00000000000134a2                rs232_set_speed
                0x00000000000134b1                rs232_set_input
                0x00000000000134bf                rs232_send
                0x00000000000134e3                rs232_print
                0x00000000000134ff                slip_arch_writeb
 .text          0x00000000000135e4       0xb7 build/cooja/mtype376.a(vib-sensor.o)
 .text          0x000000000001369b       0x38 build/cooja/mtype376.a(clock.o)
                0x000000000001369b                clock_init
                0x00000000000136a1                clock_time
                0x00000000000136ab                clock_seconds
                0x00000000000136c1                clock_delay
 .text          0x00000000000136d3      0x219 build/cooja/mtype376.a(cooja-log.o)
                0x00000000000136d3                simlog_char
                0x0000000000013716                simlog
                0x000000000001378c                log_message
                0x00000000000137bd                log_set_putchar_with_slip
                0x00000000000137cb                log_putchar
                0x0000000000013846                log_puts
                0x000000000001386e                log_printf
 .text          0x00000000000138ec      0x2b9 build/cooja/mtype376.a(cfs-cooja.o)
                0x00000000000138ec                cfs_open
                0x0000000000013955                cfs_close
                0x0000000000013962                cfs_read
                0x00000000000139f7                cfs_write
                0x0000000000013ad3                cfs_seek
                0x0000000000013b5b                cfs_remove
                0x0000000000013b7f                cfs_opendir
                0x0000000000013b89                cfs_readdir
                0x0000000000013b93                cfs_closedir
 .text          0x0000000000013ba5      0x620 build/cooja/mtype376.a(cooja-radio.o)
                0x0000000000013be7                radio_set_channel
                0x0000000000013bf5                radio_set_txpower
                0x0000000000013c0d                radio_signal_strength_last
                0x0000000000013c17                radio_signal_strength_current
                0x0000000000013c21                radio_LQI
 .text          0x00000000000141c5       0xee build/cooja/mtype376.a(eeprom.o)
                0x00000000000141c5                eeprom_init
                0x00000000000141cb                eeprom_read
                0x0000000000014239                eeprom_write
 .text          0x00000000000142b3       0x2d build/cooja/mtype376.a(random.o)
                0x00000000000142b3                random_init
                0x00000000000142d3                random_rand
 .text          0x00000000000142e0      0x29c build/cooja/mtype376.a(sensors.o)
                0x000000000001431b                sensors_first
                0x0000000000014325                sensors_next
                0x000000000001433f                sensors_changed
                0x0000000000014373                sensors_find
 .text          0x000000000001457c      0x349 build/cooja/mtype376.a(leds.o)
                0x000000000001457c                leds_init
                0x00000000000145c3                leds_single_on
                0x0000000000014622                leds_single_off
                0x0000000000014681                leds_single_toggle
                0x00000000000146b3                leds_on
                0x0000000000014735                leds_off
                0x00000000000147b7                leds_toggle
                0x000000000001480c                leds_set
                0x0000000000014838                leds_get
 .text          0x00000000000148c5      0x343 build/cooja/mtype376.a(gpio-hal-arch.o)
                0x00000000000148c5                gpio_hal_arch_register_pin_callback
                0x0000000000014931                gpio_hal_arch_init
                0x0000000000014976                gpio_hal_arch_no_port_interrupt_enable
                0x00000000000149a6                gpio_hal_arch_no_port_interrupt_disable
                0x00000000000149d6                gpio_hal_arch_no_port_pin_cfg_set
                0x00000000000149fb                gpio_hal_arch_no_port_pin_cfg_get
                0x0000000000014a21                gpio_hal_arch_no_port_pin_set_input
                0x0000000000014a33                gpio_hal_arch_no_port_pin_set_output
                0x0000000000014a45                gpio_hal_arch_no_port_set_pin
                0x0000000000014a66                gpio_hal_arch_no_port_clear_pin
                0x0000000000014a87                gpio_hal_arch_no_port_read_pin
                0x0000000000014aad                gpio_hal_arch_no_port_write_pin
                0x0000000000014ad7                gpio_hal_arch_no_port_set_pins
                0x0000000000014b1e                gpio_hal_arch_no_port_clear_pins
                0x0000000000014b65                gpio_hal_arch_no_port_read_pins
                0x0000000000014ba8                gpio_hal_arch_no_port_write_pins
 .text          0x0000000000014c08       0x89 build/cooja/mtype376.a(buttons.o)
 .text          0x0000000000014c91      0x2e4 build/cooja/mtype376.a(res-sensors.o)
 .text          0x0000000000014f75      0x203 build/cooja/mtype376.a(res-leds.o)
 .text          0x0000000000015178      0x27b build/cooja/mtype376.a(coap-blocking-a)
                0x0000000000015178                coap_blocking_request_callback
                0x00000000000151a2                coap_blocking_request
 .text          0x00000000000153f3      0xbea build/cooja/mtype376.a(coap-engine.o)
                0x0000000000015488                coap_add_handler
                0x00000000000154a5                coap_remove_handler
                0x00000000000154c2                coap_call_handlers
                0x00000000000155ca                coap_receive
                0x0000000000015bc5                coap_engine_init
                0x0000000000015c23                coap_activate_resource
                0x0000000000015cce                coap_get_first_resource
                0x0000000000015ce7                coap_get_next_resource
 .text          0x0000000000015fdd      0x2d9 build/cooja/mtype376.a(coap-res-well-k)
 .text          0x00000000000162b6      0x96a build/cooja/mtype376.a(coap-observe.o)
                0x00000000000163cb                coap_remove_observer
                0x00000000000163fb                coap_remove_observer_by_client
                0x0000000000016463                coap_remove_observer_by_token
                0x00000000000164f6                coap_remove_observer_by_uri
                0x000000000001659d                coap_remove_observer_by_mid
                0x0000000000016619                coap_notify_observers
                0x0000000000016632                coap_notify_observers_sub
                0x0000000000016a9c                coap_observe_handler
                0x0000000000016bb7                coap_has_observers
 .text          0x0000000000016c20      0x733 build/cooja/mtype376.a(coap-uip.o)
                0x0000000000016c20                coap_endpoint_log
                0x0000000000016ca6                coap_endpoint_print
                0x0000000000016d2c                coap_endpoint_snprint
                0x0000000000016e5f                coap_endpoint_copy
                0x0000000000016e9c                coap_endpoint_cmp
                0x0000000000016faa                coap_endpoint_parse
                0x0000000000017195                coap_endpoint_is_secure
                0x00000000000171a4                coap_endpoint_is_connected
                0x00000000000171d8                coap_endpoint_connect
                0x00000000000171f4                coap_endpoint_disconnect
                0x00000000000171fa                coap_databuf
                0x0000000000017204                coap_transport_init
                0x0000000000017254                coap_sendto
 .text          0x0000000000017353      0x324 build/cooja/mtype376.a(coap-timer.o)
                0x0000000000017450                coap_timer_stop
                0x000000000001747b                coap_timer_set
                0x00000000000174be                coap_timer_reset
                0x0000000000017501                coap_timer_time_to_next_expiration
                0x000000000001756d                coap_timer_run
                0x0000000000017639                coap_timer_init
 .text          0x0000000000017677      0x2c6 build/cooja/mtype376.a(coap-transactio)
                0x00000000000176dd                coap_new_transaction
                0x0000000000017743                coap_send_transaction
                0x00000000000178a4                coap_clear_transaction
                0x00000000000178ec                coap_get_transaction_by_mid
 .text          0x000000000001793d     0x1c53 build/cooja/mtype376.a(coap.o)
                0x0000000000017eaa                coap_init_connection
                0x0000000000017ebe                coap_get_mid
                0x0000000000017eda                coap_init_message
                0x0000000000017f23                coap_serialize_message
                0x00000000000185a5                coap_parse_message
                0x0000000000018c0c                coap_get_query_variable
                0x0000000000018c4e                coap_get_post_variable
                0x0000000000018c92                coap_set_status_code
                0x0000000000018cb7                coap_set_token
                0x0000000000018cfe                coap_get_header_content_format
                0x0000000000018d2f                coap_set_header_content_format
                0x0000000000018d52                coap_get_header_accept
                0x0000000000018d83                coap_set_header_accept
                0x0000000000018da6                coap_get_header_max_age
                0x0000000000018dd7                coap_set_header_max_age
                0x0000000000018df7                coap_get_header_etag
                0x0000000000018e29                coap_set_header_etag
                0x0000000000018e80                coap_get_header_if_match
                0x0000000000018eb2                coap_set_header_if_match
                0x0000000000018f09                coap_get_header_if_none_match
                0x0000000000018f23                coap_set_header_if_none_match
                0x0000000000018f3a                coap_get_header_proxy_uri
                0x0000000000018f68                coap_set_header_proxy_uri
                0x0000000000018fa5                coap_get_header_uri_host
                0x0000000000018fd3                coap_set_header_uri_host
                0x0000000000019010                coap_get_header_uri_path
                0x000000000001903e                coap_set_header_uri_path
                0x000000000001908b                coap_get_header_uri_query
                0x00000000000190bf                coap_set_header_uri_query
                0x0000000000019115                coap_get_header_location_path
                0x0000000000019143                coap_set_header_location_path
                0x00000000000191dc                coap_get_header_location_query
                0x000000000001920a                coap_set_header_location_query
                0x0000000000019257                coap_get_header_observe
                0x0000000000019286                coap_set_header_observe
                0x00000000000192a6                coap_get_header_block2
                0x0000000000019312                coap_set_header_block2
                0x0000000000019389                coap_get_header_block1
                0x00000000000193fe                coap_set_header_block1
                0x0000000000019479                coap_get_header_size2
                0x00000000000194a9                coap_set_header_size2
                0x00000000000194cc                coap_get_header_size1
                0x00000000000194fc                coap_set_header_size1
                0x000000000001951f                coap_get_payload
                0x0000000000019559                coap_set_payload
 .text          0x0000000000019590      0x332 build/cooja/mtype376.a(contiki-main.o)
                0x0000000000019590                main
 .text          0x00000000000198c2       0x92 build/cooja/mtype376.a(autostart.o)
                0x00000000000198c2                autostart_start
                0x000000000001990c                autostart_exit
 .text          0x0000000000019954      0x355 build/cooja/mtype376.a(ctimer.o)
                0x0000000000019a7c                ctimer_init
                0x0000000000019aaf                ctimer_set
                0x0000000000019ad5                ctimer_set_with_process
                0x0000000000019b52                ctimer_reset
                0x0000000000019ba6                ctimer_restart
                0x0000000000019bfa                ctimer_stop
                0x0000000000019c4a                ctimer_expired
 .text          0x0000000000019ca9      0x394 build/cooja/mtype376.a(log.o)
                0x0000000000019ca9                log_6addr
                0x0000000000019cfc                log_6addr_compact_snprint
                0x0000000000019d9a                log_6addr_compact
                0x0000000000019ded                log_lladdr
                0x0000000000019e5f                log_lladdr_compact
                0x0000000000019ec7                log_set_level
                0x0000000000019f82                log_get_level
                0x0000000000019ffb                log_level_to_str
 .text          0x000000000001a03d       0x1b build/cooja/mtype376.a(energest.o)
                0x000000000001a03d                energest_init
                0x000000000001a043                energest_flush
                0x000000000001a049                energest_get_total_time
 .text          0x000000000001a058      0x43f build/cooja/mtype376.a(etimer.o)
                0x000000000001a27c                etimer_request_poll
                0x000000000001a305                etimer_set
                0x000000000001a32e                etimer_reset_with_new_interval
                0x000000000001a35d                etimer_reset
                0x000000000001a383                etimer_restart
                0x000000000001a3a9                etimer_adjust
                0x000000000001a3c6                etimer_expired
                0x000000000001a3d9                etimer_expiration_time
                0x000000000001a3eb                etimer_start_time
                0x000000000001a3f5                etimer_pending
                0x000000000001a407                etimer_next_expiration_time
                0x000000000001a421                etimer_stop
 .text          0x000000000001a497       0x25 build/cooja/mtype376.a(node-id.o)
                0x000000000001a497                node_id_init
 .text          0x000000000001a4bc       0xeb build/cooja/mtype376.a(rtimer.o)
                0x000000000001a4bc                rtimer_init
                0x000000000001a4ca                rtimer_set
                0x000000000001a545                rtimer_run_next
 .text          0x000000000001a5a7      0x4fb build/cooja/mtype376.a(process.o)
                0x000000000001a5a7                process_alloc_event
                0x000000000001a5bc                process_start
                0x000000000001a796                process_exit
                0x000000000001a7b3                process_init
                0x000000000001a948                process_run
                0x000000000001a97b                process_nevents
                0x000000000001a996                process_post
                0x000000000001aa29                process_post_synch
                0x000000000001aa5e                process_poll
                0x000000000001aa8e                process_is_running
 .text          0x000000000001aaa2       0xb1 build/cooja/mtype376.a(timer.o)
                0x000000000001aaa2                timer_set
                0x000000000001aac0                timer_reset
                0x000000000001aaed                timer_restart
                0x000000000001ab02                timer_expired
                0x000000000001ab2f                timer_remaining
 .text          0x000000000001ab53      0x28f build/cooja/mtype376.a(list.o)
                0x000000000001ab53                list_init
                0x000000000001ab62                list_head
                0x000000000001ab6c                list_copy
                0x000000000001ab7c                list_tail
                0x000000000001abb2                list_add
                0x000000000001abfe                list_push
                0x000000000001ac2a                list_chop
                0x000000000001ac94                list_pop
                0x000000000001acbc                list_remove
                0x000000000001ad24                list_length
                0x000000000001ad52                list_insert
                0x000000000001ad97                list_item_next
                0x000000000001adae                list_contains
 .text          0x000000000001ade2      0x1b5 build/cooja/mtype376.a(memb.o)
                0x000000000001ade2                memb_init
                0x000000000001ae37                memb_alloc
                0x000000000001ae9a                memb_free
                0x000000000001af11                memb_inmemb
                0x000000000001af50                memb_numfree
 .text          0x000000000001af97      0x41c build/cooja/mtype376.a(button-hal.o)
                0x000000000001b110                button_hal_get_by_id
                0x000000000001b14e                button_hal_get_by_index
                0x000000000001b17a                button_hal_get_state
                0x000000000001b1cc                button_hal_init
 .text          0x000000000001b3b3      0x1f3 build/cooja/mtype376.a(serial-line.o)
                0x000000000001b3b3                serial_line_input_byte
                0x000000000001b571                serial_line_init
 .text          0x000000000001b5a6      0x168 build/cooja/mtype376.a(gpio-hal.o)
                0x000000000001b5a6                gpio_hal_register_handler
                0x000000000001b5c3                gpio_hal_event_handler
                0x000000000001b61f                gpio_hal_init
                0x000000000001b63e                gpio_hal_arch_port_toggle_pin
                0x000000000001b67a                gpio_hal_arch_port_toggle_pins
                0x000000000001b6a8                gpio_hal_arch_no_port_toggle_pin
                0x000000000001b6e6                gpio_hal_arch_no_port_toggle_pins
 .text          0x000000000001b70e      0x2e7 build/cooja/mtype376.a(queuebuf.o)
                0x000000000001b718                queuebuf_init
                0x000000000001b741                queuebuf_numfree
                0x000000000001b759                queuebuf_new_from_packetbuf
                0x000000000001b7f8                queuebuf_update_attr_from_packetbuf
                0x000000000001b82d                queuebuf_update_from_packetbuf
                0x000000000001b87d                queuebuf_free
                0x000000000001b8c6                queuebuf_to_packetbuf
                0x000000000001b932                queuebuf_dataptr
                0x000000000001b96c                queuebuf_datalen
                0x000000000001b98f                queuebuf_addr
                0x000000000001b9c4                queuebuf_attr
                0x000000000001b9ef                queuebuf_debug_print
 .text          0x000000000001b9f5      0x407 build/cooja/mtype376.a(packetbuf.o)
                0x000000000001b9f5                packetbuf_clear
                0x000000000001ba20                packetbuf_copyfrom
                0x000000000001ba6f                packetbuf_copyto
                0x000000000001bb02                packetbuf_hdralloc
                0x000000000001bb7e                packetbuf_hdrreduce
                0x000000000001bbc4                packetbuf_set_datalen
                0x000000000001bbde                packetbuf_dataptr
                0x000000000001bbfb                packetbuf_hdrptr
                0x000000000001bc05                packetbuf_datalen
                0x000000000001bc11                packetbuf_hdrlen
                0x000000000001bc28                packetbuf_totlen
                0x000000000001bc3e                packetbuf_remaininglen
                0x000000000001bc51                packetbuf_attr_clear
                0x000000000001bc9d                packetbuf_attr_copyto
                0x000000000001bcf5                packetbuf_attr_copyfrom
                0x000000000001bd4d                packetbuf_set_attr
                0x000000000001bd77                packetbuf_attr
                0x000000000001bd91                packetbuf_set_addr
                0x000000000001bdc2                packetbuf_addr
                0x000000000001bddf                packetbuf_holds_broadcast
 .text          0x000000000001bdfc       0xef build/cooja/mtype376.a(netstack.o)
                0x000000000001bdfc                netstack_process_ip_callback
                0x000000000001be8d                netstack_ip_packet_processor_add
                0x000000000001beb0                uip_ds6_ip_packet_processor_rm
                0x000000000001becd                netstack_init
 .text          0x000000000001beeb       0x4f build/cooja/mtype376.a(linkaddr.o)
                0x000000000001beeb                linkaddr_copy
                0x000000000001bf01                linkaddr_cmp
                0x000000000001bf24                linkaddr_set_node_addr
 .text          0x000000000001bf3a      0x1f6 build/cooja/mtype376.a(csma.o)
 .text          0x000000000001c130      0x95d build/cooja/mtype376.a(csma-output.o)
                0x000000000001c7c7                csma_output_packet
                0x000000000001ca54                csma_output_init
 .text          0x000000000001ca8d      0xc11 build/cooja/mtype376.a(uip-ds6.o)
                0x000000000001ca8d                uip_ds6_default_prefix
                0x000000000001ca97                uip_ds6_set_default_prefix
                0x000000000001cac2                uip_ds6_init
                0x000000000001cd24                uip_ds6_periodic
                0x000000000001cdab                uip_ds6_list_loop
                0x000000000001ce6b                uip_ds6_prefix_add
                0x000000000001cf17                uip_ds6_prefix_rm
                0x000000000001cf2a                uip_ds6_prefix_lookup
                0x000000000001cf69                uip_ds6_is_addr_onlink
                0x000000000001cfdc                uip_ds6_addr_add
                0x000000000001d0fc                uip_ds6_addr_rm
                0x000000000001d1a5                uip_ds6_addr_lookup
                0x000000000001d1de                uip_ds6_get_link_local
                0x000000000001d25f                uip_ds6_get_global
                0x000000000001d2e0                uip_ds6_maddr_add
                0x000000000001d340                uip_ds6_maddr_rm
                0x000000000001d353                uip_ds6_maddr_lookup
                0x000000000001d38c                uip_ds6_aaddr_add
                0x000000000001d3ec                uip_ds6_aaddr_rm
                0x000000000001d3ff                uip_ds6_aaddr_lookup
                0x000000000001d438                uip_ds6_select_src
                0x000000000001d581                uip_ds6_set_addr_iid
                0x000000000001d5ac                uip_ds6_set_lladdr_from_iid
                0x000000000001d5d5                get_match_length
                0x000000000001d666                uip_ds6_compute_reachable_time
 .text          0x000000000001d69e      0x128 build/cooja/mtype376.a(uip-udp-packet.)
                0x000000000001d69e                uip_udp_packet_send
                0x000000000001d6f9                uip_udp_packet_sendto
 .text          0x000000000001d7c6      0xa3c build/cooja/mtype376.a(uip-ds6-route.o)
                0x000000000001d8b0                uip_ds6_notification_add
                0x000000000001d8e2                uip_ds6_notification_rm
                0x000000000001d8ff                uip_ds6_route_init
                0x000000000001d99e                uip_ds6_route_nexthop
                0x000000000001d9cd                uip_ds6_route_head
                0x000000000001d9e6                uip_ds6_route_next
                0x000000000001da0f                uip_ds6_route_is_nexthop
                0x000000000001da51                uip_ds6_route_num_routes
                0x000000000001da5b                uip_ds6_route_lookup
                0x000000000001db32                uip_ds6_route_add
                0x000000000001dd72                uip_ds6_route_rm
                0x000000000001df10                uip_ds6_route_rm_by_nexthop
                0x000000000001df4f                uip_ds6_defrt_head
                0x000000000001df68                uip_ds6_defrt_add
                0x000000000001e029                uip_ds6_defrt_rm
                0x000000000001e0aa                uip_ds6_defrt_lookup
                0x000000000001e111                uip_ds6_defrt_choose
                0x000000000001e187                uip_ds6_defrt_periodic
 .text          0x000000000001e202      0x6f7 build/cooja/mtype376.a(tcpip.o)
                0x000000000001e21c                tcpip_output
                0x000000000001e29b                udp_attach
                0x000000000001e2b3                udp_new
                0x000000000001e2fd                udp_broadcast_new
                0x000000000001e46f                tcpip_input
                0x000000000001e5ff                tcpip_ipv6_output
                0x000000000001e7f3                tcpip_poll_udp
                0x000000000001e811                tcpip_uipcall
 .text          0x000000000001e8f9     0x1205 build/cooja/mtype376.a(uip6.o)
                0x000000000001e9a8                uip_chksum
                0x000000000001ea7f                uip_icmp6chksum
                0x000000000001ea94                uip_udpchksum
                0x000000000001eaa9                uip_init
                0x000000000001eaf2                uip_remove_ext_hdr
                0x000000000001ebcc                uip_udp_new
                0x000000000001eee0                uip_process
                0x000000000001f9d8                uip_htons
                0x000000000001f9fa                uip_htonl
                0x000000000001fa38                uip_send
 .text          0x000000000001fafe      0x369 build/cooja/mtype376.a(uip-ds6-nbr.o)
                0x000000000001fafe                uip_ds6_neighbors_init
                0x000000000001fb22                uip_ds6_nbr_add
                0x000000000001fba8                uip_ds6_nbr_rm
                0x000000000001fbf3                uip_ds6_nbr_update_ll
                0x000000000001fce1                uip_ds6_nbr_get_ipaddr
                0x000000000001fcf6                uip_ds6_nbr_get_ll
                0x000000000001fd12                uip_ds6_nbr_num
                0x000000000001fd5b                uip_ds6_nbr_head
                0x000000000001fd74                uip_ds6_nbr_next
                0x000000000001fd90                uip_ds6_nbr_lookup
                0x000000000001fde8                uip_ds6_nbr_ll_lookup
                0x000000000001fe04                uip_ds6_nbr_ipaddr_from_lladdr
                0x000000000001fe2d                uip_ds6_nbr_lladdr_from_ipaddr
                0x000000000001fe61                uip_ds6_link_callback
 .text          0x000000000001fe67      0x6a7 build/cooja/mtype376.a(uip-nd6.o)
                0x00000000000204f5                uip_nd6_init
 .text          0x000000000002050e     0x2c17 build/cooja/mtype376.a(sicslowpan.o)
                0x0000000000020b15                netstack_sniffer_add
                0x0000000000020b23                netstack_sniffer_remove
                0x00000000000230f9                sicslowpan_init
                0x000000000002311b                sicslowpan_get_last_rssi
 .text          0x0000000000023125      0x4d1 build/cooja/mtype376.a(uiplib.o)
                0x0000000000023125                uiplib_ip6addrconv
                0x00000000000232dd                uiplib_ip4addrconv
                0x00000000000233a0                uiplib_ipaddr_print
                0x00000000000233f3                uiplib_ipaddr_snprint
 .text          0x00000000000235f6      0x4c9 build/cooja/mtype376.a(rpl.o)
                0x00000000000235f6                rpl_lollipop_greater_than
                0x0000000000023650                rpl_get_global_address
                0x0000000000023748                rpl_link_callback
                0x000000000002378c                rpl_has_joined
                0x00000000000237b1                rpl_is_reachable
                0x0000000000023832                rpl_reset_prefix
                0x000000000002389c                rpl_set_prefix_from_addr
                0x0000000000023981                rpl_set_prefix
                0x0000000000023a9b                rpl_set_leaf_only
                0x0000000000023ab3                rpl_get_leaf_only
 .text          0x0000000000023abf     0x138c build/cooja/mtype376.a(rpl-icmp6.o)
                0x0000000000023be4                rpl_icmp6_update_nbr_table
                0x0000000000023c6d                rpl_icmp6_dis_output
                0x00000000000242b3                rpl_icmp6_dio_output
                0x0000000000024ab1                rpl_icmp6_dao_output
                0x0000000000024d92                rpl_icmp6_dao_ack_output
                0x0000000000024e02                rpl_icmp6_init
 .text          0x0000000000024e4b      0x264 build/cooja/mtype376.a(rpl-dag-root.o)
                0x0000000000024e4b                rpl_dag_root_print_links
                0x0000000000024f77                rpl_dag_root_set_prefix
                0x0000000000024fa3                rpl_dag_root_start
                0x0000000000025080                rpl_dag_root_is_root
 .text          0x00000000000250af       0x30 build/cooja/mtype376.a(watchdog.o)
                0x00000000000250af                watchdog_init
                0x00000000000250b5                watchdog_start
                0x00000000000250bb                watchdog_periodic
                0x00000000000250d3                watchdog_stop
                0x00000000000250d9                watchdog_reboot
 .text          0x00000000000250df       0x4a build/cooja/mtype376.a(int-master.o)
                0x00000000000250df                int_master_enable
                0x00000000000250ef                int_master_read_and_disable
                0x000000000002510c                int_master_status_set
                0x000000000002511a                int_master_is_enabled
 .text          0x0000000000025129      0x226 build/cooja/mtype376.a(coap-timer-defa)
 .text          0x000000000002534f       0xc7 build/cooja/mtype376.a(stimer.o)
                0x000000000002534f                stimer_set
                0x000000000002536d                stimer_reset
                0x000000000002539a                stimer_restart
                0x00000000000253af                stimer_expired
                0x00000000000253da                stimer_remaining
                0x00000000000253fe                stimer_elapsed
 .text          0x0000000000025416      0x156 build/cooja/mtype376.a(ringbuf.o)
                0x0000000000025416                ringbuf_init
                0x0000000000025448                ringbuf_put
                0x00000000000254c6                ringbuf_get
                0x0000000000025533                ringbuf_size
                0x0000000000025545                ringbuf_elements
 .text          0x000000000002556c       0x1f build/cooja/mtype376.a(assert.o)
                0x000000000002556c                _xassert
 .text          0x000000000002558b      0x79b build/cooja/mtype376.a(nbr-table.o)
                0x0000000000025a04                nbr_table_register
                0x0000000000025a71                nbr_table_is_registered
                0x0000000000025aac                nbr_table_head
                0x0000000000025b07                nbr_table_next
                0x0000000000025b68                nbr_table_add_lladdr
                0x0000000000025c42                nbr_table_get_from_lladdr
                0x0000000000025c8e                nbr_table_remove
                0x0000000000025cc6                nbr_table_lock
                0x0000000000025ce0                nbr_table_unlock
                0x0000000000025cfa                nbr_table_get_lladdr
 .text          0x0000000000025d26      0x3a5 build/cooja/mtype376.a(link-stats.o)
                0x0000000000025d26                link_stats_from_lladdr
                0x0000000000025d42                link_stats_get_lladdr
                0x0000000000025d5e                link_stats_is_fresh
                0x0000000000025d9a                guess_etx_from_rssi
                0x0000000000025e16                link_stats_packet_sent
                0x0000000000025f36                link_stats_input_callback
                0x0000000000026046                link_stats_reset
                0x0000000000026096                link_stats_init
 .text          0x00000000000260cb      0x187 build/cooja/mtype376.a(mac-sequence.o)
                0x00000000000260cb                mac_sequence_is_duplicate
                0x000000000002616b                mac_sequence_register_seqno
 .text          0x0000000000026252       0x23 build/cooja/mtype376.a(mac.o)
                0x0000000000026252                mac_call_sent_callback
 .text          0x0000000000026275      0x432 build/cooja/mtype376.a(framer-802154.o)
                0x0000000000026404                framer_802154_setup_params
 .text          0x00000000000266a7      0xb6f build/cooja/mtype376.a(frame802154.o)
                0x00000000000266d8                frame802154_get_pan_id
                0x00000000000266e4                frame802154_set_pan_id
                0x00000000000266fe                frame802154_has_panid
                0x00000000000268ad                frame802154_check_dest_panid
                0x0000000000026935                frame802154_is_broadcast_addr
                0x0000000000026982                frame802154_extract_linkaddr
                0x0000000000026be7                frame802154_hdrlen
                0x0000000000026c5a                frame802154_create_fcf
                0x0000000000026d12                frame802154_create
                0x0000000000026e87                frame802154_parse_fcf
                0x0000000000026f69                frame802154_parse
 .text          0x0000000000027216       0x2d build/cooja/mtype376.a(csma-security.o)
                0x0000000000027216                csma_security_create_frame
                0x0000000000027234                csma_security_parse_frame
 .text          0x0000000000027243      0x4e4 build/cooja/mtype376.a(uipbuf.o)
                0x0000000000027243                uipbuf_clear
                0x000000000002726a                uipbuf_add_ext_hdr
                0x00000000000272ea                uipbuf_set_len
                0x0000000000027317                uipbuf_set_len_field
                0x0000000000027343                uipbuf_get_len_field
                0x0000000000027363                uipbuf_get_next_header
                0x0000000000027495                uipbuf_get_last_header
                0x000000000002750e                uipbuf_search_header
                0x00000000000275c4                uipbuf_get_attr
                0x00000000000275eb                uipbuf_set_attr
                0x0000000000027622                uipbuf_set_default_attr
                0x0000000000027659                uipbuf_clear_attr
                0x000000000002767d                uipbuf_set_attr_flag
                0x000000000002769e                uipbuf_clr_attr_flag
                0x00000000000276c5                uipbuf_is_attr_flag
                0x00000000000276e9                uipbuf_init
 .text          0x0000000000027727      0x73f build/cooja/mtype376.a(uip-icmp6.o)
                0x000000000002779c                uip_icmp6_input
                0x00000000000277f3                uip_icmp6_register_input_handler
                0x0000000000027946                uip_icmp6_error_output
                0x0000000000027bf7                uip_icmp6_send
                0x0000000000027dee                uip_icmp6_echo_reply_callback_add
                0x0000000000027e20                uip_icmp6_echo_reply_callback_rm
                0x0000000000027e3d                uip_icmp6_init
 .text          0x0000000000027e66      0x69b build/cooja/mtype376.a(uip-sr.o)
                0x0000000000027e66                uip_sr_num_nodes
                0x0000000000027ef4                uip_sr_get_node
                0x0000000000027f4b                uip_sr_is_addr_reachable
                0x0000000000027ff9                uip_sr_expire_parent
                0x0000000000028042                uip_sr_update_node
                0x0000000000028172                uip_sr_init
                0x00000000000281a6                uip_sr_node_head
                0x00000000000281bf                uip_sr_node_next
                0x00000000000281d5                uip_sr_periodic
                0x00000000000282db                uip_sr_free_all
                0x000000000002834b                uip_sr_link_snprint
 .text          0x0000000000028501      0x146 build/cooja/mtype376.a(uip-packetqueue)
                0x000000000002852f                uip_packetqueue_new
                0x000000000002853e                uip_packetqueue_alloc
                0x0000000000028599                uip_packetqueue_free
                0x00000000000285e0                uip_packetqueue_buf
                0x00000000000285fd                uip_packetqueue_buflen
                0x000000000002861e                uip_packetqueue_set_buflen
 .text          0x0000000000028647      0x1b0 build/cooja/mtype376.a(rpl-nbr-policy.)
                0x00000000000287b4                rpl_nbr_policy_find_removable
 .text          0x00000000000287f7      0x915 build/cooja/mtype376.a(rpl-neighbor.o)
                0x0000000000028873                rpl_neighbor_snprint
                0x0000000000028b26                rpl_neighbor_print_list
                0x0000000000028bdb                rpl_neighbor_count
                0x0000000000028c82                rpl_neighbor_get_from_lladdr
                0x0000000000028c9e                rpl_neighbor_is_acceptable_parent
                0x0000000000028cd2                rpl_neighbor_get_link_metric
                0x0000000000028d06                rpl_neighbor_rank_via_nbr
                0x0000000000028d3a                rpl_neighbor_get_lladdr
                0x0000000000028d56                rpl_neighbor_get_ipaddr
                0x0000000000028d7d                rpl_neighbor_get_link_stats
                0x0000000000028da4                rpl_neighbor_is_fresh
                0x0000000000028dcb                rpl_neighbor_is_reachable
                0x0000000000028e16                rpl_neighbor_is_parent
                0x0000000000028e40                rpl_neighbor_set_preferred_parent
                0x0000000000028ed7                rpl_neighbor_remove_all
                0x0000000000028f33                rpl_neighbor_get_from_ipaddr
                0x0000000000029041                rpl_neighbor_select_best
                0x00000000000290ed                rpl_neighbor_init
 .text          0x000000000002910c      0xe69 build/cooja/mtype376.a(rpl-dag.o)
                0x000000000002910c                rpl_dag_state_to_str
                0x000000000002914b                rpl_dag_get_root_ipaddr
                0x0000000000029193                rpl_dag_leave
                0x000000000002921c                rpl_dag_poison_and_leave
                0x0000000000029234                rpl_dag_periodic
                0x00000000000292bc                rpl_is_addr_in_our_dag
                0x0000000000029300                rpl_get_default_instance
                0x000000000002931c                rpl_get_any_dag
                0x0000000000029375                rpl_refresh_routes
                0x00000000000293b5                rpl_global_repair
                0x000000000002944e                rpl_local_repair
                0x0000000000029498                rpl_dag_ready_to_advertise
                0x00000000000294db                rpl_dag_update_state
                0x0000000000029c08                rpl_process_dio
                0x0000000000029c86                rpl_process_dis
                0x0000000000029ccb                rpl_process_dao
                0x0000000000029d5a                rpl_process_dao_ack
                0x0000000000029df1                rpl_process_hbh
                0x0000000000029e41                rpl_dag_init_root
                0x0000000000029f55                rpl_dag_init
 .text          0x0000000000029f75      0x9e7 build/cooja/mtype376.a(rpl-timers.o)
                0x0000000000029f75                rpl_timers_schedule_periodic_dis
                0x000000000002a0c3                rpl_timers_dio_reset
                0x000000000002a1d1                rpl_timers_schedule_unicast_dio
                0x000000000002a325                rpl_timers_schedule_dao
                0x000000000002a3e4                rpl_timers_schedule_dao_ack
                0x000000000002a46a                rpl_timers_notify_dao_ack
                0x000000000002a4c8                get_probing_delay
                0x000000000002a4fc                get_probing_target
                0x000000000002a6e6                rpl_schedule_probing
                0x000000000002a714                rpl_schedule_probing_now
                0x000000000002a77e                rpl_timers_unschedule_leaving
                0x000000000002a7b6                rpl_timers_schedule_leaving
                0x000000000002a7f7                rpl_timers_init
                0x000000000002a887                rpl_timers_stop_dag_timers
                0x000000000002a900                rpl_timers_unschedule_state_update
                0x000000000002a924                rpl_timers_schedule_state_update
 .text          0x000000000002a95c      0xb8e build/cooja/mtype376.a(rpl-ext-header.)
                0x000000000002a95c                rpl_ext_header_srh_get_next_hop
                0x000000000002aa43                rpl_ext_header_srh_update
                0x000000000002afaf                rpl_ext_header_hbh_update
                0x000000000002b2af                rpl_ext_header_update
                0x000000000002b338                rpl_ext_header_remove
 .text          0x000000000002b4ea      0x31b build/cooja/mtype376.a(rpl-mrhof.o)
 *fill*         0x000000000002b805        0xb 
 .text          0x000000000002b810      0x122 /usr/lib/gcc/i686-linux-gnu/5/libgcc.a(_udivdi3.o)
                0x000000000002b810                __udivdi3
 .text          0x000000000002b932        0x0 /usr/lib/gcc/i686-linux-gnu/5/crtendS.o
 .text          0x000000000002b932        0x0 /usr/lib/gcc/i686-linux-gnu/5/../../../i386-linux-gnu/crtn.o
 *(.gnu.warning)

.fini           0x000000000002b934       0x14
 *(SORT(.fini))
 .fini          0x000000000002b934        0xf /usr/lib/gcc/i686-linux-gnu/5/../../../i386-linux-gnu/crti.o
                0x000000000002b934                _fini
 .fini          0x000000000002b943        0x5 /usr/lib/gcc/i686-linux-gnu/5/../../../i386-linux-gnu/crtn.o
                [!provide]                        PROVIDE (__etext, .)
                [!provide]                        PROVIDE (_etext, .)
                [!provide]                        PROVIDE (etext, .)

.rodata         0x000000000002b960      0xfeb
 *(.rodata .rodata.* .gnu.linkonce.r.*)
 .rodata        0x000000000002b960      0x485 coap_server_led.o
                0x000000000002b9dc                autostart_processes
 *fill*         0x000000000002bde5        0x3 
 .rodata        0x000000000002bde8        0x8 build/cooja/mtype376.a(beep.o)
                0x000000000002bde8                beep_interface
 .rodata        0x000000000002bdf0        0xe build/cooja/mtype376.a(leds-arch.o)
                0x000000000002bdf0                leds_interface
                0x000000000002bdf8                leds_arch_leds
 *fill*         0x000000000002bdfe        0x2 
 .rodata        0x000000000002be00        0x8 build/cooja/mtype376.a(moteid.o)
                0x000000000002be00                moteid_interface
 .rodata        0x000000000002be08       0x1c build/cooja/mtype376.a(pir-sensor.o)
                0x000000000002be08                pir_interface
                0x000000000002be14                pir_sensor
 .rodata        0x000000000002be24        0xe build/cooja/mtype376.a(rs232.o)
                0x000000000002be24                rs232_interface
 *fill*         0x000000000002be32        0x2 
 .rodata        0x000000000002be34       0x24 build/cooja/mtype376.a(vib-sensor.o)
                0x000000000002be34                vib_interface
                0x000000000002be48                vib_sensor
 .rodata        0x000000000002be58        0x8 build/cooja/mtype376.a(clock.o)
                0x000000000002be58                clock_interface
 .rodata        0x000000000002be60        0x8 build/cooja/mtype376.a(cooja-log.o)
                0x000000000002be60                simlog_interface
 .rodata        0x000000000002be68       0x2f build/cooja/mtype376.a(cfs-cooja.o)
                0x000000000002be68                cfs_interface
 *fill*         0x000000000002be97        0x9 
 .rodata        0x000000000002bea0       0xb8 build/cooja/mtype376.a(cooja-radio.o)
                0x000000000002bea0                radio_interface
                0x000000000002bf20                cooja_radio_driver
 .rodata        0x000000000002bf58        0x8 build/cooja/mtype376.a(eeprom.o)
                0x000000000002bf58                eeprom_interface
 .rodata        0x000000000002bf60        0x8 build/cooja/mtype376.a(sensors.o)
 .rodata        0x000000000002bf68       0x2c build/cooja/mtype376.a(buttons.o)
                0x000000000002bf68                button_interface
                0x000000000002bf7c                button_hal_button_count
                0x000000000002bf84                button_sensor
 .rodata        0x000000000002bf94       0x9d build/cooja/mtype376.a(res-sensors.o)
 *fill*         0x000000000002c031        0x3 
 .rodata        0x000000000002c034       0xf7 build/cooja/mtype376.a(res-leds.o)
 .rodata        0x000000000002c12b       0x41 build/cooja/mtype376.a(coap-engine.o)
 .rodata        0x000000000002c16c       0x19 build/cooja/mtype376.a(coap-res-well-k)
 .rodata        0x000000000002c185       0x11 build/cooja/mtype376.a(coap-observe.o)
 .rodata        0x000000000002c196       0x35 build/cooja/mtype376.a(coap-uip.o)
 *fill*         0x000000000002c1cb        0x1 
 .rodata        0x000000000002c1cc      0x1ac build/cooja/mtype376.a(coap.o)
 .rodata        0x000000000002c378       0xf8 build/cooja/mtype376.a(contiki-main.o)
 .rodata        0x000000000002c470        0xf build/cooja/mtype376.a(ctimer.o)
 *fill*         0x000000000002c47f        0x1 
 .rodata        0x000000000002c480       0xc4 build/cooja/mtype376.a(log.o)
 .rodata        0x000000000002c544        0xc build/cooja/mtype376.a(etimer.o)
 .rodata        0x000000000002c550       0x13 build/cooja/mtype376.a(button-hal.o)
 .rodata        0x000000000002c563        0xe build/cooja/mtype376.a(serial-line.o)
 *fill*         0x000000000002c571        0x3 
 .rodata        0x000000000002c574        0x8 build/cooja/mtype376.a(linkaddr.o)
                0x000000000002c574                linkaddr_null
 .rodata        0x000000000002c57c       0x24 build/cooja/mtype376.a(csma.o)
                0x000000000002c584                csma_driver
 .rodata        0x000000000002c5a0       0x24 build/cooja/mtype376.a(csma-output.o)
 .rodata        0x000000000002c5c4       0xb9 build/cooja/mtype376.a(uip-ds6-route.o)
 .rodata        0x000000000002c67d        0xd build/cooja/mtype376.a(tcpip.o)
 *fill*         0x000000000002c68a        0x2 
 .rodata        0x000000000002c68c       0x30 build/cooja/mtype376.a(sicslowpan.o)
                0x000000000002c68c                unc_llconf
                0x000000000002c690                unc_ctxconf
                0x000000000002c694                unc_mxconf
                0x000000000002c698                llprefix
                0x000000000002c6ac                sicslowpan_driver
 .rodata        0x000000000002c6bc       0x2d build/cooja/mtype376.a(uiplib.o)
 *fill*         0x000000000002c6e9       0x17 
 .rodata        0x000000000002c700       0x74 build/cooja/mtype376.a(rpl.o)
                0x000000000002c720                rpl_lite_driver
 .rodata        0x000000000002c774       0x20 build/cooja/mtype376.a(coap-timer-defa)
                0x000000000002c788                coap_timer_default_driver
 .rodata        0x000000000002c794       0x25 build/cooja/mtype376.a(assert.o)
 *fill*         0x000000000002c7b9        0x3 
 .rodata        0x000000000002c7bc        0xc build/cooja/mtype376.a(framer-802154.o)
                0x000000000002c7bc                framer_802154
 .rodata        0x000000000002c7c8       0x44 build/cooja/mtype376.a(uip-sr.o)
 .rodata        0x000000000002c80c       0x58 build/cooja/mtype376.a(rpl-neighbor.o)
 .rodata        0x000000000002c864       0xdb build/cooja/mtype376.a(rpl-dag.o)
 .rodata        0x000000000002c93f        0xc build/cooja/mtype376.a(rpl-timers.o)

.rodata1
 *(.rodata1)

.eh_frame_hdr   0x000000000002c94c     0x1a4c
 *(.eh_frame_hdr)
 .eh_frame_hdr  0x000000000002c94c     0x1a4c coap_server_led.o
                0x000000000002c94c                __GNU_EH_FRAME_HDR
 *(.eh_frame_entry .eh_frame_entry.*)

.eh_frame       0x000000000002e398     0x6aac
 *(.eh_frame)
 .eh_frame      0x000000000002e398       0x3c /usr/lib/gcc/i686-linux-gnu/5/../../../i386-linux-gnu/crti.o
                                         0x40 (size before relaxing)
 .eh_frame      0x000000000002e3d4      0x140 coap_server_led.o
                                        0x158 (size before relaxing)
 .eh_frame      0x000000000002e514      0x178 build/cooja/mtype376.o
                                        0x190 (size before relaxing)
 .eh_frame      0x000000000002e68c       0x40 build/cooja/mtype376.a(simEnvChange.o)
                                         0x58 (size before relaxing)
 .eh_frame      0x000000000002e6cc       0x60 build/cooja/mtype376.a(cooja_mt.o)
                                         0x78 (size before relaxing)
 .eh_frame      0x000000000002e72c       0x80 build/cooja/mtype376.a(cooja_mtarch.o)
                                         0x98 (size before relaxing)
 .eh_frame      0x000000000002e7ac       0xc8 build/cooja/mtype376.a(rtimer-arch.o)
                                         0xe0 (size before relaxing)
 .eh_frame      0x000000000002e874      0x160 build/cooja/mtype376.a(beep.o)
                                        0x178 (size before relaxing)
 .eh_frame      0x000000000002e9d4       0x80 build/cooja/mtype376.a(leds-arch.o)
                                         0x98 (size before relaxing)
 .eh_frame      0x000000000002ea54       0x40 build/cooja/mtype376.a(moteid.o)
                                         0x58 (size before relaxing)
 .eh_frame      0x000000000002ea94       0xa0 build/cooja/mtype376.a(pir-sensor.o)
                                         0xb8 (size before relaxing)
 .eh_frame      0x000000000002eb34      0x100 build/cooja/mtype376.a(rs232.o)
                                        0x118 (size before relaxing)
 .eh_frame      0x000000000002ec34       0xa0 build/cooja/mtype376.a(vib-sensor.o)
                                         0xb8 (size before relaxing)
 .eh_frame      0x000000000002ecd4       0xc0 build/cooja/mtype376.a(clock.o)
                                         0xd8 (size before relaxing)
 .eh_frame      0x000000000002ed94      0x120 build/cooja/mtype376.a(cooja-log.o)
                                        0x138 (size before relaxing)
 .eh_frame      0x000000000002eeb4      0x160 build/cooja/mtype376.a(cfs-cooja.o)
                                        0x178 (size before relaxing)
 .eh_frame      0x000000000002f014      0x340 build/cooja/mtype376.a(cooja-radio.o)
                                        0x358 (size before relaxing)
 .eh_frame      0x000000000002f354       0xa0 build/cooja/mtype376.a(eeprom.o)
                                         0xb8 (size before relaxing)
 .eh_frame      0x000000000002f3f4       0x40 build/cooja/mtype376.a(random.o)
                                         0x58 (size before relaxing)
 .eh_frame      0x000000000002f434       0xc0 build/cooja/mtype376.a(sensors.o)
                                         0xd8 (size before relaxing)
 .eh_frame      0x000000000002f4f4      0x120 build/cooja/mtype376.a(leds.o)
                                        0x138 (size before relaxing)
 .eh_frame      0x000000000002f614      0x220 build/cooja/mtype376.a(gpio-hal-arch.o)
                                        0x238 (size before relaxing)
 .eh_frame      0x000000000002f834       0xa0 build/cooja/mtype376.a(buttons.o)
                                         0xb8 (size before relaxing)
 .eh_frame      0x000000000002f8d4       0x24 build/cooja/mtype376.a(res-sensors.o)
                                         0x3c (size before relaxing)
 .eh_frame      0x000000000002f8f8       0x40 build/cooja/mtype376.a(res-leds.o)
                                         0x58 (size before relaxing)
 .eh_frame      0x000000000002f938       0x44 build/cooja/mtype376.a(coap-blocking-a)
                                         0x5c (size before relaxing)
 .eh_frame      0x000000000002f97c      0x220 build/cooja/mtype376.a(coap-engine.o)
                                        0x238 (size before relaxing)
 .eh_frame      0x000000000002fb9c       0x24 build/cooja/mtype376.a(coap-res-well-k)
                                         0x3c (size before relaxing)
 .eh_frame      0x000000000002fbc0      0x188 build/cooja/mtype376.a(coap-observe.o)
                                        0x1a0 (size before relaxing)
 .eh_frame      0x000000000002fd48      0x250 build/cooja/mtype376.a(coap-uip.o)
                                        0x268 (size before relaxing)
 .eh_frame      0x000000000002ff98      0x114 build/cooja/mtype376.a(coap-timer.o)
                                        0x12c (size before relaxing)
 .eh_frame      0x00000000000300ac      0x100 build/cooja/mtype376.a(coap-transactio)
                                        0x118 (size before relaxing)
 .eh_frame      0x00000000000301ac      0x6ec build/cooja/mtype376.a(coap.o)
                                        0x704 (size before relaxing)
 .eh_frame      0x0000000000030898       0x30 build/cooja/mtype376.a(contiki-main.o)
                                         0x48 (size before relaxing)
 .eh_frame      0x00000000000308c8       0x40 build/cooja/mtype376.a(autostart.o)
                                         0x58 (size before relaxing)
 .eh_frame      0x0000000000030908      0x100 build/cooja/mtype376.a(ctimer.o)
                                        0x118 (size before relaxing)
 .eh_frame      0x0000000000030a08      0x100 build/cooja/mtype376.a(log.o)
                                        0x118 (size before relaxing)
 .eh_frame      0x0000000000030b08       0x60 build/cooja/mtype376.a(energest.o)
                                         0x78 (size before relaxing)
 .eh_frame      0x0000000000030b68      0x1e0 build/cooja/mtype376.a(etimer.o)
                                        0x1f8 (size before relaxing)
 .eh_frame      0x0000000000030d48       0x20 build/cooja/mtype376.a(node-id.o)
                                         0x38 (size before relaxing)
 .eh_frame      0x0000000000030d68       0x60 build/cooja/mtype376.a(rtimer.o)
                                         0x78 (size before relaxing)
 .eh_frame      0x0000000000030dc8      0x1c4 build/cooja/mtype376.a(process.o)
                                        0x1dc (size before relaxing)
 .eh_frame      0x0000000000030f8c       0xa4 build/cooja/mtype376.a(timer.o)
                                         0xbc (size before relaxing)
 .eh_frame      0x0000000000031030      0x1a0 build/cooja/mtype376.a(list.o)
                                        0x1b8 (size before relaxing)
 .eh_frame      0x00000000000311d0       0xa0 build/cooja/mtype376.a(memb.o)
                                         0xb8 (size before relaxing)
 .eh_frame      0x0000000000031270      0x144 build/cooja/mtype376.a(button-hal.o)
                                        0x15c (size before relaxing)
 .eh_frame      0x00000000000313b4       0x60 build/cooja/mtype376.a(serial-line.o)
                                         0x78 (size before relaxing)
 .eh_frame      0x0000000000031414       0xe0 build/cooja/mtype376.a(gpio-hal.o)
                                         0xf8 (size before relaxing)
 .eh_frame      0x00000000000314f4      0x1a0 build/cooja/mtype376.a(queuebuf.o)
                                        0x1b8 (size before relaxing)
 .eh_frame      0x0000000000031694      0x28c build/cooja/mtype376.a(packetbuf.o)
                                        0x2a4 (size before relaxing)
 .eh_frame      0x0000000000031920       0x80 build/cooja/mtype376.a(netstack.o)
                                         0x98 (size before relaxing)
 .eh_frame      0x00000000000319a0       0x60 build/cooja/mtype376.a(linkaddr.o)
                                         0x78 (size before relaxing)
 .eh_frame      0x0000000000031a00       0xe0 build/cooja/mtype376.a(csma.o)
                                         0xf8 (size before relaxing)
 .eh_frame      0x0000000000031ae0      0x1d0 build/cooja/mtype376.a(csma-output.o)
                                        0x1e8 (size before relaxing)
 .eh_frame      0x0000000000031cb0      0x328 build/cooja/mtype376.a(uip-ds6.o)
                                        0x340 (size before relaxing)
 .eh_frame      0x0000000000031fd8       0x40 build/cooja/mtype376.a(uip-udp-packet.)
                                         0x58 (size before relaxing)
 .eh_frame      0x0000000000032018      0x2e0 build/cooja/mtype376.a(uip-ds6-route.o)
                                        0x2f8 (size before relaxing)
 .eh_frame      0x00000000000322f8      0x244 build/cooja/mtype376.a(tcpip.o)
                                        0x25c (size before relaxing)
 .eh_frame      0x000000000003253c      0x1e8 build/cooja/mtype376.a(uip6.o)
                                        0x200 (size before relaxing)
 .eh_frame      0x0000000000032724      0x1c0 build/cooja/mtype376.a(uip-ds6-nbr.o)
                                        0x1d8 (size before relaxing)
 .eh_frame      0x00000000000328e4       0x84 build/cooja/mtype376.a(uip-nd6.o)
                                         0x9c (size before relaxing)
 .eh_frame      0x0000000000032968      0x2f8 build/cooja/mtype376.a(sicslowpan.o)
                                        0x310 (size before relaxing)
 .eh_frame      0x0000000000032c60       0x88 build/cooja/mtype376.a(uiplib.o)
                                         0xa0 (size before relaxing)
 .eh_frame      0x0000000000032ce8      0x1e0 build/cooja/mtype376.a(rpl.o)
                                        0x1f8 (size before relaxing)
 .eh_frame      0x0000000000032ec8      0x1c4 build/cooja/mtype376.a(rpl-icmp6.o)
                                        0x1dc (size before relaxing)
 .eh_frame      0x000000000003308c       0xa0 build/cooja/mtype376.a(rpl-dag-root.o)
                                         0xb8 (size before relaxing)
 .eh_frame      0x000000000003312c       0xa0 build/cooja/mtype376.a(watchdog.o)
                                         0xb8 (size before relaxing)
 .eh_frame      0x00000000000331cc       0x80 build/cooja/mtype376.a(int-master.o)
                                         0x98 (size before relaxing)
 .eh_frame      0x000000000003324c       0xa4 build/cooja/mtype376.a(coap-timer-defa)
                                         0xbc (size before relaxing)
 .eh_frame      0x00000000000332f0       0xc4 build/cooja/mtype376.a(stimer.o)
                                         0xdc (size before relaxing)
 .eh_frame      0x00000000000333b4       0xa0 build/cooja/mtype376.a(ringbuf.o)
                                         0xb8 (size before relaxing)
 .eh_frame      0x0000000000033454       0x20 build/cooja/mtype376.a(assert.o)
                                         0x38 (size before relaxing)
 .eh_frame      0x0000000000033474      0x2ac build/cooja/mtype376.a(nbr-table.o)
                                        0x2c4 (size before relaxing)
 .eh_frame      0x0000000000033720      0x120 build/cooja/mtype376.a(link-stats.o)
                                        0x138 (size before relaxing)
 .eh_frame      0x0000000000033840       0x48 build/cooja/mtype376.a(mac-sequence.o)
                                         0x60 (size before relaxing)
 .eh_frame      0x0000000000033888       0x20 build/cooja/mtype376.a(mac.o)
                                         0x38 (size before relaxing)
 .eh_frame      0x00000000000338a8       0xa4 build/cooja/mtype376.a(framer-802154.o)
                                         0xbc (size before relaxing)
 .eh_frame      0x000000000003394c      0x1a4 build/cooja/mtype376.a(frame802154.o)
                                        0x1bc (size before relaxing)
 .eh_frame      0x0000000000033af0       0x40 build/cooja/mtype376.a(csma-security.o)
                                         0x58 (size before relaxing)
 .eh_frame      0x0000000000033b30      0x200 build/cooja/mtype376.a(uipbuf.o)
                                        0x218 (size before relaxing)
 .eh_frame      0x0000000000033d30      0x150 build/cooja/mtype376.a(uip-icmp6.o)
                                        0x168 (size before relaxing)
 .eh_frame      0x0000000000033e80      0x184 build/cooja/mtype376.a(uip-sr.o)
                                        0x19c (size before relaxing)
 .eh_frame      0x0000000000034004       0xe0 build/cooja/mtype376.a(uip-packetqueue)
                                         0xf8 (size before relaxing)
 .eh_frame      0x00000000000340e4       0x80 build/cooja/mtype376.a(rpl-nbr-policy.)
                                         0x98 (size before relaxing)
 .eh_frame      0x0000000000034164      0x2d4 build/cooja/mtype376.a(rpl-neighbor.o)
                                        0x2ec (size before relaxing)
 .eh_frame      0x0000000000034438      0x370 build/cooja/mtype376.a(rpl-dag.o)
                                        0x388 (size before relaxing)
 .eh_frame      0x00000000000347a8      0x3a8 build/cooja/mtype376.a(rpl-timers.o)
                                        0x3c0 (size before relaxing)
 .eh_frame      0x0000000000034b50      0x124 build/cooja/mtype376.a(rpl-ext-header.)
                                        0x13c (size before relaxing)
 .eh_frame      0x0000000000034c74      0x148 build/cooja/mtype376.a(rpl-mrhof.o)
                                        0x160 (size before relaxing)
 .eh_frame      0x0000000000034dbc       0x84 /usr/lib/gcc/i686-linux-gnu/5/libgcc.a(_udivdi3.o)
                                         0x9c (size before relaxing)
 .eh_frame      0x0000000000034e40        0x4 /usr/lib/gcc/i686-linux-gnu/5/crtendS.o
 *(.eh_frame.*)

.gcc_except_table
 *(.gcc_except_table .gcc_except_table.*)

.gnu_extab
 *(.gnu_extab*)

.exception_ranges
 *(.exception_ranges .exception_ranges*)
                0x0000000000035f10                . = DATA_SEGMENT_ALIGN (0x1000, 0x1000)

.eh_frame
 *(.eh_frame)
 *(.eh_frame.*)

.gnu_extab
 *(.gnu_extab)

.gcc_except_table
 *(.gcc_except_table .gcc_except_table.*)

.exception_ranges
 *(.exception_ranges .exception_ranges*)

.tdata
 *(.tdata .tdata.* .gnu.linkonce.td.*)

.tbss
 *(.tbss .tbss.* .gnu.linkonce.tb.*)
 *(.tcommon)

.preinit_array
 *(.preinit_array)

.init_array     0x0000000000035f10        0x4
 *(SORT(.init_array.*) SORT(.ctors.*))
 *(.init_array EXCLUDE_FILE(*crtend?.o *crtend.o *crtbegin?.o *crtbegin.o) .ctors)
 .init_array    0x0000000000035f10        0x4 /usr/lib/gcc/i686-linux-gnu/5/crtbeginS.o

.fini_array     0x0000000000035f14        0x4
 *(SORT(.fini_array.*) SORT(.dtors.*))
 *(.fini_array EXCLUDE_FILE(*crtend?.o *crtend.o *crtbegin?.o *crtbegin.o) .dtors)
 .fini_array    0x0000000000035f14        0x4 /usr/lib/gcc/i686-linux-gnu/5/crtbeginS.o

.ctors
 *crtbegin.o(.ctors)
 *crtbegin?.o(.ctors)
 *(EXCLUDE_FILE(*crtend?.o *crtend.o) .ctors)
 *(SORT(.ctors.*))
 *(.ctors)

.dtors
 *crtbegin.o(.dtors)
 *crtbegin?.o(.dtors)
 *(EXCLUDE_FILE(*crtend?.o *crtend.o) .dtors)
 *(SORT(.dtors.*))
 *(.dtors)

.jcr            0x0000000000035f18        0x4
 *(.jcr)
 .jcr           0x0000000000035f18        0x0 /usr/lib/gcc/i686-linux-gnu/5/crtbeginS.o
 .jcr           0x0000000000035f18        0x4 /usr/lib/gcc/i686-linux-gnu/5/crtendS.o

.data.rel.ro
 *(.data.rel.ro.local* .gnu.linkonce.d.rel.ro.local.*)
 *(.data.rel.ro .data.rel.ro.* .gnu.linkonce.d.rel.ro.*)

.dynamic        0x0000000000035f1c       0xd0
 *(.dynamic)
 .dynamic       0x0000000000035f1c       0xd0 /usr/lib/gcc/i686-linux-gnu/5/../../../i386-linux-gnu/crti.o
                0x0000000000035f1c                _DYNAMIC

.got            0x0000000000035fec       0x14
 *(.got)
 .got           0x0000000000035fec       0x14 /usr/lib/gcc/i686-linux-gnu/5/../../../i386-linux-gnu/crti.o
 *(.igot)
                0x0000000000036ff4                . = DATA_SEGMENT_RELRO_END (., (SIZEOF (.got.plt) >= 0xc)?0xc:0x0)

.got.plt        0x0000000000036000        0xc
 *(.got.plt)
 .got.plt       0x0000000000036000        0xc /usr/lib/gcc/i686-linux-gnu/5/../../../i386-linux-gnu/crti.o
                0x0000000000036000                _GLOBAL_OFFSET_TABLE_
 *(.igot.plt)

.data           0x0000000000036020      0x524
 *(.data .data.* .gnu.linkonce.d.*)
 .data          0x0000000000036020        0x0 /usr/lib/gcc/i686-linux-gnu/5/../../../i386-linux-gnu/crti.o
 .data          0x0000000000036020        0x0 /usr/lib/gcc/i686-linux-gnu/5/crtbeginS.o
 .data.rel.local
                0x0000000000036020        0x4 /usr/lib/gcc/i686-linux-gnu/5/crtbeginS.o
                0x0000000000036020                __dso_handle
 .data          0x0000000000036024       0x64 coap_server_led.o
                0x0000000000036024                stream_sensors
                0x0000000000036028                contiki_ng_coap_actuator
                0x0000000000036038                proxy_server_registration
                0x0000000000036048                collect_sensors_from_lookup
                0x0000000000036058                closed_loop_simulation
                0x0000000000036068                temperature_posting
                0x0000000000036078                scheduler
 *fill*         0x0000000000036088       0x18 
 .data          0x00000000000360a0       0x44 build/cooja/mtype376.o
                0x00000000000360a0                simInterfaces
                0x00000000000360d4                sensors
 .data          0x00000000000360e4        0x0 build/cooja/mtype376.a(simEnvChange.o)
 .data          0x00000000000360e4        0x0 build/cooja/mtype376.a(cooja_mt.o)
 .data          0x00000000000360e4        0x0 build/cooja/mtype376.a(cooja_mtarch.o)
 .data          0x00000000000360e4        0x0 build/cooja/mtype376.a(rtimer-arch.o)
 .data          0x00000000000360e4        0x0 build/cooja/mtype376.a(beep.o)
 .data          0x00000000000360e4        0x0 build/cooja/mtype376.a(leds-arch.o)
 .data          0x00000000000360e4        0x0 build/cooja/mtype376.a(moteid.o)
 .data          0x00000000000360e4        0x0 build/cooja/mtype376.a(pir-sensor.o)
 .data          0x00000000000360e4        0x0 build/cooja/mtype376.a(rs232.o)
 .data          0x00000000000360e4        0x0 build/cooja/mtype376.a(vib-sensor.o)
 .data          0x00000000000360e4        0x0 build/cooja/mtype376.a(clock.o)
 .data          0x00000000000360e4        0x0 build/cooja/mtype376.a(cooja-log.o)
 .data          0x00000000000360e4        0x0 build/cooja/mtype376.a(cfs-cooja.o)
 .data          0x00000000000360e4       0x2c build/cooja/mtype376.a(cooja-radio.o)
                0x00000000000360e4                simRadioHWOn
                0x00000000000360e8                simSignalStrength
                0x00000000000360ec                simLastSignalStrength
                0x00000000000360f0                simPower
                0x00000000000360f4                simRadioChannel
                0x00000000000360f8                simLQI
                0x0000000000036100                cooja_radio_process
 .data          0x0000000000036110        0x0 build/cooja/mtype376.a(eeprom.o)
 .data          0x0000000000036110        0x0 build/cooja/mtype376.a(random.o)
 .data          0x0000000000036110       0x10 build/cooja/mtype376.a(sensors.o)
                0x0000000000036110                sensors_process
 .data          0x0000000000036120        0x0 build/cooja/mtype376.a(leds.o)
 .data          0x0000000000036120        0x0 build/cooja/mtype376.a(gpio-hal-arch.o)
 .data          0x0000000000036120       0x78 build/cooja/mtype376.a(buttons.o)
                0x0000000000036120                simButtonIsActive
                0x0000000000036190                button_hal_buttons
 *fill*         0x0000000000036198        0x8 
 .data          0x00000000000361a0       0x24 build/cooja/mtype376.a(res-sensors.o)
                0x00000000000361a0                res_sensors
 *fill*         0x00000000000361c4       0x1c 
 .data          0x00000000000361e0       0x24 build/cooja/mtype376.a(res-leds.o)
                0x00000000000361e0                res_leds
 .data          0x0000000000036204        0x0 build/cooja/mtype376.a(coap-blocking-a)
 .data          0x0000000000036204        0x8 build/cooja/mtype376.a(coap-engine.o)
 *fill*         0x000000000003620c       0x14 
 .data          0x0000000000036220       0x24 build/cooja/mtype376.a(coap-res-well-k)
                0x0000000000036220                res_well_known_core
 .data          0x0000000000036244       0x10 build/cooja/mtype376.a(coap-observe.o)
 .data          0x0000000000036254       0x10 build/cooja/mtype376.a(coap-uip.o)
                0x0000000000036254                coap_engine
 .data          0x0000000000036264        0x4 build/cooja/mtype376.a(coap-timer.o)
 .data          0x0000000000036268       0x10 build/cooja/mtype376.a(coap-transactio)
 .data          0x0000000000036278        0x4 build/cooja/mtype376.a(coap.o)
                0x0000000000036278                coap_error_message
 .data          0x000000000003627c        0x0 build/cooja/mtype376.a(contiki-main.o)
 .data          0x000000000003627c        0x0 build/cooja/mtype376.a(autostart.o)
 .data          0x000000000003627c       0x14 build/cooja/mtype376.a(ctimer.o)
                0x0000000000036280                ctimer_process
 *fill*         0x0000000000036290       0x10 
 .data          0x00000000000362a0       0xbc build/cooja/mtype376.a(log.o)
                0x00000000000362a0                curr_log_level_main
                0x00000000000362c0                all_modules
 .data          0x000000000003635c        0x0 build/cooja/mtype376.a(energest.o)
 .data          0x000000000003635c       0x10 build/cooja/mtype376.a(etimer.o)
                0x000000000003635c                etimer_process
 .data          0x000000000003636c        0x0 build/cooja/mtype376.a(node-id.o)
 .data          0x000000000003636c        0x0 build/cooja/mtype376.a(rtimer.o)
 .data          0x000000000003636c        0x0 build/cooja/mtype376.a(process.o)
 .data          0x000000000003636c        0x0 build/cooja/mtype376.a(timer.o)
 .data          0x000000000003636c        0x0 build/cooja/mtype376.a(list.o)
 .data          0x000000000003636c        0x0 build/cooja/mtype376.a(memb.o)
 .data          0x000000000003636c       0x10 build/cooja/mtype376.a(button-hal.o)
                0x000000000003636c                button_hal_process
 .data          0x000000000003637c       0x10 build/cooja/mtype376.a(serial-line.o)
                0x000000000003637c                serial_line_process
 .data          0x000000000003638c        0x4 build/cooja/mtype376.a(gpio-hal.o)
 .data          0x0000000000036390       0x18 build/cooja/mtype376.a(queuebuf.o)
 .data          0x00000000000363a8        0x4 build/cooja/mtype376.a(packetbuf.o)
 .data          0x00000000000363ac        0x4 build/cooja/mtype376.a(netstack.o)
 .data          0x00000000000363b0        0x0 build/cooja/mtype376.a(linkaddr.o)
 .data          0x00000000000363b0        0x0 build/cooja/mtype376.a(csma.o)
 .data          0x00000000000363b0       0x28 build/cooja/mtype376.a(csma-output.o)
 .data          0x00000000000363d8        0x0 build/cooja/mtype376.a(uip-ds6.o)
 .data          0x00000000000363d8        0x0 build/cooja/mtype376.a(uip-udp-packet.)
 .data          0x00000000000363d8       0x44 build/cooja/mtype376.a(uip-ds6-route.o)
                0x00000000000363e8                nbr_routes
 .data          0x000000000003641c       0x10 build/cooja/mtype376.a(tcpip.o)
                0x000000000003641c                tcpip_process
 .data          0x000000000003642c        0x0 build/cooja/mtype376.a(uip6.o)
 .data          0x000000000003642c       0x14 build/cooja/mtype376.a(uip-ds6-nbr.o)
 .data          0x0000000000036440        0xc build/cooja/mtype376.a(uip-nd6.o)
 .data          0x000000000003644c        0x0 build/cooja/mtype376.a(sicslowpan.o)
 .data          0x000000000003644c        0x0 build/cooja/mtype376.a(uiplib.o)
 .data          0x000000000003644c        0x0 build/cooja/mtype376.a(rpl.o)
 .data          0x000000000003644c       0x30 build/cooja/mtype376.a(rpl-icmp6.o)
 .data          0x000000000003647c        0x0 build/cooja/mtype376.a(rpl-dag-root.o)
 .data          0x000000000003647c        0x0 build/cooja/mtype376.a(watchdog.o)
 .data          0x000000000003647c        0x0 build/cooja/mtype376.a(int-master.o)
 .data          0x000000000003647c       0x10 build/cooja/mtype376.a(coap-timer-defa)
                0x000000000003647c                coap_timer_process
 .data          0x000000000003648c        0x0 build/cooja/mtype376.a(stimer.o)
 .data          0x000000000003648c        0x0 build/cooja/mtype376.a(ringbuf.o)
 .data          0x000000000003648c        0x0 build/cooja/mtype376.a(assert.o)
 .data          0x000000000003648c       0x10 build/cooja/mtype376.a(nbr-table.o)
 .data          0x000000000003649c       0x14 build/cooja/mtype376.a(link-stats.o)
 .data          0x00000000000364b0        0x0 build/cooja/mtype376.a(mac-sequence.o)
 .data          0x00000000000364b0        0x0 build/cooja/mtype376.a(mac.o)
 .data          0x00000000000364b0        0x0 build/cooja/mtype376.a(framer-802154.o)
 .data          0x00000000000364b0        0x2 build/cooja/mtype376.a(frame802154.o)
 .data          0x00000000000364b2        0x0 build/cooja/mtype376.a(csma-security.o)
 .data          0x00000000000364b2        0x0 build/cooja/mtype376.a(uipbuf.o)
 *fill*         0x00000000000364b2        0x2 
 .data          0x00000000000364b4       0x20 build/cooja/mtype376.a(uip-icmp6.o)
 .data          0x00000000000364d4       0x10 build/cooja/mtype376.a(uip-sr.o)
 .data          0x00000000000364e4        0xc build/cooja/mtype376.a(uip-packetqueue)
 .data          0x00000000000364f0        0x0 build/cooja/mtype376.a(rpl-nbr-policy.)
 .data          0x00000000000364f0       0x14 build/cooja/mtype376.a(rpl-neighbor.o)
                0x0000000000036500                rpl_neighbors
 .data          0x0000000000036504        0x0 build/cooja/mtype376.a(rpl-dag.o)
 .data          0x0000000000036504        0x0 build/cooja/mtype376.a(rpl-timers.o)
 .data          0x0000000000036504        0x0 build/cooja/mtype376.a(rpl-ext-header.)
 *fill*         0x0000000000036504       0x1c 
 .data          0x0000000000036520       0x24 build/cooja/mtype376.a(rpl-mrhof.o)
                0x0000000000036520                rpl_mrhof
 .data          0x0000000000036544        0x0 /usr/lib/gcc/i686-linux-gnu/5/libgcc.a(_udivdi3.o)
 .data          0x0000000000036544        0x0 /usr/lib/gcc/i686-linux-gnu/5/crtendS.o
 .data          0x0000000000036544        0x0 /usr/lib/gcc/i686-linux-gnu/5/../../../i386-linux-gnu/crtn.o

.tm_clone_table
                0x0000000000036544        0x0
 .tm_clone_table
                0x0000000000036544        0x0 /usr/lib/gcc/i686-linux-gnu/5/crtbeginS.o
 .tm_clone_table
                0x0000000000036544        0x0 /usr/lib/gcc/i686-linux-gnu/5/crtendS.o

.data1
 *(.data1)
                0x0000000000036544                _edata = .
                [!provide]                        PROVIDE (edata, .)
                0x0000000000036544                . = .
                0x0000000000036544                __bss_start = .

.bss            0x0000000000036560     0xf704
 *(.dynbss)
 .dynbss        0x0000000000036560        0x0 /usr/lib/gcc/i686-linux-gnu/5/../../../i386-linux-gnu/crti.o
 *(.bss .bss.* .gnu.linkonce.b.*)
 .bss           0x0000000000036560        0x0 /usr/lib/gcc/i686-linux-gnu/5/../../../i386-linux-gnu/crti.o
 .bss           0x0000000000036560        0x1 /usr/lib/gcc/i686-linux-gnu/5/crtbeginS.o
 *fill*         0x0000000000036561       0x1f 
 .bss           0x0000000000036580      0x50c coap_server_led.o
                0x0000000000036580                sensor_number
 *fill*         0x0000000000036a8c       0x14 
 .bss           0x0000000000036aa0     0x2030 build/cooja/mtype376.o
 .bss           0x0000000000038ad0        0x1 build/cooja/mtype376.a(simEnvChange.o)
                0x0000000000038ad0                simDontFallAsleep
 *fill*         0x0000000000038ad1        0x3 
 .bss           0x0000000000038ad4        0x4 build/cooja/mtype376.a(cooja_mt.o)
 .bss           0x0000000000038ad8        0x4 build/cooja/mtype376.a(cooja_mtarch.o)
 .bss           0x0000000000038adc        0x0 build/cooja/mtype376.a(rtimer-arch.o)
 .bss           0x0000000000038adc        0x0 build/cooja/mtype376.a(beep.o)
 .bss           0x0000000000038adc        0x1 build/cooja/mtype376.a(leds-arch.o)
                0x0000000000038adc                simLedsValue
 .bss           0x0000000000038add        0x0 build/cooja/mtype376.a(moteid.o)
 .bss           0x0000000000038add        0x1 build/cooja/mtype376.a(pir-sensor.o)
                0x0000000000038add                simPirValue
 *fill*         0x0000000000038ade        0x2 
 .bss           0x0000000000038ae0        0x4 build/cooja/mtype376.a(rs232.o)
 .bss           0x0000000000038ae4        0x1 build/cooja/mtype376.a(vib-sensor.o)
                0x0000000000038ae4                simVibValue
 .bss           0x0000000000038ae5        0x0 build/cooja/mtype376.a(clock.o)
 *fill*         0x0000000000038ae5       0x1b 
 .bss           0x0000000000038b00     0x2020 build/cooja/mtype376.a(cooja-log.o)
 .bss           0x000000000003ab20      0xfc0 build/cooja/mtype376.a(cfs-cooja.o)
                0x000000000003ab20                simCFSData
                0x000000000003bac0                simCFSSize
                0x000000000003bac4                simCFSChanged
                0x000000000003bac8                simCFSRead
                0x000000000003bacc                simCFSWritten
 .bss           0x000000000003bae0       0x24 build/cooja/mtype376.a(cooja-radio.o)
                0x000000000003bae0                simReceiving
                0x000000000003bae4                simInSize
                0x000000000003bae8                simLastPacketTimestamp
                0x000000000003baf0                simOutSize
 .bss           0x000000000003bb04        0xc build/cooja/mtype376.a(eeprom.o)
                0x000000000003bb04                simEEPROMChanged
                0x000000000003bb08                simEEPROMRead
                0x000000000003bb0c                simEEPROMWritten
 .bss           0x000000000003bb10        0x0 build/cooja/mtype376.a(random.o)
 .bss           0x000000000003bb10        0xc build/cooja/mtype376.a(sensors.o)
 .bss           0x000000000003bb1c        0x0 build/cooja/mtype376.a(leds.o)
 .bss           0x000000000003bb1c       0x24 build/cooja/mtype376.a(gpio-hal-arch.o)
 .bss           0x000000000003bb40        0x0 build/cooja/mtype376.a(buttons.o)
 .bss           0x000000000003bb40       0x52 build/cooja/mtype376.a(res-sensors.o)
 *fill*         0x000000000003bb92        0xe 
 .bss           0x000000000003bba0       0x44 build/cooja/mtype376.a(res-leds.o)
 .bss           0x000000000003bbe4        0x0 build/cooja/mtype376.a(coap-blocking-a)
 *fill*         0x000000000003bbe4       0x1c 
 .bss           0x000000000003bc00      0x190 build/cooja/mtype376.a(coap-engine.o)
 .bss           0x000000000003bd90        0x0 build/cooja/mtype376.a(coap-res-well-k)
 *fill*         0x000000000003bd90       0x10 
 .bss           0x000000000003bda0      0x120 build/cooja/mtype376.a(coap-observe.o)
 .bss           0x000000000003bec0       0x18 build/cooja/mtype376.a(coap-uip.o)
 .bss           0x000000000003bed8        0x5 build/cooja/mtype376.a(coap-timer.o)
 *fill*         0x000000000003bedd        0x3 
 .bss           0x000000000003bee0      0x334 build/cooja/mtype376.a(coap-transactio)
 .bss           0x000000000003c214        0x6 build/cooja/mtype376.a(coap.o)
                0x000000000003c214                coap_status_code
 .bss           0x000000000003c21a        0x0 build/cooja/mtype376.a(contiki-main.o)
 .bss           0x000000000003c21a        0x0 build/cooja/mtype376.a(autostart.o)
 *fill*         0x000000000003c21a        0x2 
 .bss           0x000000000003c21c        0x5 build/cooja/mtype376.a(ctimer.o)
 *fill*         0x000000000003c221        0x3 
 .bss           0x000000000003c224       0x2c build/cooja/mtype376.a(log.o)
                0x000000000003c224                curr_log_level_rpl
                0x000000000003c228                curr_log_level_tcpip
                0x000000000003c22c                curr_log_level_ipv6
                0x000000000003c230                curr_log_level_6lowpan
                0x000000000003c234                curr_log_level_nullnet
                0x000000000003c238                curr_log_level_mac
                0x000000000003c23c                curr_log_level_framer
                0x000000000003c240                curr_log_level_6top
                0x000000000003c244                curr_log_level_coap
                0x000000000003c248                curr_log_level_snmp
                0x000000000003c24c                curr_log_level_lwm2m
 .bss           0x000000000003c250        0x0 build/cooja/mtype376.a(energest.o)
 .bss           0x000000000003c250        0x8 build/cooja/mtype376.a(etimer.o)
 .bss           0x000000000003c258        0x2 build/cooja/mtype376.a(node-id.o)
                0x000000000003c258                node_id
 *fill*         0x000000000003c25a        0x2 
 .bss           0x000000000003c25c        0x4 build/cooja/mtype376.a(rtimer.o)
 .bss           0x000000000003c260      0x1a1 build/cooja/mtype376.a(process.o)
                0x000000000003c260                process_list
                0x000000000003c264                process_current
 .bss           0x000000000003c401        0x0 build/cooja/mtype376.a(timer.o)
 .bss           0x000000000003c401        0x0 build/cooja/mtype376.a(list.o)
 .bss           0x000000000003c401        0x0 build/cooja/mtype376.a(memb.o)
 *fill*         0x000000000003c401        0x3 
 .bss           0x000000000003c404       0x10 build/cooja/mtype376.a(button-hal.o)
 *fill*         0x000000000003c414        0xc 
 .bss           0x000000000003c420      0x140 build/cooja/mtype376.a(serial-line.o)
 .bss           0x000000000003c560        0x4 build/cooja/mtype376.a(gpio-hal.o)
 *fill*         0x000000000003c564       0x1c 
 .bss           0x000000000003c580     0x2c80 build/cooja/mtype376.a(queuebuf.o)
 .bss           0x000000000003f200       0xa0 build/cooja/mtype376.a(packetbuf.o)
 .bss           0x000000000003f2a0        0x4 build/cooja/mtype376.a(netstack.o)
 .bss           0x000000000003f2a4        0x0 build/cooja/mtype376.a(linkaddr.o)
 .bss           0x000000000003f2a4        0x0 build/cooja/mtype376.a(csma.o)