Archive member included to satisfy reference by file (symbol)

build/cooja/mtype261.a(simEnvChange.o)
                              build/cooja/mtype261.o (simDontFallAsleep)
build/cooja/mtype261.a(cooja_mt.o)
                              build/cooja/mtype261.o (cooja_mt_start)
build/cooja/mtype261.a(cooja_mtarch.o)
                              build/cooja/mtype261.a(cooja_mt.o) (cooja_mtarch_start)
build/cooja/mtype261.a(rtimer-arch.o)
                              build/cooja/mtype261.o (rtimer_arch_check)
build/cooja/mtype261.a(beep.o)
                              build/cooja/mtype261.o (beep_interface)
build/cooja/mtype261.a(leds-arch.o)
                              build/cooja/mtype261.o (leds_interface)
build/cooja/mtype261.a(moteid.o)
                              build/cooja/mtype261.o (moteid_interface)
build/cooja/mtype261.a(pir-sensor.o)
                              build/cooja/mtype261.o (pir_interface)
build/cooja/mtype261.a(rs232.o)
                              build/cooja/mtype261.o (rs232_interface)
build/cooja/mtype261.a(vib-sensor.o)
                              build/cooja/mtype261.o (vib_interface)
build/cooja/mtype261.a(clock.o)
                              build/cooja/mtype261.o (clock_interface)
build/cooja/mtype261.a(cooja-log.o)
                              build/cooja/mtype261.o (simlog_interface)
build/cooja/mtype261.a(cfs-cooja.o)
                              build/cooja/mtype261.o (cfs_interface)
build/cooja/mtype261.a(cooja-radio.o)
                              build/cooja/mtype261.o (radio_interface)
build/cooja/mtype261.a(eeprom.o)
                              build/cooja/mtype261.o (eeprom_interface)
build/cooja/mtype261.a(random.o)
                              build/cooja/mtype261.a(moteid.o) (random_init)
build/cooja/mtype261.a(sensors.o)
                              build/cooja/mtype261.a(pir-sensor.o) (sensors_changed)
build/cooja/mtype261.a(leds.o)
                              coap_server_led.o (leds_off)
build/cooja/mtype261.a(gpio-hal-arch.o)
                              build/cooja/mtype261.a(leds-arch.o) (gpio_hal_arch_register_pin_callback)
build/cooja/mtype261.a(buttons.o)
                              build/cooja/mtype261.o (button_interface)
build/cooja/mtype261.a(res-sensors.o)
                              coap_server_led.o (res_sensors)
build/cooja/mtype261.a(res-leds.o)
                              coap_server_led.o (res_leds)
build/cooja/mtype261.a(coap-blocking-a)
                              coap_server_led.o (coap_blocking_request)
build/cooja/mtype261.a(coap-engine.o)
                              coap_server_led.o (coap_activate_resource)
build/cooja/mtype261.a(coap-res-well-k)
                              build/cooja/mtype261.a(coap-engine.o) (res_well_known_core)
build/cooja/mtype261.a(coap-observe.o)
                              build/cooja/mtype261.a(coap-engine.o) (coap_remove_observer_by_mid)
build/cooja/mtype261.a(coap-uip.o)
                              build/cooja/mtype261.a(coap-observe.o) (coap_endpoint_copy)
build/cooja/mtype261.a(coap-timer.o)
                              build/cooja/mtype261.a(coap-engine.o) (coap_timer_set)
build/cooja/mtype261.a(coap-transactio)
                              build/cooja/mtype261.a(coap-blocking-a) (coap_send_transaction)
build/cooja/mtype261.a(coap.o)
                              build/cooja/mtype261.a(coap-engine.o) (coap_status_code)
build/cooja/mtype261.a(contiki-main.o)
                              build/cooja/mtype261.o (main)
build/cooja/mtype261.a(autostart.o)
                              build/cooja/mtype261.a(contiki-main.o) (autostart_start)
build/cooja/mtype261.a(ctimer.o)
                              build/cooja/mtype261.a(contiki-main.o) (ctimer_init)
build/cooja/mtype261.a(log.o)
                              build/cooja/mtype261.a(contiki-main.o) (curr_log_level_main)
build/cooja/mtype261.a(energest.o)
                              build/cooja/mtype261.a(contiki-main.o) (energest_init)
build/cooja/mtype261.a(etimer.o)
                              build/cooja/mtype261.a(contiki-main.o) (etimer_process)
build/cooja/mtype261.a(node-id.o)
                              build/cooja/mtype261.a(contiki-main.o) (node_id)
build/cooja/mtype261.a(rtimer.o)
                              build/cooja/mtype261.a(contiki-main.o) (rtimer_init)
build/cooja/mtype261.a(process.o)
                              coap_server_led.o (process_current)
build/cooja/mtype261.a(timer.o)
                              build/cooja/mtype261.a(etimer.o) (timer_set)
build/cooja/mtype261.a(list.o)
                              build/cooja/mtype261.a(coap-engine.o) (list_init)
build/cooja/mtype261.a(memb.o)
                              build/cooja/mtype261.a(coap-observe.o) (memb_alloc)
build/cooja/mtype261.a(button-hal.o)
                              build/cooja/mtype261.o (button_hal_init)
build/cooja/mtype261.a(serial-line.o)
[...]
Memory Configuration

Name             Origin             Length             Attributes
*default*        0x0000000000000000 0xffffffffffffffff

Linker script and memory map

LOAD /usr/lib/gcc/i686-linux-gnu/5/../../../i386-linux-gnu/crti.o
LOAD /usr/lib/gcc/i686-linux-gnu/5/crtbeginS.o
LOAD coap_server_led.o
LOAD build/cooja/mtype261.o
LOAD build/cooja/mtype261.a
LOAD /usr/lib/gcc/i686-linux-gnu/5/libgcc.a
LOAD /usr/lib/gcc/i686-linux-gnu/5/libgcc_s.so
LOAD /usr/lib/gcc/i686-linux-gnu/5/../../../i386-linux-gnu/libc.so
START GROUP
LOAD /lib/i386-linux-gnu/libc.so.6
LOAD /usr/lib/i386-linux-gnu/libc_nonshared.a
LOAD /lib/i386-linux-gnu/ld-linux.so.2
END GROUP
LOAD /usr/lib/gcc/i686-linux-gnu/5/libgcc.a
LOAD /usr/lib/gcc/i686-linux-gnu/5/libgcc_s.so
LOAD /usr/lib/gcc/i686-linux-gnu/5/crtendS.o
LOAD /usr/lib/gcc/i686-linux-gnu/5/../../../i386-linux-gnu/crtn.o
                0x0000000000000114                . = (0x0 + SIZEOF_HEADERS)

.note.gnu.build-id
                0x0000000000000114       0x24
 *(.note.gnu.build-id)
 .note.gnu.build-id
                0x0000000000000114       0x24 /usr/lib/gcc/i686-linux-gnu/5/../../../i386-linux-gnu/crti.o

.hash
 *(.hash)

.gnu.hash       0x0000000000000138     0x15c0
 *(.gnu.hash)
 .gnu.hash      0x0000000000000138     0x15c0 /usr/lib/gcc/i686-linux-gnu/5/../../../i386-linux-gnu/crti.o

.dynsym         0x00000000000016f8     0x2fd0
 *(.dynsym)
 .dynsym        0x00000000000016f8     0x2fd0 /usr/lib/gcc/i686-linux-gnu/5/../../../i386-linux-gnu/crti.o

.dynstr         0x00000000000046c8     0x3788
 *(.dynstr)
 .dynstr        0x00000000000046c8     0x3788 /usr/lib/gcc/i686-linux-gnu/5/../../../i386-linux-gnu/crti.o

.gnu.version    0x0000000000007e50      0x5fa
 *(.gnu.version)
 .gnu.version   0x0000000000007e50      0x5fa /usr/lib/gcc/i686-linux-gnu/5/../../../i386-linux-gnu/crti.o

.gnu.version_d  0x000000000000844c        0x0
 *(.gnu.version_d)
 .gnu.version_d
                0x000000000000844c        0x0 /usr/lib/gcc/i686-linux-gnu/5/../../../i386-linux-gnu/crti.o

.gnu.version_r  0x000000000000844c       0x40
 *(.gnu.version_r)
 .gnu.version_r
                0x000000000000844c       0x40 /usr/lib/gcc/i686-linux-gnu/5/../../../i386-linux-gnu/crti.o

.rel.dyn        0x000000000000848c     0x9ad0
 *(.rel.init)
 .rel.init      0x000000000000848c        0x0 /usr/lib/gcc/i686-linux-gnu/5/../../../i386-linux-gnu/crti.o
 *(.rel.text .rel.text.* .rel.gnu.linkonce.t.*)
 .rel.text      0x000000000000848c     0x9088 /usr/lib/gcc/i686-linux-gnu/5/../../../i386-linux-gnu/crti.o
 *(.rel.fini)
 .rel.fini      0x0000000000011514        0x0 /usr/lib/gcc/i686-linux-gnu/5/../../../i386-linux-gnu/crti.o
 *(.rel.rodata .rel.rodata.* .rel.gnu.linkonce.r.*)
 .rel.rodata    0x0000000000011514      0x588 /usr/lib/gcc/i686-linux-gnu/5/../../../i386-linux-gnu/crti.o
 *(.rel.data.rel.ro .rel.data.rel.ro.* .rel.gnu.linkonce.d.rel.ro.*)
 *(.rel.data .rel.data.* .rel.gnu.linkonce.d.*)
 .rel.data.rel.local
                0x0000000000011a9c        0x8 /usr/lib/gcc/i686-linux-gnu/5/../../../i386-linux-gnu/crti.o
 .rel.data      0x0000000000011aa4      0x480 /usr/lib/gcc/i686-linux-gnu/5/../../../i386-linux-gnu/crti.o
 *(.rel.tdata .rel.tdata.* .rel.gnu.linkonce.td.*)
 *(.rel.tbss .rel.tbss.* .rel.gnu.linkonce.tb.*)
 *(.rel.ctors)
 *(.rel.dtors)
 *(.rel.got)
 .rel.got       0x0000000000011f24       0x28 /usr/lib/gcc/i686-linux-gnu/5/../../../i386-linux-gnu/crti.o
 *(.rel.bss .rel.bss.* .rel.gnu.linkonce.b.*)
 *(.rel.ifunc)
 .rel.ifunc     0x0000000000011f4c        0x0 /usr/lib/gcc/i686-linux-gnu/5/../../../i386-linux-gnu/crti.o
 .rel.fini_array
                0x0000000000011f4c        0x8 /usr/lib/gcc/i686-linux-gnu/5/../../../i386-linux-gnu/crti.o
 .rel.init_array
                0x0000000000011f54        0x8 /usr/lib/gcc/i686-linux-gnu/5/../../../i386-linux-gnu/crti.o

.rel.plt        0x0000000000011f5c        0x0
 *(.rel.plt)
 .rel.plt       0x0000000000011f5c        0x0 /usr/lib/gcc/i686-linux-gnu/5/../../../i386-linux-gnu/crti.o
 *(.rel.iplt)

.init           0x0000000000011f5c       0x23
 *(SORT(.init))
 .init          0x0000000000011f5c       0x1e /usr/lib/gcc/i686-linux-gnu/5/../../../i386-linux-gnu/crti.o
                0x0000000000011f5c                _init
 .init          0x0000000000011f7a        0x5 /usr/lib/gcc/i686-linux-gnu/5/../../../i386-linux-gnu/crtn.o

.plt            0x0000000000011f80       0x10
 *(.plt)
 .plt           0x0000000000011f80       0x10 /usr/lib/gcc/i686-linux-gnu/5/../../../i386-linux-gnu/crti.o
 *(.iplt)

.plt.got        0x0000000000011f90       0x10
 *(.plt.got)
 .plt.got       0x0000000000011f90       0x10 /usr/lib/gcc/i686-linux-gnu/5/../../../i386-linux-gnu/crti.o

.text           0x0000000000011fa0    0x19652
 *(.text.unlikely .text.*_unlikely .text.unlikely.*)
 .text.unlikely
                0x0000000000011fa0        0x0 /usr/lib/gcc/i686-linux-gnu/5/crtbeginS.o
 .text.unlikely
                0x0000000000011fa0        0x0 /usr/lib/gcc/i686-linux-gnu/5/libgcc.a(_udivdi3.o)
 *(.text.exit .text.exit.*)
 *(.text.startup .text.startup.*)
 *(.text.hot .text.hot.*)
 *(.text .stub .text.* .gnu.linkonce.t.*)
 .text          0x0000000000011fa0        0x0 /usr/lib/gcc/i686-linux-gnu/5/../../../i386-linux-gnu/crti.o
 .gnu.linkonce.t.__x86.get_pc_thunk.bx
                0x0000000000011fa0        0x4 /usr/lib/gcc/i686-linux-gnu/5/../../../i386-linux-gnu/crti.o
                0x0000000000011fa0                __x86.get_pc_thunk.bx
 *fill*         0x0000000000011fa4        0xc 
 .text          0x0000000000011fb0      0x11c /usr/lib/gcc/i686-linux-gnu/5/crtbeginS.o
 .text.__x86.get_pc_thunk.dx
                0x00000000000120cc        0x4 /usr/lib/gcc/i686-linux-gnu/5/crtbeginS.o
                0x00000000000120cc                __x86.get_pc_thunk.dx
 .text          0x00000000000120d0      0x9d4 coap_server_led.o
                0x00000000000120d0                client_chunk_handler
                0x0000000000012152                sensor_chunk_handler
                0x0000000000012182                free_sensor_list
 .text          0x0000000000012aa4      0x283 build/cooja/mtype261.o
                0x0000000000012b36                platform_init_stage_one
                0x0000000000012b49                platform_init_stage_two
                0x0000000000012b5c                platform_init_stage_three
                0x0000000000012b6f                platform_main_loop
                0x0000000000012be2                Java_org_contikios_cooja_corecomm_Lib3_init
                0x0000000000012c19                Java_org_contikios_cooja_corecomm_Lib3_getMemory
                0x0000000000012c4c                Java_org_contikios_cooja_corecomm_Lib3_setMemory
                0x0000000000012cac                Java_org_contikios_cooja_corecomm_Lib3_tick
                0x0000000000012d14                Java_org_contikios_cooja_corecomm_Lib3_setReferenceAddress
 .text          0x0000000000012d27       0x65 build/cooja/mtype261.a(simEnvChange.o)
                0x0000000000012d27                doActionsBeforeTick
                0x0000000000012d59                doActionsAfterTick
 .text          0x0000000000012d8c       0x83 build/cooja/mtype261.a(cooja_mt.o)
                0x0000000000012d8c                cooja_mt_start
                0x0000000000012db6                cooja_mt_exec
                0x0000000000012dec                cooja_mt_yield
 .text          0x0000000000012e0f       0xbe build/cooja/mtype261.a(cooja_mtarch.o)
                0x0000000000012e0f                cooja_mtarch_start
                0x0000000000012e82                cooja_sw
                0x0000000000012ea5                cooja_mtarch_exec
                0x0000000000012ec2                cooja_mtarch_yield
 .text          0x0000000000012ecd       0xc5 build/cooja/mtype261.a(rtimer-arch.o)
                0x0000000000012ecd                rtimer_arch_init
                0x0000000000012ef1                rtimer_arch_schedule
                0x0000000000012f21                rtimer_arch_next
                0x0000000000012f31                rtimer_arch_pending
                0x0000000000012f3b                rtimer_arch_check
                0x0000000000012f82                rtimer_arch_now
 .text          0x0000000000012f92       0x81 build/cooja/mtype261.a(beep.o)
                0x0000000000012f92                beep_alarm
                0x0000000000012f9f                beep_beep
                0x0000000000012fac                beep
                0x0000000000012fb9                beep_down
                0x0000000000012fc6                beep_on
                0x0000000000012fd3                beep_off
                0x0000000000012fe0                beep_spinup
                0x0000000000012fed                beep_quick
                0x0000000000012ffa                beep_long
 .text          0x0000000000013013       0x65 build/cooja/mtype261.a(leds-arch.o)
                0x0000000000013026                leds_arch_init
 .text          0x0000000000013078       0x35 build/cooja/mtype261.a(moteid.o)
 .text          0x00000000000130ad       0xb7 build/cooja/mtype261.a(pir-sensor.o)
 .text          0x0000000000013164      0x148 build/cooja/mtype261.a(rs232.o)
                0x0000000000013164                rs232_init
                0x000000000001316a                rs232_set_speed
                0x0000000000013179                rs232_set_input
                0x0000000000013187                rs232_send
                0x00000000000131ab                rs232_print
                0x00000000000131c7                slip_arch_writeb
 .text          0x00000000000132ac       0xb7 build/cooja/mtype261.a(vib-sensor.o)
 .text          0x0000000000013363       0x38 build/cooja/mtype261.a(clock.o)
                0x0000000000013363                clock_init
                0x0000000000013369                clock_time
                0x0000000000013373                clock_seconds
                0x0000000000013389                clock_delay
 .text          0x000000000001339b      0x219 build/cooja/mtype261.a(cooja-log.o)
                0x000000000001339b                simlog_char
                0x00000000000133de                simlog
                0x0000000000013454                log_message
                0x0000000000013485                log_set_putchar_with_slip
                0x0000000000013493                log_putchar
                0x000000000001350e                log_puts
                0x0000000000013536                log_printf
 .text          0x00000000000135b4      0x2b9 build/cooja/mtype261.a(cfs-cooja.o)
                0x00000000000135b4                cfs_open
                0x000000000001361d                cfs_close
                0x000000000001362a                cfs_read
                0x00000000000136bf                cfs_write
                0x000000000001379b                cfs_seek
                0x0000000000013823                cfs_remove
                0x0000000000013847                cfs_opendir
                0x0000000000013851                cfs_readdir
                0x000000000001385b                cfs_closedir
 .text          0x000000000001386d      0x620 build/cooja/mtype261.a(cooja-radio.o)
                0x00000000000138af                radio_set_channel
                0x00000000000138bd                radio_set_txpower
                0x00000000000138d5                radio_signal_strength_last
                0x00000000000138df                radio_signal_strength_current
                0x00000000000138e9                radio_LQI
 .text          0x0000000000013e8d       0xee build/cooja/mtype261.a(eeprom.o)
                0x0000000000013e8d                eeprom_init
                0x0000000000013e93                eeprom_read
                0x0000000000013f01                eeprom_write
 .text          0x0000000000013f7b       0x2d build/cooja/mtype261.a(random.o)
                0x0000000000013f7b                random_init
                0x0000000000013f9b                random_rand
 .text          0x0000000000013fa8      0x29c build/cooja/mtype261.a(sensors.o)
                0x0000000000013fe3                sensors_first
                0x0000000000013fed                sensors_next
                0x0000000000014007                sensors_changed
                0x000000000001403b                sensors_find
 .text          0x0000000000014244      0x349 build/cooja/mtype261.a(leds.o)
                0x0000000000014244                leds_init
                0x000000000001428b                leds_single_on
                0x00000000000142ea                leds_single_off
                0x0000000000014349                leds_single_toggle
                0x000000000001437b                leds_on
                0x00000000000143fd                leds_off
                0x000000000001447f                leds_toggle
                0x00000000000144d4                leds_set
                0x0000000000014500                leds_get
 .text          0x000000000001458d      0x343 build/cooja/mtype261.a(gpio-hal-arch.o)
                0x000000000001458d                gpio_hal_arch_register_pin_callback
                0x00000000000145f9                gpio_hal_arch_init
                0x000000000001463e                gpio_hal_arch_no_port_interrupt_enable
                0x000000000001466e                gpio_hal_arch_no_port_interrupt_disable
                0x000000000001469e                gpio_hal_arch_no_port_pin_cfg_set
                0x00000000000146c3                gpio_hal_arch_no_port_pin_cfg_get
                0x00000000000146e9                gpio_hal_arch_no_port_pin_set_input
                0x00000000000146fb                gpio_hal_arch_no_port_pin_set_output
                0x000000000001470d                gpio_hal_arch_no_port_set_pin
                0x000000000001472e                gpio_hal_arch_no_port_clear_pin
                0x000000000001474f                gpio_hal_arch_no_port_read_pin
                0x0000000000014775                gpio_hal_arch_no_port_write_pin
                0x000000000001479f                gpio_hal_arch_no_port_set_pins
                0x00000000000147e6                gpio_hal_arch_no_port_clear_pins
                0x000000000001482d                gpio_hal_arch_no_port_read_pins
                0x0000000000014870                gpio_hal_arch_no_port_write_pins
 .text          0x00000000000148d0       0x89 build/cooja/mtype261.a(buttons.o)
 .text          0x0000000000014959      0x2c8 build/cooja/mtype261.a(res-sensors.o)
 .text          0x0000000000014c21      0x214 build/cooja/mtype261.a(res-leds.o)
 .text          0x0000000000014e35      0x27b build/cooja/mtype261.a(coap-blocking-a)
                0x0000000000014e35                coap_blocking_request_callback
                0x0000000000014e5f                coap_blocking_request
 .text          0x00000000000150b0      0xbea build/cooja/mtype261.a(coap-engine.o)
                0x0000000000015145                coap_add_handler
                0x0000000000015162                coap_remove_handler
                0x000000000001517f                coap_call_handlers
                0x0000000000015287                coap_receive
                0x0000000000015882                coap_engine_init
                0x00000000000158e0                coap_activate_resource
                0x000000000001598b                coap_get_first_resource
                0x00000000000159a4                coap_get_next_resource
 .text          0x0000000000015c9a      0x2d9 build/cooja/mtype261.a(coap-res-well-k)
 .text          0x0000000000015f73      0x96a build/cooja/mtype261.a(coap-observe.o)
                0x0000000000016088                coap_remove_observer
                0x00000000000160b8                coap_remove_observer_by_client
                0x0000000000016120                coap_remove_observer_by_token
                0x00000000000161b3                coap_remove_observer_by_uri
                0x000000000001625a                coap_remove_observer_by_mid
                0x00000000000162d6                coap_notify_observers
                0x00000000000162ef                coap_notify_observers_sub
                0x0000000000016759                coap_observe_handler
                0x0000000000016874                coap_has_observers
 .text          0x00000000000168dd      0x733 build/cooja/mtype261.a(coap-uip.o)
                0x00000000000168dd                coap_endpoint_log
                0x0000000000016963                coap_endpoint_print
                0x00000000000169e9                coap_endpoint_snprint
                0x0000000000016b1c                coap_endpoint_copy
                0x0000000000016b59                coap_endpoint_cmp
                0x0000000000016c67                coap_endpoint_parse
                0x0000000000016e52                coap_endpoint_is_secure
                0x0000000000016e61                coap_endpoint_is_connected
                0x0000000000016e95                coap_endpoint_connect
                0x0000000000016eb1                coap_endpoint_disconnect
                0x0000000000016eb7                coap_databuf
                0x0000000000016ec1                coap_transport_init
                0x0000000000016f11                coap_sendto
 .text          0x0000000000017010      0x324 build/cooja/mtype261.a(coap-timer.o)
                0x000000000001710d                coap_timer_stop
                0x0000000000017138                coap_timer_set
                0x000000000001717b                coap_timer_reset
                0x00000000000171be                coap_timer_time_to_next_expiration
                0x000000000001722a                coap_timer_run
                0x00000000000172f6                coap_timer_init
 .text          0x0000000000017334      0x2c6 build/cooja/mtype261.a(coap-transactio)
                0x000000000001739a                coap_new_transaction
                0x0000000000017400                coap_send_transaction
                0x0000000000017561                coap_clear_transaction
                0x00000000000175a9                coap_get_transaction_by_mid
 .text          0x00000000000175fa     0x1c53 build/cooja/mtype261.a(coap.o)
                0x0000000000017b67                coap_init_connection
                0x0000000000017b7b                coap_get_mid
                0x0000000000017b97                coap_init_message
                0x0000000000017be0                coap_serialize_message
                0x0000000000018262                coap_parse_message
                0x00000000000188c9                coap_get_query_variable
                0x000000000001890b                coap_get_post_variable
                0x000000000001894f                coap_set_status_code
                0x0000000000018974                coap_set_token
                0x00000000000189bb                coap_get_header_content_format
                0x00000000000189ec                coap_set_header_content_format
                0x0000000000018a0f                coap_get_header_accept
                0x0000000000018a40                coap_set_header_accept
                0x0000000000018a63                coap_get_header_max_age
                0x0000000000018a94                coap_set_header_max_age
                0x0000000000018ab4                coap_get_header_etag
                0x0000000000018ae6                coap_set_header_etag
                0x0000000000018b3d                coap_get_header_if_match
                0x0000000000018b6f                coap_set_header_if_match
                0x0000000000018bc6                coap_get_header_if_none_match
                0x0000000000018be0                coap_set_header_if_none_match
                0x0000000000018bf7                coap_get_header_proxy_uri
                0x0000000000018c25                coap_set_header_proxy_uri
                0x0000000000018c62                coap_get_header_uri_host
                0x0000000000018c90                coap_set_header_uri_host
                0x0000000000018ccd                coap_get_header_uri_path
                0x0000000000018cfb                coap_set_header_uri_path
                0x0000000000018d48                coap_get_header_uri_query
                0x0000000000018d7c                coap_set_header_uri_query
                0x0000000000018dd2                coap_get_header_location_path
                0x0000000000018e00                coap_set_header_location_path
                0x0000000000018e99                coap_get_header_location_query
                0x0000000000018ec7                coap_set_header_location_query
                0x0000000000018f14                coap_get_header_observe
                0x0000000000018f43                coap_set_header_observe
                0x0000000000018f63                coap_get_header_block2
                0x0000000000018fcf                coap_set_header_block2
                0x0000000000019046                coap_get_header_block1
                0x00000000000190bb                coap_set_header_block1
                0x0000000000019136                coap_get_header_size2
                0x0000000000019166                coap_set_header_size2
                0x0000000000019189                coap_get_header_size1
                0x00000000000191b9                coap_set_header_size1
                0x00000000000191dc                coap_get_payload
                0x0000000000019216                coap_set_payload
 .text          0x000000000001924d      0x332 build/cooja/mtype261.a(contiki-main.o)
                0x000000000001924d                main
 .text          0x000000000001957f       0x92 build/cooja/mtype261.a(autostart.o)
                0x000000000001957f                autostart_start
                0x00000000000195c9                autostart_exit
 .text          0x0000000000019611      0x355 build/cooja/mtype261.a(ctimer.o)
                0x0000000000019739                ctimer_init
                0x000000000001976c                ctimer_set
                0x0000000000019792                ctimer_set_with_process
                0x000000000001980f                ctimer_reset
                0x0000000000019863                ctimer_restart
                0x00000000000198b7                ctimer_stop
                0x0000000000019907                ctimer_expired
 .text          0x0000000000019966      0x394 build/cooja/mtype261.a(log.o)
                0x0000000000019966                log_6addr
                0x00000000000199b9                log_6addr_compact_snprint
                0x0000000000019a57                log_6addr_compact
                0x0000000000019aaa                log_lladdr
                0x0000000000019b1c                log_lladdr_compact
                0x0000000000019b84                log_set_level
                0x0000000000019c3f                log_get_level
                0x0000000000019cb8                log_level_to_str
 .text          0x0000000000019cfa       0x1b build/cooja/mtype261.a(energest.o)
                0x0000000000019cfa                energest_init
                0x0000000000019d00                energest_flush
                0x0000000000019d06                energest_get_total_time
 .text          0x0000000000019d15      0x43f build/cooja/mtype261.a(etimer.o)
                0x0000000000019f39                etimer_request_poll
                0x0000000000019fc2                etimer_set
                0x0000000000019feb                etimer_reset_with_new_interval
                0x000000000001a01a                etimer_reset
                0x000000000001a040                etimer_restart
                0x000000000001a066                etimer_adjust
                0x000000000001a083                etimer_expired
                0x000000000001a096                etimer_expiration_time
                0x000000000001a0a8                etimer_start_time
                0x000000000001a0b2                etimer_pending
                0x000000000001a0c4                etimer_next_expiration_time
                0x000000000001a0de                etimer_stop
 .text          0x000000000001a154       0x25 build/cooja/mtype261.a(node-id.o)
                0x000000000001a154                node_id_init
 .text          0x000000000001a179       0xeb build/cooja/mtype261.a(rtimer.o)
                0x000000000001a179                rtimer_init
                0x000000000001a187                rtimer_set
                0x000000000001a202                rtimer_run_next
 .text          0x000000000001a264      0x4fb build/cooja/mtype261.a(process.o)
                0x000000000001a264                process_alloc_event
                0x000000000001a279                process_start
                0x000000000001a453                process_exit
                0x000000000001a470                process_init
                0x000000000001a605                process_run
                0x000000000001a638                process_nevents
                0x000000000001a653                process_post
                0x000000000001a6e6                process_post_synch
                0x000000000001a71b                process_poll
                0x000000000001a74b                process_is_running
 .text          0x000000000001a75f       0xb1 build/cooja/mtype261.a(timer.o)
                0x000000000001a75f                timer_set
                0x000000000001a77d                timer_reset
                0x000000000001a7aa                timer_restart
                0x000000000001a7bf                timer_expired
                0x000000000001a7ec                timer_remaining
 .text          0x000000000001a810      0x28f build/cooja/mtype261.a(list.o)
                0x000000000001a810                list_init
                0x000000000001a81f                list_head
                0x000000000001a829                list_copy
                0x000000000001a839                list_tail
                0x000000000001a86f                list_add
                0x000000000001a8bb                list_push
                0x000000000001a8e7                list_chop
                0x000000000001a951                list_pop
                0x000000000001a979                list_remove
                0x000000000001a9e1                list_length
                0x000000000001aa0f                list_insert
                0x000000000001aa54                list_item_next
                0x000000000001aa6b                list_contains
 .text          0x000000000001aa9f      0x1b5 build/cooja/mtype261.a(memb.o)
                0x000000000001aa9f                memb_init
                0x000000000001aaf4                memb_alloc
                0x000000000001ab57                memb_free
                0x000000000001abce                memb_inmemb
                0x000000000001ac0d                memb_numfree
 .text          0x000000000001ac54      0x41c build/cooja/mtype261.a(button-hal.o)
                0x000000000001adcd                button_hal_get_by_id
                0x000000000001ae0b                button_hal_get_by_index
                0x000000000001ae37                button_hal_get_state
                0x000000000001ae89                button_hal_init
 .text          0x000000000001b070      0x1f3 build/cooja/mtype261.a(serial-line.o)
                0x000000000001b070                serial_line_input_byte
                0x000000000001b22e                serial_line_init
 .text          0x000000000001b263      0x168 build/cooja/mtype261.a(gpio-hal.o)
                0x000000000001b263                gpio_hal_register_handler
                0x000000000001b280                gpio_hal_event_handler
                0x000000000001b2dc                gpio_hal_init
                0x000000000001b2fb                gpio_hal_arch_port_toggle_pin
                0x000000000001b337                gpio_hal_arch_port_toggle_pins
                0x000000000001b365                gpio_hal_arch_no_port_toggle_pin
                0x000000000001b3a3                gpio_hal_arch_no_port_toggle_pins
 .text          0x000000000001b3cb      0x2e7 build/cooja/mtype261.a(queuebuf.o)
                0x000000000001b3d5                queuebuf_init
                0x000000000001b3fe                queuebuf_numfree
                0x000000000001b416                queuebuf_new_from_packetbuf
                0x000000000001b4b5                queuebuf_update_attr_from_packetbuf
                0x000000000001b4ea                queuebuf_update_from_packetbuf
                0x000000000001b53a                queuebuf_free
                0x000000000001b583                queuebuf_to_packetbuf
                0x000000000001b5ef                queuebuf_dataptr
                0x000000000001b629                queuebuf_datalen
                0x000000000001b64c                queuebuf_addr
                0x000000000001b681                queuebuf_attr
                0x000000000001b6ac                queuebuf_debug_print
 .text          0x000000000001b6b2      0x407 build/cooja/mtype261.a(packetbuf.o)
                0x000000000001b6b2                packetbuf_clear
                0x000000000001b6dd                packetbuf_copyfrom
                0x000000000001b72c                packetbuf_copyto
                0x000000000001b7bf                packetbuf_hdralloc
                0x000000000001b83b                packetbuf_hdrreduce
                0x000000000001b881                packetbuf_set_datalen
                0x000000000001b89b                packetbuf_dataptr
                0x000000000001b8b8                packetbuf_hdrptr
                0x000000000001b8c2                packetbuf_datalen
                0x000000000001b8ce                packetbuf_hdrlen
                0x000000000001b8e5                packetbuf_totlen
                0x000000000001b8fb                packetbuf_remaininglen
                0x000000000001b90e                packetbuf_attr_clear
                0x000000000001b95a                packetbuf_attr_copyto
                0x000000000001b9b2                packetbuf_attr_copyfrom
                0x000000000001ba0a                packetbuf_set_attr
                0x000000000001ba34                packetbuf_attr
                0x000000000001ba4e                packetbuf_set_addr
                0x000000000001ba7f                packetbuf_addr
                0x000000000001ba9c                packetbuf_holds_broadcast
 .text          0x000000000001bab9       0xef build/cooja/mtype261.a(netstack.o)
                0x000000000001bab9                netstack_process_ip_callback
                0x000000000001bb4a                netstack_ip_packet_processor_add
                0x000000000001bb6d                uip_ds6_ip_packet_processor_rm
                0x000000000001bb8a                netstack_init
 .text          0x000000000001bba8       0x4f build/cooja/mtype261.a(linkaddr.o)
                0x000000000001bba8                linkaddr_copy
                0x000000000001bbbe                linkaddr_cmp
                0x000000000001bbe1                linkaddr_set_node_addr
 .text          0x000000000001bbf7      0x1f6 build/cooja/mtype261.a(csma.o)
 .text          0x000000000001bded      0x95d build/cooja/mtype261.a(csma-output.o)
                0x000000000001c484                csma_output_packet
                0x000000000001c711                csma_output_init
 .text          0x000000000001c74a      0xc11 build/cooja/mtype261.a(uip-ds6.o)
                0x000000000001c74a                uip_ds6_default_prefix
                0x000000000001c754                uip_ds6_set_default_prefix
                0x000000000001c77f                uip_ds6_init
                0x000000000001c9e1                uip_ds6_periodic
                0x000000000001ca68                uip_ds6_list_loop
                0x000000000001cb28                uip_ds6_prefix_add
                0x000000000001cbd4                uip_ds6_prefix_rm
                0x000000000001cbe7                uip_ds6_prefix_lookup
                0x000000000001cc26                uip_ds6_is_addr_onlink
                0x000000000001cc99                uip_ds6_addr_add
                0x000000000001cdb9                uip_ds6_addr_rm
                0x000000000001ce62                uip_ds6_addr_lookup
                0x000000000001ce9b                uip_ds6_get_link_local
                0x000000000001cf1c                uip_ds6_get_global
                0x000000000001cf9d                uip_ds6_maddr_add
                0x000000000001cffd                uip_ds6_maddr_rm
                0x000000000001d010                uip_ds6_maddr_lookup
                0x000000000001d049                uip_ds6_aaddr_add
                0x000000000001d0a9                uip_ds6_aaddr_rm
                0x000000000001d0bc                uip_ds6_aaddr_lookup
                0x000000000001d0f5                uip_ds6_select_src
                0x000000000001d23e                uip_ds6_set_addr_iid
                0x000000000001d269                uip_ds6_set_lladdr_from_iid
                0x000000000001d292                get_match_length
                0x000000000001d323                uip_ds6_compute_reachable_time
 .text          0x000000000001d35b      0x128 build/cooja/mtype261.a(uip-udp-packet.)
                0x000000000001d35b                uip_udp_packet_send
                0x000000000001d3b6                uip_udp_packet_sendto
 .text          0x000000000001d483      0xa3c build/cooja/mtype261.a(uip-ds6-route.o)
                0x000000000001d56d                uip_ds6_notification_add
                0x000000000001d59f                uip_ds6_notification_rm
                0x000000000001d5bc                uip_ds6_route_init
                0x000000000001d65b                uip_ds6_route_nexthop
                0x000000000001d68a                uip_ds6_route_head
                0x000000000001d6a3                uip_ds6_route_next
                0x000000000001d6cc                uip_ds6_route_is_nexthop
                0x000000000001d70e                uip_ds6_route_num_routes
                0x000000000001d718                uip_ds6_route_lookup
                0x000000000001d7ef                uip_ds6_route_add
                0x000000000001da2f                uip_ds6_route_rm
                0x000000000001dbcd                uip_ds6_route_rm_by_nexthop
                0x000000000001dc0c                uip_ds6_defrt_head
                0x000000000001dc25                uip_ds6_defrt_add
                0x000000000001dce6                uip_ds6_defrt_rm
                0x000000000001dd67                uip_ds6_defrt_lookup
                0x000000000001ddce                uip_ds6_defrt_choose
                0x000000000001de44                uip_ds6_defrt_periodic
 .text          0x000000000001debf      0x6f7 build/cooja/mtype261.a(tcpip.o)
                0x000000000001ded9                tcpip_output
                0x000000000001df58                udp_attach
                0x000000000001df70                udp_new
                0x000000000001dfba                udp_broadcast_new
                0x000000000001e12c                tcpip_input
                0x000000000001e2bc                tcpip_ipv6_output
                0x000000000001e4b0                tcpip_poll_udp
                0x000000000001e4ce                tcpip_uipcall
 .text          0x000000000001e5b6     0x1205 build/cooja/mtype261.a(uip6.o)
                0x000000000001e665                uip_chksum
                0x000000000001e73c                uip_icmp6chksum
                0x000000000001e751                uip_udpchksum
                0x000000000001e766                uip_init
                0x000000000001e7af                uip_remove_ext_hdr
                0x000000000001e889                uip_udp_new
                0x000000000001eb9d                uip_process
                0x000000000001f695                uip_htons
                0x000000000001f6b7                uip_htonl
                0x000000000001f6f5                uip_send
 .text          0x000000000001f7bb      0x369 build/cooja/mtype261.a(uip-ds6-nbr.o)
                0x000000000001f7bb                uip_ds6_neighbors_init
                0x000000000001f7df                uip_ds6_nbr_add
                0x000000000001f865                uip_ds6_nbr_rm
                0x000000000001f8b0                uip_ds6_nbr_update_ll
                0x000000000001f99e                uip_ds6_nbr_get_ipaddr
                0x000000000001f9b3                uip_ds6_nbr_get_ll
                0x000000000001f9cf                uip_ds6_nbr_num
                0x000000000001fa18                uip_ds6_nbr_head
                0x000000000001fa31                uip_ds6_nbr_next
                0x000000000001fa4d                uip_ds6_nbr_lookup
                0x000000000001faa5                uip_ds6_nbr_ll_lookup
                0x000000000001fac1                uip_ds6_nbr_ipaddr_from_lladdr
                0x000000000001faea                uip_ds6_nbr_lladdr_from_ipaddr
                0x000000000001fb1e                uip_ds6_link_callback
 .text          0x000000000001fb24      0x6a7 build/cooja/mtype261.a(uip-nd6.o)
                0x00000000000201b2                uip_nd6_init
 .text          0x00000000000201cb     0x2c17 build/cooja/mtype261.a(sicslowpan.o)
                0x00000000000207d2                netstack_sniffer_add
                0x00000000000207e0                netstack_sniffer_remove
                0x0000000000022db6                sicslowpan_init
                0x0000000000022dd8                sicslowpan_get_last_rssi
 .text          0x0000000000022de2      0x4d1 build/cooja/mtype261.a(uiplib.o)
                0x0000000000022de2                uiplib_ip6addrconv
                0x0000000000022f9a                uiplib_ip4addrconv
                0x000000000002305d                uiplib_ipaddr_print
                0x00000000000230b0                uiplib_ipaddr_snprint
 .text          0x00000000000232b3      0x4c9 build/cooja/mtype261.a(rpl.o)
                0x00000000000232b3                rpl_lollipop_greater_than
                0x000000000002330d                rpl_get_global_address
                0x0000000000023405                rpl_link_callback
                0x0000000000023449                rpl_has_joined
                0x000000000002346e                rpl_is_reachable
                0x00000000000234ef                rpl_reset_prefix
                0x0000000000023559                rpl_set_prefix_from_addr
                0x000000000002363e                rpl_set_prefix
                0x0000000000023758                rpl_set_leaf_only
                0x0000000000023770                rpl_get_leaf_only
 .text          0x000000000002377c     0x138c build/cooja/mtype261.a(rpl-icmp6.o)
                0x00000000000238a1                rpl_icmp6_update_nbr_table
                0x000000000002392a                rpl_icmp6_dis_output
                0x0000000000023f70                rpl_icmp6_dio_output
                0x000000000002476e                rpl_icmp6_dao_output
                0x0000000000024a4f                rpl_icmp6_dao_ack_output
                0x0000000000024abf                rpl_icmp6_init
 .text          0x0000000000024b08      0x264 build/cooja/mtype261.a(rpl-dag-root.o)
                0x0000000000024b08                rpl_dag_root_print_links
                0x0000000000024c34                rpl_dag_root_set_prefix
                0x0000000000024c60                rpl_dag_root_start
                0x0000000000024d3d                rpl_dag_root_is_root
 .text          0x0000000000024d6c       0x30 build/cooja/mtype261.a(watchdog.o)
                0x0000000000024d6c                watchdog_init
                0x0000000000024d72                watchdog_start
                0x0000000000024d78                watchdog_periodic
                0x0000000000024d90                watchdog_stop
                0x0000000000024d96                watchdog_reboot
 .text          0x0000000000024d9c       0x4a build/cooja/mtype261.a(int-master.o)
                0x0000000000024d9c                int_master_enable
                0x0000000000024dac                int_master_read_and_disable
                0x0000000000024dc9                int_master_status_set
                0x0000000000024dd7                int_master_is_enabled
 .text          0x0000000000024de6      0x226 build/cooja/mtype261.a(coap-timer-defa)
 .text          0x000000000002500c       0xc7 build/cooja/mtype261.a(stimer.o)
                0x000000000002500c                stimer_set
                0x000000000002502a                stimer_reset
                0x0000000000025057                stimer_restart
                0x000000000002506c                stimer_expired
                0x0000000000025097                stimer_remaining
                0x00000000000250bb                stimer_elapsed
 .text          0x00000000000250d3      0x156 build/cooja/mtype261.a(ringbuf.o)
                0x00000000000250d3                ringbuf_init
                0x0000000000025105                ringbuf_put
                0x0000000000025183                ringbuf_get
                0x00000000000251f0                ringbuf_size
                0x0000000000025202                ringbuf_elements
 .text          0x0000000000025229       0x1f build/cooja/mtype261.a(assert.o)
                0x0000000000025229                _xassert
 .text          0x0000000000025248      0x79b build/cooja/mtype261.a(nbr-table.o)
                0x00000000000256c1                nbr_table_register
                0x000000000002572e                nbr_table_is_registered
                0x0000000000025769                nbr_table_head
                0x00000000000257c4                nbr_table_next
                0x0000000000025825                nbr_table_add_lladdr
                0x00000000000258ff                nbr_table_get_from_lladdr
                0x000000000002594b                nbr_table_remove
                0x0000000000025983                nbr_table_lock
                0x000000000002599d                nbr_table_unlock
                0x00000000000259b7                nbr_table_get_lladdr
 .text          0x00000000000259e3      0x3a5 build/cooja/mtype261.a(link-stats.o)
                0x00000000000259e3                link_stats_from_lladdr
                0x00000000000259ff                link_stats_get_lladdr
                0x0000000000025a1b                link_stats_is_fresh
                0x0000000000025a57                guess_etx_from_rssi
                0x0000000000025ad3                link_stats_packet_sent
                0x0000000000025bf3                link_stats_input_callback
                0x0000000000025d03                link_stats_reset
                0x0000000000025d53                link_stats_init
 .text          0x0000000000025d88      0x187 build/cooja/mtype261.a(mac-sequence.o)
                0x0000000000025d88                mac_sequence_is_duplicate
                0x0000000000025e28                mac_sequence_register_seqno
 .text          0x0000000000025f0f       0x23 build/cooja/mtype261.a(mac.o)
                0x0000000000025f0f                mac_call_sent_callback
 .text          0x0000000000025f32      0x432 build/cooja/mtype261.a(framer-802154.o)
                0x00000000000260c1                framer_802154_setup_params
 .text          0x0000000000026364      0xb6f build/cooja/mtype261.a(frame802154.o)
                0x0000000000026395                frame802154_get_pan_id
                0x00000000000263a1                frame802154_set_pan_id
                0x00000000000263bb                frame802154_has_panid
                0x000000000002656a                frame802154_check_dest_panid
                0x00000000000265f2                frame802154_is_broadcast_addr
                0x000000000002663f                frame802154_extract_linkaddr
                0x00000000000268a4                frame802154_hdrlen
                0x0000000000026917                frame802154_create_fcf
                0x00000000000269cf                frame802154_create
                0x0000000000026b44                frame802154_parse_fcf
                0x0000000000026c26                frame802154_parse
 .text          0x0000000000026ed3       0x2d build/cooja/mtype261.a(csma-security.o)
                0x0000000000026ed3                csma_security_create_frame
                0x0000000000026ef1                csma_security_parse_frame
 .text          0x0000000000026f00      0x4e4 build/cooja/mtype261.a(uipbuf.o)
                0x0000000000026f00                uipbuf_clear
                0x0000000000026f27                uipbuf_add_ext_hdr
                0x0000000000026fa7                uipbuf_set_len
                0x0000000000026fd4                uipbuf_set_len_field
                0x0000000000027000                uipbuf_get_len_field
                0x0000000000027020                uipbuf_get_next_header
                0x0000000000027152                uipbuf_get_last_header
                0x00000000000271cb                uipbuf_search_header
                0x0000000000027281                uipbuf_get_attr
                0x00000000000272a8                uipbuf_set_attr
                0x00000000000272df                uipbuf_set_default_attr
                0x0000000000027316                uipbuf_clear_attr
                0x000000000002733a                uipbuf_set_attr_flag
                0x000000000002735b                uipbuf_clr_attr_flag
                0x0000000000027382                uipbuf_is_attr_flag
                0x00000000000273a6                uipbuf_init
 .text          0x00000000000273e4      0x73f build/cooja/mtype261.a(uip-icmp6.o)
                0x0000000000027459                uip_icmp6_input
                0x00000000000274b0                uip_icmp6_register_input_handler
                0x0000000000027603                uip_icmp6_error_output
                0x00000000000278b4                uip_icmp6_send
                0x0000000000027aab                uip_icmp6_echo_reply_callback_add
                0x0000000000027add                uip_icmp6_echo_reply_callback_rm
                0x0000000000027afa                uip_icmp6_init
 .text          0x0000000000027b23      0x69b build/cooja/mtype261.a(uip-sr.o)
                0x0000000000027b23                uip_sr_num_nodes
                0x0000000000027bb1                uip_sr_get_node
                0x0000000000027c08                uip_sr_is_addr_reachable
                0x0000000000027cb6                uip_sr_expire_parent
                0x0000000000027cff                uip_sr_update_node
                0x0000000000027e2f                uip_sr_init
                0x0000000000027e63                uip_sr_node_head
                0x0000000000027e7c                uip_sr_node_next
                0x0000000000027e92                uip_sr_periodic
                0x0000000000027f98                uip_sr_free_all
                0x0000000000028008                uip_sr_link_snprint
 .text          0x00000000000281be      0x146 build/cooja/mtype261.a(uip-packetqueue)
                0x00000000000281ec                uip_packetqueue_new
                0x00000000000281fb                uip_packetqueue_alloc
                0x0000000000028256                uip_packetqueue_free
                0x000000000002829d                uip_packetqueue_buf
                0x00000000000282ba                uip_packetqueue_buflen
                0x00000000000282db                uip_packetqueue_set_buflen
 .text          0x0000000000028304      0x1b0 build/cooja/mtype261.a(rpl-nbr-policy.)
                0x0000000000028471                rpl_nbr_policy_find_removable
 .text          0x00000000000284b4      0x915 build/cooja/mtype261.a(rpl-neighbor.o)
                0x0000000000028530                rpl_neighbor_snprint
                0x00000000000287e3                rpl_neighbor_print_list
                0x0000000000028898                rpl_neighbor_count
                0x000000000002893f                rpl_neighbor_get_from_lladdr
                0x000000000002895b                rpl_neighbor_is_acceptable_parent
                0x000000000002898f                rpl_neighbor_get_link_metric
                0x00000000000289c3                rpl_neighbor_rank_via_nbr
                0x00000000000289f7                rpl_neighbor_get_lladdr
                0x0000000000028a13                rpl_neighbor_get_ipaddr
                0x0000000000028a3a                rpl_neighbor_get_link_stats
                0x0000000000028a61                rpl_neighbor_is_fresh
                0x0000000000028a88                rpl_neighbor_is_reachable
                0x0000000000028ad3                rpl_neighbor_is_parent
                0x0000000000028afd                rpl_neighbor_set_preferred_parent
                0x0000000000028b94                rpl_neighbor_remove_all
                0x0000000000028bf0                rpl_neighbor_get_from_ipaddr
                0x0000000000028cfe                rpl_neighbor_select_best
                0x0000000000028daa                rpl_neighbor_init
 .text          0x0000000000028dc9      0xe69 build/cooja/mtype261.a(rpl-dag.o)
                0x0000000000028dc9                rpl_dag_state_to_str
                0x0000000000028e08                rpl_dag_get_root_ipaddr
                0x0000000000028e50                rpl_dag_leave
                0x0000000000028ed9                rpl_dag_poison_and_leave
                0x0000000000028ef1                rpl_dag_periodic
                0x0000000000028f79                rpl_is_addr_in_our_dag
                0x0000000000028fbd                rpl_get_default_instance
                0x0000000000028fd9                rpl_get_any_dag
                0x0000000000029032                rpl_refresh_routes
                0x0000000000029072                rpl_global_repair
                0x000000000002910b                rpl_local_repair
                0x0000000000029155                rpl_dag_ready_to_advertise
                0x0000000000029198                rpl_dag_update_state
                0x00000000000298c5                rpl_process_dio
                0x0000000000029943                rpl_process_dis
                0x0000000000029988                rpl_process_dao
                0x0000000000029a17                rpl_process_dao_ack
                0x0000000000029aae                rpl_process_hbh
                0x0000000000029afe                rpl_dag_init_root
                0x0000000000029c12                rpl_dag_init
 .text          0x0000000000029c32      0x9e7 build/cooja/mtype261.a(rpl-timers.o)
                0x0000000000029c32                rpl_timers_schedule_periodic_dis
                0x0000000000029d80                rpl_timers_dio_reset
                0x0000000000029e8e                rpl_timers_schedule_unicast_dio
                0x0000000000029fe2                rpl_timers_schedule_dao
                0x000000000002a0a1                rpl_timers_schedule_dao_ack
                0x000000000002a127                rpl_timers_notify_dao_ack
                0x000000000002a185                get_probing_delay
                0x000000000002a1b9                get_probing_target
                0x000000000002a3a3                rpl_schedule_probing
                0x000000000002a3d1                rpl_schedule_probing_now
                0x000000000002a43b                rpl_timers_unschedule_leaving
                0x000000000002a473                rpl_timers_schedule_leaving
                0x000000000002a4b4                rpl_timers_init
                0x000000000002a544                rpl_timers_stop_dag_timers
                0x000000000002a5bd                rpl_timers_unschedule_state_update
                0x000000000002a5e1                rpl_timers_schedule_state_update
 .text          0x000000000002a619      0xb8e build/cooja/mtype261.a(rpl-ext-header.)
                0x000000000002a619                rpl_ext_header_srh_get_next_hop
                0x000000000002a700                rpl_ext_header_srh_update
                0x000000000002ac6c                rpl_ext_header_hbh_update
                0x000000000002af6c                rpl_ext_header_update
                0x000000000002aff5                rpl_ext_header_remove
 .text          0x000000000002b1a7      0x31b build/cooja/mtype261.a(rpl-mrhof.o)
 *fill*         0x000000000002b4c2        0xe 
 .text          0x000000000002b4d0      0x122 /usr/lib/gcc/i686-linux-gnu/5/libgcc.a(_udivdi3.o)
                0x000000000002b4d0                __udivdi3
 .text          0x000000000002b5f2        0x0 /usr/lib/gcc/i686-linux-gnu/5/crtendS.o
 .text          0x000000000002b5f2        0x0 /usr/lib/gcc/i686-linux-gnu/5/../../../i386-linux-gnu/crtn.o
 *(.gnu.warning)

.fini           0x000000000002b5f4       0x14
 *(SORT(.fini))
 .fini          0x000000000002b5f4        0xf /usr/lib/gcc/i686-linux-gnu/5/../../../i386-linux-gnu/crti.o
                0x000000000002b5f4                _fini
 .fini          0x000000000002b603        0x5 /usr/lib/gcc/i686-linux-gnu/5/../../../i386-linux-gnu/crtn.o
                [!provide]                        PROVIDE (__etext, .)
                [!provide]                        PROVIDE (_etext, .)
                [!provide]                        PROVIDE (etext, .)

.rodata         0x000000000002b620      0xf6b
 *(.rodata .rodata.* .gnu.linkonce.r.*)
 .rodata        0x000000000002b620      0x3f9 coap_server_led.o
                0x000000000002b690                autostart_processes
 *fill*         0x000000000002ba19        0x3 
 .rodata        0x000000000002ba1c        0x8 build/cooja/mtype261.a(beep.o)
                0x000000000002ba1c                beep_interface
 .rodata        0x000000000002ba24        0xe build/cooja/mtype261.a(leds-arch.o)
                0x000000000002ba24                leds_interface
                0x000000000002ba2c                leds_arch_leds
 *fill*         0x000000000002ba32        0x2 
 .rodata        0x000000000002ba34        0x8 build/cooja/mtype261.a(moteid.o)
                0x000000000002ba34                moteid_interface
 .rodata        0x000000000002ba3c       0x1c build/cooja/mtype261.a(pir-sensor.o)
                0x000000000002ba3c                pir_interface
                0x000000000002ba48                pir_sensor
 .rodata        0x000000000002ba58        0xe build/cooja/mtype261.a(rs232.o)
                0x000000000002ba58                rs232_interface
 *fill*         0x000000000002ba66        0x2 
 .rodata        0x000000000002ba68       0x24 build/cooja/mtype261.a(vib-sensor.o)
                0x000000000002ba68                vib_interface
                0x000000000002ba7c                vib_sensor
 .rodata        0x000000000002ba8c        0x8 build/cooja/mtype261.a(clock.o)
                0x000000000002ba8c                clock_interface
 .rodata        0x000000000002ba94        0x8 build/cooja/mtype261.a(cooja-log.o)
                0x000000000002ba94                simlog_interface
 .rodata        0x000000000002ba9c       0x2f build/cooja/mtype261.a(cfs-cooja.o)
                0x000000000002ba9c                cfs_interface
 *fill*         0x000000000002bacb       0x15 
 .rodata        0x000000000002bae0       0xb8 build/cooja/mtype261.a(cooja-radio.o)
                0x000000000002bae0                radio_interface
                0x000000000002bb60                cooja_radio_driver
 .rodata        0x000000000002bb98        0x8 build/cooja/mtype261.a(eeprom.o)
                0x000000000002bb98                eeprom_interface
 .rodata        0x000000000002bba0        0x8 build/cooja/mtype261.a(sensors.o)
 .rodata        0x000000000002bba8       0x2c build/cooja/mtype261.a(buttons.o)
                0x000000000002bba8                button_interface
                0x000000000002bbbc                button_hal_button_count
                0x000000000002bbc4                button_sensor
 .rodata        0x000000000002bbd4       0x9d build/cooja/mtype261.a(res-sensors.o)
 *fill*         0x000000000002bc71        0x3 
 .rodata        0x000000000002bc74       0xf7 build/cooja/mtype261.a(res-leds.o)
 .rodata        0x000000000002bd6b       0x41 build/cooja/mtype261.a(coap-engine.o)
 .rodata        0x000000000002bdac       0x19 build/cooja/mtype261.a(coap-res-well-k)
 .rodata        0x000000000002bdc5       0x11 build/cooja/mtype261.a(coap-observe.o)
 .rodata        0x000000000002bdd6       0x35 build/cooja/mtype261.a(coap-uip.o)
 *fill*         0x000000000002be0b        0x1 
 .rodata        0x000000000002be0c      0x1ac build/cooja/mtype261.a(coap.o)
 .rodata        0x000000000002bfb8       0xf8 build/cooja/mtype261.a(contiki-main.o)
 .rodata        0x000000000002c0b0        0xf build/cooja/mtype261.a(ctimer.o)
 *fill*         0x000000000002c0bf        0x1 
 .rodata        0x000000000002c0c0       0xc4 build/cooja/mtype261.a(log.o)
 .rodata        0x000000000002c184        0xc build/cooja/mtype261.a(etimer.o)
 .rodata        0x000000000002c190       0x13 build/cooja/mtype261.a(button-hal.o)
 .rodata        0x000000000002c1a3        0xe build/cooja/mtype261.a(serial-line.o)
 *fill*         0x000000000002c1b1        0x3 
 .rodata        0x000000000002c1b4        0x8 build/cooja/mtype261.a(linkaddr.o)
                0x000000000002c1b4                linkaddr_null
 .rodata        0x000000000002c1bc       0x24 build/cooja/mtype261.a(csma.o)
                0x000000000002c1c4                csma_driver
 .rodata        0x000000000002c1e0       0x24 build/cooja/mtype261.a(csma-output.o)
 .rodata        0x000000000002c204       0xb9 build/cooja/mtype261.a(uip-ds6-route.o)
 .rodata        0x000000000002c2bd        0xd build/cooja/mtype261.a(tcpip.o)
 *fill*         0x000000000002c2ca        0x2 
 .rodata        0x000000000002c2cc       0x30 build/cooja/mtype261.a(sicslowpan.o)
                0x000000000002c2cc                unc_llconf
                0x000000000002c2d0                unc_ctxconf
                0x000000000002c2d4                unc_mxconf
                0x000000000002c2d8                llprefix
                0x000000000002c2ec                sicslowpan_driver
 .rodata        0x000000000002c2fc       0x2d build/cooja/mtype261.a(uiplib.o)
 *fill*         0x000000000002c329       0x17 
 .rodata        0x000000000002c340       0x74 build/cooja/mtype261.a(rpl.o)
                0x000000000002c360                rpl_lite_driver
 .rodata        0x000000000002c3b4       0x20 build/cooja/mtype261.a(coap-timer-defa)
                0x000000000002c3c8                coap_timer_default_driver
 .rodata        0x000000000002c3d4       0x25 build/cooja/mtype261.a(assert.o)
 *fill*         0x000000000002c3f9        0x3 
 .rodata        0x000000000002c3fc        0xc build/cooja/mtype261.a(framer-802154.o)
                0x000000000002c3fc                framer_802154
 .rodata        0x000000000002c408       0x44 build/cooja/mtype261.a(uip-sr.o)
 .rodata        0x000000000002c44c       0x58 build/cooja/mtype261.a(rpl-neighbor.o)
 .rodata        0x000000000002c4a4       0xdb build/cooja/mtype261.a(rpl-dag.o)
 .rodata        0x000000000002c57f        0xc build/cooja/mtype261.a(rpl-timers.o)

.rodata1
 *(.rodata1)

.eh_frame_hdr   0x000000000002c58c     0x1a3c
 *(.eh_frame_hdr)
 .eh_frame_hdr  0x000000000002c58c     0x1a3c coap_server_led.o
                0x000000000002c58c                __GNU_EH_FRAME_HDR
 *(.eh_frame_entry .eh_frame_entry.*)

.eh_frame       0x000000000002dfc8     0x6a6c
 *(.eh_frame)
 .eh_frame      0x000000000002dfc8       0x3c /usr/lib/gcc/i686-linux-gnu/5/../../../i386-linux-gnu/crti.o
                                         0x40 (size before relaxing)
 .eh_frame      0x000000000002e004      0x100 coap_server_led.o
                                        0x118 (size before relaxing)
 .eh_frame      0x000000000002e104      0x178 build/cooja/mtype261.o
                                        0x190 (size before relaxing)
 .eh_frame      0x000000000002e27c       0x40 build/cooja/mtype261.a(simEnvChange.o)
                                         0x58 (size before relaxing)
 .eh_frame      0x000000000002e2bc       0x60 build/cooja/mtype261.a(cooja_mt.o)
                                         0x78 (size before relaxing)
 .eh_frame      0x000000000002e31c       0x80 build/cooja/mtype261.a(cooja_mtarch.o)
                                         0x98 (size before relaxing)
 .eh_frame      0x000000000002e39c       0xc8 build/cooja/mtype261.a(rtimer-arch.o)
                                         0xe0 (size before relaxing)
 .eh_frame      0x000000000002e464      0x160 build/cooja/mtype261.a(beep.o)
                                        0x178 (size before relaxing)
 .eh_frame      0x000000000002e5c4       0x80 build/cooja/mtype261.a(leds-arch.o)
                                         0x98 (size before relaxing)
 .eh_frame      0x000000000002e644       0x40 build/cooja/mtype261.a(moteid.o)
                                         0x58 (size before relaxing)
 .eh_frame      0x000000000002e684       0xa0 build/cooja/mtype261.a(pir-sensor.o)
                                         0xb8 (size before relaxing)
 .eh_frame      0x000000000002e724      0x100 build/cooja/mtype261.a(rs232.o)
                                        0x118 (size before relaxing)
 .eh_frame      0x000000000002e824       0xa0 build/cooja/mtype261.a(vib-sensor.o)
                                         0xb8 (size before relaxing)
 .eh_frame      0x000000000002e8c4       0xc0 build/cooja/mtype261.a(clock.o)
                                         0xd8 (size before relaxing)
 .eh_frame      0x000000000002e984      0x120 build/cooja/mtype261.a(cooja-log.o)
                                        0x138 (size before relaxing)
 .eh_frame      0x000000000002eaa4      0x160 build/cooja/mtype261.a(cfs-cooja.o)
                                        0x178 (size before relaxing)
 .eh_frame      0x000000000002ec04      0x340 build/cooja/mtype261.a(cooja-radio.o)
                                        0x358 (size before relaxing)
 .eh_frame      0x000000000002ef44       0xa0 build/cooja/mtype261.a(eeprom.o)
                                         0xb8 (size before relaxing)
 .eh_frame      0x000000000002efe4       0x40 build/cooja/mtype261.a(random.o)
                                         0x58 (size before relaxing)
 .eh_frame      0x000000000002f024       0xc0 build/cooja/mtype261.a(sensors.o)
                                         0xd8 (size before relaxing)
 .eh_frame      0x000000000002f0e4      0x120 build/cooja/mtype261.a(leds.o)
                                        0x138 (size before relaxing)
 .eh_frame      0x000000000002f204      0x220 build/cooja/mtype261.a(gpio-hal-arch.o)
                                        0x238 (size before relaxing)
 .eh_frame      0x000000000002f424       0xa0 build/cooja/mtype261.a(buttons.o)
                                         0xb8 (size before relaxing)
 .eh_frame      0x000000000002f4c4       0x24 build/cooja/mtype261.a(res-sensors.o)
                                         0x3c (size before relaxing)
 .eh_frame      0x000000000002f4e8       0x40 build/cooja/mtype261.a(res-leds.o)
                                         0x58 (size before relaxing)
 .eh_frame      0x000000000002f528       0x44 build/cooja/mtype261.a(coap-blocking-a)
                                         0x5c (size before relaxing)
 .eh_frame      0x000000000002f56c      0x220 build/cooja/mtype261.a(coap-engine.o)
                                        0x238 (size before relaxing)
 .eh_frame      0x000000000002f78c       0x24 build/cooja/mtype261.a(coap-res-well-k)
                                         0x3c (size before relaxing)
 .eh_frame      0x000000000002f7b0      0x188 build/cooja/mtype261.a(coap-observe.o)
                                        0x1a0 (size before relaxing)
 .eh_frame      0x000000000002f938      0x250 build/cooja/mtype261.a(coap-uip.o)
                                        0x268 (size before relaxing)
 .eh_frame      0x000000000002fb88      0x114 build/cooja/mtype261.a(coap-timer.o)
                                        0x12c (size before relaxing)
 .eh_frame      0x000000000002fc9c      0x100 build/cooja/mtype261.a(coap-transactio)
                                        0x118 (size before relaxing)
 .eh_frame      0x000000000002fd9c      0x6ec build/cooja/mtype261.a(coap.o)
                                        0x704 (size before relaxing)
 .eh_frame      0x0000000000030488       0x30 build/cooja/mtype261.a(contiki-main.o)
                                         0x48 (size before relaxing)
 .eh_frame      0x00000000000304b8       0x40 build/cooja/mtype261.a(autostart.o)
                                         0x58 (size before relaxing)
 .eh_frame      0x00000000000304f8      0x100 build/cooja/mtype261.a(ctimer.o)
                                        0x118 (size before relaxing)
 .eh_frame      0x00000000000305f8      0x100 build/cooja/mtype261.a(log.o)
                                        0x118 (size before relaxing)
 .eh_frame      0x00000000000306f8       0x60 build/cooja/mtype261.a(energest.o)
                                         0x78 (size before relaxing)
 .eh_frame      0x0000000000030758      0x1e0 build/cooja/mtype261.a(etimer.o)
                                        0x1f8 (size before relaxing)
 .eh_frame      0x0000000000030938       0x20 build/cooja/mtype261.a(node-id.o)
                                         0x38 (size before relaxing)
 .eh_frame      0x0000000000030958       0x60 build/cooja/mtype261.a(rtimer.o)
                                         0x78 (size before relaxing)
 .eh_frame      0x00000000000309b8      0x1c4 build/cooja/mtype261.a(process.o)
                                        0x1dc (size before relaxing)
 .eh_frame      0x0000000000030b7c       0xa4 build/cooja/mtype261.a(timer.o)
                                         0xbc (size before relaxing)
 .eh_frame      0x0000000000030c20      0x1a0 build/cooja/mtype261.a(list.o)
                                        0x1b8 (size before relaxing)
 .eh_frame      0x0000000000030dc0       0xa0 build/cooja/mtype261.a(memb.o)
                                         0xb8 (size before relaxing)
 .eh_frame      0x0000000000030e60      0x144 build/cooja/mtype261.a(button-hal.o)
                                        0x15c (size before relaxing)
 .eh_frame      0x0000000000030fa4       0x60 build/cooja/mtype261.a(serial-line.o)
                                         0x78 (size before relaxing)
 .eh_frame      0x0000000000031004       0xe0 build/cooja/mtype261.a(gpio-hal.o)
                                         0xf8 (size before relaxing)
 .eh_frame      0x00000000000310e4      0x1a0 build/cooja/mtype261.a(queuebuf.o)
                                        0x1b8 (size before relaxing)
 .eh_frame      0x0000000000031284      0x28c build/cooja/mtype261.a(packetbuf.o)
                                        0x2a4 (size before relaxing)
 .eh_frame      0x0000000000031510       0x80 build/cooja/mtype261.a(netstack.o)
                                         0x98 (size before relaxing)
 .eh_frame      0x0000000000031590       0x60 build/cooja/mtype261.a(linkaddr.o)
                                         0x78 (size before relaxing)
 .eh_frame      0x00000000000315f0       0xe0 build/cooja/mtype261.a(csma.o)
                                         0xf8 (size before relaxing)
 .eh_frame      0x00000000000316d0      0x1d0 build/cooja/mtype261.a(csma-output.o)
                                        0x1e8 (size before relaxing)
 .eh_frame      0x00000000000318a0      0x328 build/cooja/mtype261.a(uip-ds6.o)
                                        0x340 (size before relaxing)
 .eh_frame      0x0000000000031bc8       0x40 build/cooja/mtype261.a(uip-udp-packet.)
                                         0x58 (size before relaxing)
 .eh_frame      0x0000000000031c08      0x2e0 build/cooja/mtype261.a(uip-ds6-route.o)
                                        0x2f8 (size before relaxing)
 .eh_frame      0x0000000000031ee8      0x244 build/cooja/mtype261.a(tcpip.o)
                                        0x25c (size before relaxing)
 .eh_frame      0x000000000003212c      0x1e8 build/cooja/mtype261.a(uip6.o)
                                        0x200 (size before relaxing)
 .eh_frame      0x0000000000032314      0x1c0 build/cooja/mtype261.a(uip-ds6-nbr.o)
                                        0x1d8 (size before relaxing)
 .eh_frame      0x00000000000324d4       0x84 build/cooja/mtype261.a(uip-nd6.o)
                                         0x9c (size before relaxing)
 .eh_frame      0x0000000000032558      0x2f8 build/cooja/mtype261.a(sicslowpan.o)
                                        0x310 (size before relaxing)
 .eh_frame      0x0000000000032850       0x88 build/cooja/mtype261.a(uiplib.o)
                                         0xa0 (size before relaxing)
 .eh_frame      0x00000000000328d8      0x1e0 build/cooja/mtype261.a(rpl.o)
                                        0x1f8 (size before relaxing)
 .eh_frame      0x0000000000032ab8      0x1c4 build/cooja/mtype261.a(rpl-icmp6.o)
                                        0x1dc (size before relaxing)
 .eh_frame      0x0000000000032c7c       0xa0 build/cooja/mtype261.a(rpl-dag-root.o)
                                         0xb8 (size before relaxing)
 .eh_frame      0x0000000000032d1c       0xa0 build/cooja/mtype261.a(watchdog.o)
                                         0xb8 (size before relaxing)
 .eh_frame      0x0000000000032dbc       0x80 build/cooja/mtype261.a(int-master.o)
                                         0x98 (size before relaxing)
 .eh_frame      0x0000000000032e3c       0xa4 build/cooja/mtype261.a(coap-timer-defa)
                                         0xbc (size before relaxing)
 .eh_frame      0x0000000000032ee0       0xc4 build/cooja/mtype261.a(stimer.o)
                                         0xdc (size before relaxing)
 .eh_frame      0x0000000000032fa4       0xa0 build/cooja/mtype261.a(ringbuf.o)
                                         0xb8 (size before relaxing)
 .eh_frame      0x0000000000033044       0x20 build/cooja/mtype261.a(assert.o)
                                         0x38 (size before relaxing)
 .eh_frame      0x0000000000033064      0x2ac build/cooja/mtype261.a(nbr-table.o)
                                        0x2c4 (size before relaxing)
 .eh_frame      0x0000000000033310      0x120 build/cooja/mtype261.a(link-stats.o)
                                        0x138 (size before relaxing)
 .eh_frame      0x0000000000033430       0x48 build/cooja/mtype261.a(mac-sequence.o)
                                         0x60 (size before relaxing)
 .eh_frame      0x0000000000033478       0x20 build/cooja/mtype261.a(mac.o)
                                         0x38 (size before relaxing)
 .eh_frame      0x0000000000033498       0xa4 build/cooja/mtype261.a(framer-802154.o)
                                         0xbc (size before relaxing)
 .eh_frame      0x000000000003353c      0x1a4 build/cooja/mtype261.a(frame802154.o)
                                        0x1bc (size before relaxing)
 .eh_frame      0x00000000000336e0       0x40 build/cooja/mtype261.a(csma-security.o)
                                         0x58 (size before relaxing)
 .eh_frame      0x0000000000033720      0x200 build/cooja/mtype261.a(uipbuf.o)
                                        0x218 (size before relaxing)
 .eh_frame      0x0000000000033920      0x150 build/cooja/mtype261.a(uip-icmp6.o)
                                        0x168 (size before relaxing)
 .eh_frame      0x0000000000033a70      0x184 build/cooja/mtype261.a(uip-sr.o)
                                        0x19c (size before relaxing)
 .eh_frame      0x0000000000033bf4       0xe0 build/cooja/mtype261.a(uip-packetqueue)
                                         0xf8 (size before relaxing)
 .eh_frame      0x0000000000033cd4       0x80 build/cooja/mtype261.a(rpl-nbr-policy.)
                                         0x98 (size before relaxing)
 .eh_frame      0x0000000000033d54      0x2d4 build/cooja/mtype261.a(rpl-neighbor.o)
                                        0x2ec (size before relaxing)
 .eh_frame      0x0000000000034028      0x370 build/cooja/mtype261.a(rpl-dag.o)
                                        0x388 (size before relaxing)
 .eh_frame      0x0000000000034398      0x3a8 build/cooja/mtype261.a(rpl-timers.o)
                                        0x3c0 (size before relaxing)
 .eh_frame      0x0000000000034740      0x124 build/cooja/mtype261.a(rpl-ext-header.)
                                        0x13c (size before relaxing)
 .eh_frame      0x0000000000034864      0x148 build/cooja/mtype261.a(rpl-mrhof.o)
                                        0x160 (size before relaxing)
 .eh_frame      0x00000000000349ac       0x84 /usr/lib/gcc/i686-linux-gnu/5/libgcc.a(_udivdi3.o)
                                         0x9c (size before relaxing)
 .eh_frame      0x0000000000034a30        0x4 /usr/lib/gcc/i686-linux-gnu/5/crtendS.o
 *(.eh_frame.*)

.gcc_except_table
 *(.gcc_except_table .gcc_except_table.*)

.gnu_extab
 *(.gnu_extab*)

.exception_ranges
 *(.exception_ranges .exception_ranges*)
                0x0000000000035f10                . = DATA_SEGMENT_ALIGN (0x1000, 0x1000)

.eh_frame
 *(.eh_frame)
 *(.eh_frame.*)

.gnu_extab
 *(.gnu_extab)

.gcc_except_table
 *(.gcc_except_table .gcc_except_table.*)

.exception_ranges
 *(.exception_ranges .exception_ranges*)

.tdata
 *(.tdata .tdata.* .gnu.linkonce.td.*)

.tbss
 *(.tbss .tbss.* .gnu.linkonce.tb.*)
 *(.tcommon)

.preinit_array
 *(.preinit_array)

.init_array     0x0000000000035f10        0x4
 *(SORT(.init_array.*) SORT(.ctors.*))
 *(.init_array EXCLUDE_FILE(*crtend?.o *crtend.o *crtbegin?.o *crtbegin.o) .ctors)
 .init_array    0x0000000000035f10        0x4 /usr/lib/gcc/i686-linux-gnu/5/crtbeginS.o

.fini_array     0x0000000000035f14        0x4
 *(SORT(.fini_array.*) SORT(.dtors.*))
 *(.fini_array EXCLUDE_FILE(*crtend?.o *crtend.o *crtbegin?.o *crtbegin.o) .dtors)
 .fini_array    0x0000000000035f14        0x4 /usr/lib/gcc/i686-linux-gnu/5/crtbeginS.o

.ctors
 *crtbegin.o(.ctors)
 *crtbegin?.o(.ctors)
 *(EXCLUDE_FILE(*crtend?.o *crtend.o) .ctors)
 *(SORT(.ctors.*))
 *(.ctors)

.dtors
 *crtbegin.o(.dtors)
 *crtbegin?.o(.dtors)
 *(EXCLUDE_FILE(*crtend?.o *crtend.o) .dtors)
 *(SORT(.dtors.*))
 *(.dtors)

.jcr            0x0000000000035f18        0x4
 *(.jcr)
 .jcr           0x0000000000035f18        0x0 /usr/lib/gcc/i686-linux-gnu/5/crtbeginS.o
 .jcr           0x0000000000035f18        0x4 /usr/lib/gcc/i686-linux-gnu/5/crtendS.o

.data.rel.ro
 *(.data.rel.ro.local* .gnu.linkonce.d.rel.ro.local.*)
 *(.data.rel.ro .data.rel.ro.* .gnu.linkonce.d.rel.ro.*)

.dynamic        0x0000000000035f1c       0xd0
 *(.dynamic)
 .dynamic       0x0000000000035f1c       0xd0 /usr/lib/gcc/i686-linux-gnu/5/../../../i386-linux-gnu/crti.o
                0x0000000000035f1c                _DYNAMIC

.got            0x0000000000035fec       0x14
 *(.got)
 .got           0x0000000000035fec       0x14 /usr/lib/gcc/i686-linux-gnu/5/../../../i386-linux-gnu/crti.o
 *(.igot)
                0x0000000000036ff4                . = DATA_SEGMENT_RELRO_END (., (SIZEOF (.got.plt) >= 0xc)?0xc:0x0)

.got.plt        0x0000000000036000        0xc
 *(.got.plt)
 .got.plt       0x0000000000036000        0xc /usr/lib/gcc/i686-linux-gnu/5/../../../i386-linux-gnu/crti.o
                0x0000000000036000                _GLOBAL_OFFSET_TABLE_
 *(.igot.plt)

.data           0x0000000000036020      0x504
 *(.data .data.* .gnu.linkonce.d.*)
 .data          0x0000000000036020        0x0 /usr/lib/gcc/i686-linux-gnu/5/../../../i386-linux-gnu/crti.o
 .data          0x0000000000036020        0x0 /usr/lib/gcc/i686-linux-gnu/5/crtbeginS.o
 .data.rel.local
                0x0000000000036020        0x4 /usr/lib/gcc/i686-linux-gnu/5/crtbeginS.o
                0x0000000000036020                __dso_handle
 .data          0x0000000000036024       0x54 coap_server_led.o
                0x0000000000036024                stream_sensors
                0x0000000000036028                contiki_ng_coap_actuator
                0x0000000000036038                proxy_server_registration
                0x0000000000036048                collect_sensors_from_lookup
                0x0000000000036058                closed_loop_simulation
                0x0000000000036068                temperature_posting
 *fill*         0x0000000000036078        0x8 
 .data          0x0000000000036080       0x44 build/cooja/mtype261.o
                0x0000000000036080                simInterfaces
                0x00000000000360b4                sensors
 .data          0x00000000000360c4        0x0 build/cooja/mtype261.a(simEnvChange.o)
 .data          0x00000000000360c4        0x0 build/cooja/mtype261.a(cooja_mt.o)
 .data          0x00000000000360c4        0x0 build/cooja/mtype261.a(cooja_mtarch.o)
 .data          0x00000000000360c4        0x0 build/cooja/mtype261.a(rtimer-arch.o)
 .data          0x00000000000360c4        0x0 build/cooja/mtype261.a(beep.o)
 .data          0x00000000000360c4        0x0 build/cooja/mtype261.a(leds-arch.o)
 .data          0x00000000000360c4        0x0 build/cooja/mtype261.a(moteid.o)
 .data          0x00000000000360c4        0x0 build/cooja/mtype261.a(pir-sensor.o)
 .data          0x00000000000360c4        0x0 build/cooja/mtype261.a(rs232.o)
 .data          0x00000000000360c4        0x0 build/cooja/mtype261.a(vib-sensor.o)
 .data          0x00000000000360c4        0x0 build/cooja/mtype261.a(clock.o)
 .data          0x00000000000360c4        0x0 build/cooja/mtype261.a(cooja-log.o)
 .data          0x00000000000360c4        0x0 build/cooja/mtype261.a(cfs-cooja.o)
 .data          0x00000000000360c4       0x2c build/cooja/mtype261.a(cooja-radio.o)
                0x00000000000360c4                simRadioHWOn
                0x00000000000360c8                simSignalStrength
                0x00000000000360cc                simLastSignalStrength
                0x00000000000360d0                simPower
                0x00000000000360d4                simRadioChannel
                0x00000000000360d8                simLQI
                0x00000000000360e0                cooja_radio_process
 .data          0x00000000000360f0        0x0 build/cooja/mtype261.a(eeprom.o)
 .data          0x00000000000360f0        0x0 build/cooja/mtype261.a(random.o)
 .data          0x00000000000360f0       0x10 build/cooja/mtype261.a(sensors.o)
                0x00000000000360f0                sensors_process
 .data          0x0000000000036100        0x0 build/cooja/mtype261.a(leds.o)
 .data          0x0000000000036100        0x0 build/cooja/mtype261.a(gpio-hal-arch.o)
 .data          0x0000000000036100       0x78 build/cooja/mtype261.a(buttons.o)
                0x0000000000036100                simButtonIsActive
                0x0000000000036170                button_hal_buttons
 *fill*         0x0000000000036178        0x8 
 .data          0x0000000000036180       0x24 build/cooja/mtype261.a(res-sensors.o)
                0x0000000000036180                res_sensors
 *fill*         0x00000000000361a4       0x1c 
 .data          0x00000000000361c0       0x24 build/cooja/mtype261.a(res-leds.o)
                0x00000000000361c0                res_leds
 .data          0x00000000000361e4        0x0 build/cooja/mtype261.a(coap-blocking-a)
 .data          0x00000000000361e4        0x8 build/cooja/mtype261.a(coap-engine.o)
 *fill*         0x00000000000361ec       0x14 
 .data          0x0000000000036200       0x24 build/cooja/mtype261.a(coap-res-well-k)
                0x0000000000036200                res_well_known_core
 .data          0x0000000000036224       0x10 build/cooja/mtype261.a(coap-observe.o)
 .data          0x0000000000036234       0x10 build/cooja/mtype261.a(coap-uip.o)
                0x0000000000036234                coap_engine
 .data          0x0000000000036244        0x4 build/cooja/mtype261.a(coap-timer.o)
 .data          0x0000000000036248       0x10 build/cooja/mtype261.a(coap-transactio)
 .data          0x0000000000036258        0x4 build/cooja/mtype261.a(coap.o)
                0x0000000000036258                coap_error_message
 .data          0x000000000003625c        0x0 build/cooja/mtype261.a(contiki-main.o)
 .data          0x000000000003625c        0x0 build/cooja/mtype261.a(autostart.o)
 .data          0x000000000003625c       0x14 build/cooja/mtype261.a(ctimer.o)
                0x0000000000036260                ctimer_process
 *fill*         0x0000000000036270       0x10 
 .data          0x0000000000036280       0xbc build/cooja/mtype261.a(log.o)
                0x0000000000036280                curr_log_level_main
                0x00000000000362a0                all_modules
 .data          0x000000000003633c        0x0 build/cooja/mtype261.a(energest.o)
 .data          0x000000000003633c       0x10 build/cooja/mtype261.a(etimer.o)
                0x000000000003633c                etimer_process
 .data          0x000000000003634c        0x0 build/cooja/mtype261.a(node-id.o)
 .data          0x000000000003634c        0x0 build/cooja/mtype261.a(rtimer.o)
 .data          0x000000000003634c        0x0 build/cooja/mtype261.a(process.o)
 .data          0x000000000003634c        0x0 build/cooja/mtype261.a(timer.o)
 .data          0x000000000003634c        0x0 build/cooja/mtype261.a(list.o)
 .data          0x000000000003634c        0x0 build/cooja/mtype261.a(memb.o)
 .data          0x000000000003634c       0x10 build/cooja/mtype261.a(button-hal.o)
                0x000000000003634c                button_hal_process
 .data          0x000000000003635c       0x10 build/cooja/mtype261.a(serial-line.o)
                0x000000000003635c                serial_line_process
 .data          0x000000000003636c        0x4 build/cooja/mtype261.a(gpio-hal.o)
 .data          0x0000000000036370       0x18 build/cooja/mtype261.a(queuebuf.o)
 .data          0x0000000000036388        0x4 build/cooja/mtype261.a(packetbuf.o)
 .data          0x000000000003638c        0x4 build/cooja/mtype261.a(netstack.o)
 .data          0x0000000000036390        0x0 build/cooja/mtype261.a(linkaddr.o)
 .data          0x0000000000036390        0x0 build/cooja/mtype261.a(csma.o)
 .data          0x0000000000036390       0x28 build/cooja/mtype261.a(csma-output.o)
 .data          0x00000000000363b8        0x0 build/cooja/mtype261.a(uip-ds6.o)
 .data          0x00000000000363b8        0x0 build/cooja/mtype261.a(uip-udp-packet.)
 .data          0x00000000000363b8       0x44 build/cooja/mtype261.a(uip-ds6-route.o)
                0x00000000000363c8                nbr_routes
 .data          0x00000000000363fc       0x10 build/cooja/mtype261.a(tcpip.o)
                0x00000000000363fc                tcpip_process
 .data          0x000000000003640c        0x0 build/cooja/mtype261.a(uip6.o)
 .data          0x000000000003640c       0x14 build/cooja/mtype261.a(uip-ds6-nbr.o)
 .data          0x0000000000036420        0xc build/cooja/mtype261.a(uip-nd6.o)
 .data          0x000000000003642c        0x0 build/cooja/mtype261.a(sicslowpan.o)
 .data          0x000000000003642c        0x0 build/cooja/mtype261.a(uiplib.o)
 .data          0x000000000003642c        0x0 build/cooja/mtype261.a(rpl.o)
 .data          0x000000000003642c       0x30 build/cooja/mtype261.a(rpl-icmp6.o)
 .data          0x000000000003645c        0x0 build/cooja/mtype261.a(rpl-dag-root.o)
 .data          0x000000000003645c        0x0 build/cooja/mtype261.a(watchdog.o)
 .data          0x000000000003645c        0x0 build/cooja/mtype261.a(int-master.o)
 .data          0x000000000003645c       0x10 build/cooja/mtype261.a(coap-timer-defa)
                0x000000000003645c                coap_timer_process
 .data          0x000000000003646c        0x0 build/cooja/mtype261.a(stimer.o)
 .data          0x000000000003646c        0x0 build/cooja/mtype261.a(ringbuf.o)
 .data          0x000000000003646c        0x0 build/cooja/mtype261.a(assert.o)
 .data          0x000000000003646c       0x10 build/cooja/mtype261.a(nbr-table.o)
 .data          0x000000000003647c       0x14 build/cooja/mtype261.a(link-stats.o)
 .data          0x0000000000036490        0x0 build/cooja/mtype261.a(mac-sequence.o)
 .data          0x0000000000036490        0x0 build/cooja/mtype261.a(mac.o)
 .data          0x0000000000036490        0x0 build/cooja/mtype261.a(framer-802154.o)
 .data          0x0000000000036490        0x2 build/cooja/mtype261.a(frame802154.o)
 .data          0x0000000000036492        0x0 build/cooja/mtype261.a(csma-security.o)
 .data          0x0000000000036492        0x0 build/cooja/mtype261.a(uipbuf.o)
 *fill*         0x0000000000036492        0x2 
 .data          0x0000000000036494       0x20 build/cooja/mtype261.a(uip-icmp6.o)
 .data          0x00000000000364b4       0x10 build/cooja/mtype261.a(uip-sr.o)
 .data          0x00000000000364c4        0xc build/cooja/mtype261.a(uip-packetqueue)
 .data          0x00000000000364d0        0x0 build/cooja/mtype261.a(rpl-nbr-policy.)
 .data          0x00000000000364d0       0x14 build/cooja/mtype261.a(rpl-neighbor.o)
                0x00000000000364e0                rpl_neighbors
 .data          0x00000000000364e4        0x0 build/cooja/mtype261.a(rpl-dag.o)
 .data          0x00000000000364e4        0x0 build/cooja/mtype261.a(rpl-timers.o)
 .data          0x00000000000364e4        0x0 build/cooja/mtype261.a(rpl-ext-header.)
 *fill*         0x00000000000364e4       0x1c 
 .data          0x0000000000036500       0x24 build/cooja/mtype261.a(rpl-mrhof.o)
                0x0000000000036500                rpl_mrhof
 .data          0x0000000000036524        0x0 /usr/lib/gcc/i686-linux-gnu/5/libgcc.a(_udivdi3.o)
 .data          0x0000000000036524        0x0 /usr/lib/gcc/i686-linux-gnu/5/crtendS.o
 .data          0x0000000000036524        0x0 /usr/lib/gcc/i686-linux-gnu/5/../../../i386-linux-gnu/crtn.o

.tm_clone_table
                0x0000000000036524        0x0
 .tm_clone_table
                0x0000000000036524        0x0 /usr/lib/gcc/i686-linux-gnu/5/crtbeginS.o
 .tm_clone_table
                0x0000000000036524        0x0 /usr/lib/gcc/i686-linux-gnu/5/crtendS.o

.data1
 *(.data1)
                0x0000000000036524                _edata = .
                [!provide]                        PROVIDE (edata, .)
                0x0000000000036524                . = .
                0x0000000000036524                __bss_start = .

.bss            0x0000000000036540     0xf644
 *(.dynbss)
 .dynbss        0x0000000000036540        0x0 /usr/lib/gcc/i686-linux-gnu/5/../../../i386-linux-gnu/crti.o
 *(.bss .bss.* .gnu.linkonce.b.*)
 .bss           0x0000000000036540        0x0 /usr/lib/gcc/i686-linux-gnu/5/../../../i386-linux-gnu/crti.o
 .bss           0x0000000000036540        0x1 /usr/lib/gcc/i686-linux-gnu/5/crtbeginS.o
 *fill*         0x0000000000036541       0x1f 
 .bss           0x0000000000036560      0x44c coap_server_led.o
                0x0000000000036560                sensor_number
 *fill*         0x00000000000369ac       0x14 
 .bss           0x00000000000369c0     0x2030 build/cooja/mtype261.o
 .bss           0x00000000000389f0        0x1 build/cooja/mtype261.a(simEnvChange.o)
                0x00000000000389f0                simDontFallAsleep
 *fill*         0x00000000000389f1        0x3 
 .bss           0x00000000000389f4        0x4 build/cooja/mtype261.a(cooja_mt.o)
 .bss           0x00000000000389f8        0x4 build/cooja/mtype261.a(cooja_mtarch.o)
 .bss           0x00000000000389fc        0x0 build/cooja/mtype261.a(rtimer-arch.o)
 .bss           0x00000000000389fc        0x0 build/cooja/mtype261.a(beep.o)
 .bss           0x00000000000389fc        0x1 build/cooja/mtype261.a(leds-arch.o)
                0x00000000000389fc                simLedsValue
 .bss           0x00000000000389fd        0x0 build/cooja/mtype261.a(moteid.o)
 .bss           0x00000000000389fd        0x1 build/cooja/mtype261.a(pir-sensor.o)
                0x00000000000389fd                simPirValue
 *fill*         0x00000000000389fe        0x2 
 .bss           0x0000000000038a00        0x4 build/cooja/mtype261.a(rs232.o)
 .bss           0x0000000000038a04        0x1 build/cooja/mtype261.a(vib-sensor.o)
                0x0000000000038a04                simVibValue
 .bss           0x0000000000038a05        0x0 build/cooja/mtype261.a(clock.o)
 *fill*         0x0000000000038a05       0x1b 
 .bss           0x0000000000038a20     0x2020 build/cooja/mtype261.a(cooja-log.o)
 .bss           0x000000000003aa40      0xfc0 build/cooja/mtype261.a(cfs-cooja.o)
                0x000000000003aa40                simCFSData
                0x000000000003b9e0                simCFSSize
                0x000000000003b9e4                simCFSChanged
                0x000000000003b9e8                simCFSRead
                0x000000000003b9ec                simCFSWritten
 .bss           0x000000000003ba00       0x24 build/cooja/mtype261.a(cooja-radio.o)
                0x000000000003ba00                simReceiving
                0x000000000003ba04                simInSize
                0x000000000003ba08                simLastPacketTimestamp
                0x000000000003ba10                simOutSize
 .bss           0x000000000003ba24        0xc build/cooja/mtype261.a(eeprom.o)
                0x000000000003ba24                simEEPROMChanged
                0x000000000003ba28                simEEPROMRead
                0x000000000003ba2c                simEEPROMWritten
 .bss           0x000000000003ba30        0x0 build/cooja/mtype261.a(random.o)
 .bss           0x000000000003ba30        0xc build/cooja/mtype261.a(sensors.o)
 .bss           0x000000000003ba3c        0x0 build/cooja/mtype261.a(leds.o)
 .bss           0x000000000003ba3c       0x24 build/cooja/mtype261.a(gpio-hal-arch.o)
 .bss           0x000000000003ba60        0x0 build/cooja/mtype261.a(buttons.o)
 .bss           0x000000000003ba60       0x52 build/cooja/mtype261.a(res-sensors.o)
 *fill*         0x000000000003bab2        0xe 
 .bss           0x000000000003bac0       0x44 build/cooja/mtype261.a(res-leds.o)
 .bss           0x000000000003bb04        0x0 build/cooja/mtype261.a(coap-blocking-a)
 *fill*         0x000000000003bb04       0x1c 
 .bss           0x000000000003bb20      0x190 build/cooja/mtype261.a(coap-engine.o)
 .bss           0x000000000003bcb0        0x0 build/cooja/mtype261.a(coap-res-well-k)
 *fill*         0x000000000003bcb0       0x10 
 .bss           0x000000000003bcc0      0x120 build/cooja/mtype261.a(coap-observe.o)
 .bss           0x000000000003bde0       0x18 build/cooja/mtype261.a(coap-uip.o)
 .bss           0x000000000003bdf8        0x5 build/cooja/mtype261.a(coap-timer.o)
 *fill*         0x000000000003bdfd        0x3 
 .bss           0x000000000003be00      0x334 build/cooja/mtype261.a(coap-transactio)
 .bss           0x000000000003c134        0x6 build/cooja/mtype261.a(coap.o)
                0x000000000003c134                coap_status_code
 .bss           0x000000000003c13a        0x0 build/cooja/mtype261.a(contiki-main.o)
 .bss           0x000000000003c13a        0x0 build/cooja/mtype261.a(autostart.o)
 *fill*         0x000000000003c13a        0x2 
 .bss           0x000000000003c13c        0x5 build/cooja/mtype261.a(ctimer.o)
 *fill*         0x000000000003c141        0x3 
 .bss           0x000000000003c144       0x2c build/cooja/mtype261.a(log.o)
                0x000000000003c144                curr_log_level_rpl
                0x000000000003c148                curr_log_level_tcpip
                0x000000000003c14c                curr_log_level_ipv6
                0x000000000003c150                curr_log_level_6lowpan
                0x000000000003c154                curr_log_level_nullnet
                0x000000000003c158                curr_log_level_mac
                0x000000000003c15c                curr_log_level_framer
                0x000000000003c160                curr_log_level_6top
                0x000000000003c164                curr_log_level_coap
                0x000000000003c168                curr_log_level_snmp
                0x000000000003c16c                curr_log_level_lwm2m
 .bss           0x000000000003c170        0x0 build/cooja/mtype261.a(energest.o)
 .bss           0x000000000003c170        0x8 build/cooja/mtype261.a(etimer.o)
 .bss           0x000000000003c178        0x2 build/cooja/mtype261.a(node-id.o)
                0x000000000003c178                node_id
 *fill*         0x000000000003c17a        0x2 
 .bss           0x000000000003c17c        0x4 build/cooja/mtype261.a(rtimer.o)
 .bss           0x000000000003c180      0x1a1 build/cooja/mtype261.a(process.o)
                0x000000000003c180                process_list
                0x000000000003c184                process_current
 .bss           0x000000000003c321        0x0 build/cooja/mtype261.a(timer.o)
 .bss           0x000000000003c321        0x0 build/cooja/mtype261.a(list.o)
 .bss           0x000000000003c321        0x0 build/cooja/mtype261.a(memb.o)
 *fill*         0x000000000003c321        0x3 
 .bss           0x000000000003c324       0x10 build/cooja/mtype261.a(button-hal.o)
 *fill*         0x000000000003c334        0xc 
 .bss           0x000000000003c340      0x140 build/cooja/mtype261.a(serial-line.o)
 .bss           0x000000000003c480        0x4 build/cooja/mtype261.a(gpio-hal.o)
 *fill*         0x000000000003c484       0x1c 
 .bss           0x000000000003c4a0     0x2c80 build/cooja/mtype261.a(queuebuf.o)
 .bss           0x000000000003f120       0xa0 build/cooja/mtype261.a(packetbuf.o)
 .bss           0x000000000003f1c0        0x4 build/cooja/mtype261.a(netstack.o)
 .bss           0x000000000003f1c4        0x0 build/cooja/mtype261.a(linkaddr.o)
 .bss           0x000000000003f1c4        0x0 build/cooja/mtype261.a(csma.o)
 *fill*         0x000000000003f1c4       0x1c 
 .bss           0x000000000003f1e0      0x726 build/cooja/mtype261.a(csma-output.o)