Archive member included to satisfy reference by file (symbol)

build/cooja/mtype970.a(simEnvChange.o)
                              build/cooja/mtype970.o (simDontFallAsleep)
build/cooja/mtype970.a(cooja_mt.o)
                              build/cooja/mtype970.o (cooja_mt_start)
build/cooja/mtype970.a(cooja_mtarch.o)
                              build/cooja/mtype970.a(cooja_mt.o) (cooja_mtarch_start)
build/cooja/mtype970.a(rtimer-arch.o)
                              build/cooja/mtype970.o (rtimer_arch_check)
build/cooja/mtype970.a(beep.o)
                              build/cooja/mtype970.o (beep_interface)
build/cooja/mtype970.a(leds-arch.o)
                              build/cooja/mtype970.o (leds_interface)
build/cooja/mtype970.a(moteid.o)
                              build/cooja/mtype970.o (moteid_interface)
build/cooja/mtype970.a(pir-sensor.o)
                              build/cooja/mtype970.o (pir_interface)
build/cooja/mtype970.a(rs232.o)
                              build/cooja/mtype970.o (rs232_interface)
build/cooja/mtype970.a(vib-sensor.o)
                              build/cooja/mtype970.o (vib_interface)
build/cooja/mtype970.a(clock.o)
                              build/cooja/mtype970.o (clock_interface)
build/cooja/mtype970.a(cooja-log.o)
                              build/cooja/mtype970.o (simlog_interface)
build/cooja/mtype970.a(cfs-cooja.o)
                              build/cooja/mtype970.o (cfs_interface)
build/cooja/mtype970.a(cooja-radio.o)
                              build/cooja/mtype970.o (radio_interface)
build/cooja/mtype970.a(eeprom.o)
                              build/cooja/mtype970.o (eeprom_interface)
build/cooja/mtype970.a(random.o)
                              build/cooja/mtype970.a(moteid.o) (random_init)
build/cooja/mtype970.a(sensors.o)
                              build/cooja/mtype970.a(pir-sensor.o) (sensors_changed)
build/cooja/mtype970.a(leds.o)
                              coap_server_led.o (leds_off)
build/cooja/mtype970.a(gpio-hal-arch.o)
                              build/cooja/mtype970.a(leds-arch.o) (gpio_hal_arch_register_pin_callback)
build/cooja/mtype970.a(buttons.o)
                              build/cooja/mtype970.o (button_interface)
build/cooja/mtype970.a(res-sensors.o)
                              coap_server_led.o (res_sensors)
build/cooja/mtype970.a(res-leds.o)
                              coap_server_led.o (res_leds)
build/cooja/mtype970.a(coap-blocking-a)
                              coap_server_led.o (coap_blocking_request)
build/cooja/mtype970.a(coap-engine.o)
                              coap_server_led.o (coap_activate_resource)
build/cooja/mtype970.a(coap-res-well-k)
                              build/cooja/mtype970.a(coap-engine.o) (res_well_known_core)
build/cooja/mtype970.a(coap-observe.o)
                              build/cooja/mtype970.a(coap-engine.o) (coap_remove_observer_by_mid)
build/cooja/mtype970.a(coap-uip.o)
                              build/cooja/mtype970.a(coap-observe.o) (coap_endpoint_copy)
build/cooja/mtype970.a(coap-timer.o)
                              build/cooja/mtype970.a(coap-engine.o) (coap_timer_set)
build/cooja/mtype970.a(coap-transactio)
                              build/cooja/mtype970.a(coap-blocking-a) (coap_send_transaction)
build/cooja/mtype970.a(coap.o)
                              build/cooja/mtype970.a(coap-engine.o) (coap_status_code)
build/cooja/mtype970.a(contiki-main.o)
                              build/cooja/mtype970.o (main)
build/cooja/mtype970.a(autostart.o)
                              build/cooja/mtype970.a(contiki-main.o) (autostart_start)
build/cooja/mtype970.a(ctimer.o)
                              build/cooja/mtype970.a(contiki-main.o) (ctimer_init)
build/cooja/mtype970.a(log.o)
                              build/cooja/mtype970.a(contiki-main.o) (curr_log_level_main)
build/cooja/mtype970.a(energest.o)
                              build/cooja/mtype970.a(contiki-main.o) (energest_init)
build/cooja/mtype970.a(etimer.o)
                              build/cooja/mtype970.a(contiki-main.o) (etimer_process)
build/cooja/mtype970.a(node-id.o)
                              build/cooja/mtype970.a(contiki-main.o) (node_id)
build/cooja/mtype970.a(rtimer.o)
                              build/cooja/mtype970.a(contiki-main.o) (rtimer_init)
build/cooja/mtype970.a(process.o)
                              coap_server_led.o (process_current)
build/cooja/mtype970.a(timer.o)
                              build/cooja/mtype970.a(etimer.o) (timer_set)
build/cooja/mtype970.a(list.o)
                              build/cooja/mtype970.a(coap-engine.o) (list_init)
build/cooja/mtype970.a(memb.o)
                              build/cooja/mtype970.a(coap-observe.o) (memb_alloc)
build/cooja/mtype970.a(button-hal.o)
                              build/cooja/mtype970.o (button_hal_init)
build/cooja/mtype970.a(serial-line.o)
[...]
Memory Configuration

Name             Origin             Length             Attributes
*default*        0x0000000000000000 0xffffffffffffffff

Linker script and memory map

LOAD /usr/lib/gcc/i686-linux-gnu/5/../../../i386-linux-gnu/crti.o
LOAD /usr/lib/gcc/i686-linux-gnu/5/crtbeginS.o
LOAD coap_server_led.o
LOAD build/cooja/mtype970.o
LOAD build/cooja/mtype970.a
LOAD /usr/lib/gcc/i686-linux-gnu/5/libgcc.a
LOAD /usr/lib/gcc/i686-linux-gnu/5/libgcc_s.so
LOAD /usr/lib/gcc/i686-linux-gnu/5/../../../i386-linux-gnu/libc.so
START GROUP
LOAD /lib/i386-linux-gnu/libc.so.6
LOAD /usr/lib/i386-linux-gnu/libc_nonshared.a
LOAD /lib/i386-linux-gnu/ld-linux.so.2
END GROUP
LOAD /usr/lib/gcc/i686-linux-gnu/5/libgcc.a
LOAD /usr/lib/gcc/i686-linux-gnu/5/libgcc_s.so
LOAD /usr/lib/gcc/i686-linux-gnu/5/crtendS.o
LOAD /usr/lib/gcc/i686-linux-gnu/5/../../../i386-linux-gnu/crtn.o
                0x0000000000000114                . = (0x0 + SIZEOF_HEADERS)

.note.gnu.build-id
                0x0000000000000114       0x24
 *(.note.gnu.build-id)
 .note.gnu.build-id
                0x0000000000000114       0x24 /usr/lib/gcc/i686-linux-gnu/5/../../../i386-linux-gnu/crti.o

.hash
 *(.hash)

.gnu.hash       0x0000000000000138     0x15c8
 *(.gnu.hash)
 .gnu.hash      0x0000000000000138     0x15c8 /usr/lib/gcc/i686-linux-gnu/5/../../../i386-linux-gnu/crti.o

.dynsym         0x0000000000001700     0x2fe0
 *(.dynsym)
 .dynsym        0x0000000000001700     0x2fe0 /usr/lib/gcc/i686-linux-gnu/5/../../../i386-linux-gnu/crti.o

.dynstr         0x00000000000046e0     0x37a2
 *(.dynstr)
 .dynstr        0x00000000000046e0     0x37a2 /usr/lib/gcc/i686-linux-gnu/5/../../../i386-linux-gnu/crti.o

.gnu.version    0x0000000000007e82      0x5fc
 *(.gnu.version)
 .gnu.version   0x0000000000007e82      0x5fc /usr/lib/gcc/i686-linux-gnu/5/../../../i386-linux-gnu/crti.o

.gnu.version_d  0x0000000000008480        0x0
 *(.gnu.version_d)
 .gnu.version_d
                0x0000000000008480        0x0 /usr/lib/gcc/i686-linux-gnu/5/../../../i386-linux-gnu/crti.o

.gnu.version_r  0x0000000000008480       0x40
 *(.gnu.version_r)
 .gnu.version_r
                0x0000000000008480       0x40 /usr/lib/gcc/i686-linux-gnu/5/../../../i386-linux-gnu/crti.o

.rel.dyn        0x00000000000084c0     0x9b08
 *(.rel.init)
 .rel.init      0x00000000000084c0        0x0 /usr/lib/gcc/i686-linux-gnu/5/../../../i386-linux-gnu/crti.o
 *(.rel.text .rel.text.* .rel.gnu.linkonce.t.*)
 .rel.text      0x00000000000084c0     0x90c8 /usr/lib/gcc/i686-linux-gnu/5/../../../i386-linux-gnu/crti.o
 *(.rel.fini)
 .rel.fini      0x0000000000011588        0x0 /usr/lib/gcc/i686-linux-gnu/5/../../../i386-linux-gnu/crti.o
 *(.rel.rodata .rel.rodata.* .rel.gnu.linkonce.r.*)
 .rel.rodata    0x0000000000011588      0x588 /usr/lib/gcc/i686-linux-gnu/5/../../../i386-linux-gnu/crti.o
 *(.rel.data.rel.ro .rel.data.rel.ro.* .rel.gnu.linkonce.d.rel.ro.*)
 *(.rel.data .rel.data.* .rel.gnu.linkonce.d.*)
 .rel.data.rel.local
                0x0000000000011b10        0x8 /usr/lib/gcc/i686-linux-gnu/5/../../../i386-linux-gnu/crti.o
 .rel.data      0x0000000000011b18      0x478 /usr/lib/gcc/i686-linux-gnu/5/../../../i386-linux-gnu/crti.o
 *(.rel.tdata .rel.tdata.* .rel.gnu.linkonce.td.*)
 *(.rel.tbss .rel.tbss.* .rel.gnu.linkonce.tb.*)
 *(.rel.ctors)
 *(.rel.dtors)
 *(.rel.got)
 .rel.got       0x0000000000011f90       0x28 /usr/lib/gcc/i686-linux-gnu/5/../../../i386-linux-gnu/crti.o
 *(.rel.bss .rel.bss.* .rel.gnu.linkonce.b.*)
 *(.rel.ifunc)
 .rel.ifunc     0x0000000000011fb8        0x0 /usr/lib/gcc/i686-linux-gnu/5/../../../i386-linux-gnu/crti.o
 .rel.fini_array
                0x0000000000011fb8        0x8 /usr/lib/gcc/i686-linux-gnu/5/../../../i386-linux-gnu/crti.o
 .rel.init_array
                0x0000000000011fc0        0x8 /usr/lib/gcc/i686-linux-gnu/5/../../../i386-linux-gnu/crti.o

.rel.plt        0x0000000000011fc8        0x0
 *(.rel.plt)
 .rel.plt       0x0000000000011fc8        0x0 /usr/lib/gcc/i686-linux-gnu/5/../../../i386-linux-gnu/crti.o
 *(.rel.iplt)

.init           0x0000000000011fc8       0x23
 *(SORT(.init))
 .init          0x0000000000011fc8       0x1e /usr/lib/gcc/i686-linux-gnu/5/../../../i386-linux-gnu/crti.o
                0x0000000000011fc8                _init
 .init          0x0000000000011fe6        0x5 /usr/lib/gcc/i686-linux-gnu/5/../../../i386-linux-gnu/crtn.o

.plt            0x0000000000011ff0       0x10
 *(.plt)
 .plt           0x0000000000011ff0       0x10 /usr/lib/gcc/i686-linux-gnu/5/../../../i386-linux-gnu/crti.o
 *(.iplt)

.plt.got        0x0000000000012000       0x10
 *(.plt.got)
 .plt.got       0x0000000000012000       0x10 /usr/lib/gcc/i686-linux-gnu/5/../../../i386-linux-gnu/crti.o

.text           0x0000000000012010    0x19642
 *(.text.unlikely .text.*_unlikely .text.unlikely.*)
 .text.unlikely
                0x0000000000012010        0x0 /usr/lib/gcc/i686-linux-gnu/5/crtbeginS.o
 .text.unlikely
                0x0000000000012010        0x0 /usr/lib/gcc/i686-linux-gnu/5/libgcc.a(_udivdi3.o)
 *(.text.exit .text.exit.*)
 *(.text.startup .text.startup.*)
 *(.text.hot .text.hot.*)
 *(.text .stub .text.* .gnu.linkonce.t.*)
 .text          0x0000000000012010        0x0 /usr/lib/gcc/i686-linux-gnu/5/../../../i386-linux-gnu/crti.o
 .gnu.linkonce.t.__x86.get_pc_thunk.bx
                0x0000000000012010        0x4 /usr/lib/gcc/i686-linux-gnu/5/../../../i386-linux-gnu/crti.o
                0x0000000000012010                __x86.get_pc_thunk.bx
 *fill*         0x0000000000012014        0xc 
 .text          0x0000000000012020      0x11c /usr/lib/gcc/i686-linux-gnu/5/crtbeginS.o
 .text.__x86.get_pc_thunk.dx
                0x000000000001213c        0x4 /usr/lib/gcc/i686-linux-gnu/5/crtbeginS.o
                0x000000000001213c                __x86.get_pc_thunk.dx
 .text          0x0000000000012140      0x9c2 coap_server_led.o
                0x0000000000012140                client_chunk_handler
                0x00000000000121c6                sensor_chunk_handler
                0x00000000000121f6                lookup_chunk_handler
                0x0000000000012226                free_sensor_list
 .text          0x0000000000012b02      0x283 build/cooja/mtype970.o
                0x0000000000012b94                platform_init_stage_one
                0x0000000000012ba7                platform_init_stage_two
                0x0000000000012bba                platform_init_stage_three
                0x0000000000012bcd                platform_main_loop
                0x0000000000012c40                Java_org_contikios_cooja_corecomm_Lib5_init
                0x0000000000012c77                Java_org_contikios_cooja_corecomm_Lib5_getMemory
                0x0000000000012caa                Java_org_contikios_cooja_corecomm_Lib5_setMemory
                0x0000000000012d0a                Java_org_contikios_cooja_corecomm_Lib5_tick
                0x0000000000012d72                Java_org_contikios_cooja_corecomm_Lib5_setReferenceAddress
 .text          0x0000000000012d85       0x65 build/cooja/mtype970.a(simEnvChange.o)
                0x0000000000012d85                doActionsBeforeTick
                0x0000000000012db7                doActionsAfterTick
 .text          0x0000000000012dea       0x83 build/cooja/mtype970.a(cooja_mt.o)
                0x0000000000012dea                cooja_mt_start
                0x0000000000012e14                cooja_mt_exec
                0x0000000000012e4a                cooja_mt_yield
 .text          0x0000000000012e6d       0xbe build/cooja/mtype970.a(cooja_mtarch.o)
                0x0000000000012e6d                cooja_mtarch_start
                0x0000000000012ee0                cooja_sw
                0x0000000000012f03                cooja_mtarch_exec
                0x0000000000012f20                cooja_mtarch_yield
 .text          0x0000000000012f2b       0xc5 build/cooja/mtype970.a(rtimer-arch.o)
                0x0000000000012f2b                rtimer_arch_init
                0x0000000000012f4f                rtimer_arch_schedule
                0x0000000000012f7f                rtimer_arch_next
                0x0000000000012f8f                rtimer_arch_pending
                0x0000000000012f99                rtimer_arch_check
                0x0000000000012fe0                rtimer_arch_now
 .text          0x0000000000012ff0       0x81 build/cooja/mtype970.a(beep.o)
                0x0000000000012ff0                beep_alarm
                0x0000000000012ffd                beep_beep
                0x000000000001300a                beep
                0x0000000000013017                beep_down
                0x0000000000013024                beep_on
                0x0000000000013031                beep_off
                0x000000000001303e                beep_spinup
                0x000000000001304b                beep_quick
                0x0000000000013058                beep_long
 .text          0x0000000000013071       0x65 build/cooja/mtype970.a(leds-arch.o)
                0x0000000000013084                leds_arch_init
 .text          0x00000000000130d6       0x35 build/cooja/mtype970.a(moteid.o)
 .text          0x000000000001310b       0xb7 build/cooja/mtype970.a(pir-sensor.o)
 .text          0x00000000000131c2      0x148 build/cooja/mtype970.a(rs232.o)
                0x00000000000131c2                rs232_init
                0x00000000000131c8                rs232_set_speed
                0x00000000000131d7                rs232_set_input
                0x00000000000131e5                rs232_send
                0x0000000000013209                rs232_print
                0x0000000000013225                slip_arch_writeb
 .text          0x000000000001330a       0xb7 build/cooja/mtype970.a(vib-sensor.o)
 .text          0x00000000000133c1       0x38 build/cooja/mtype970.a(clock.o)
                0x00000000000133c1                clock_init
                0x00000000000133c7                clock_time
                0x00000000000133d1                clock_seconds
                0x00000000000133e7                clock_delay
 .text          0x00000000000133f9      0x219 build/cooja/mtype970.a(cooja-log.o)
                0x00000000000133f9                simlog_char
                0x000000000001343c                simlog
                0x00000000000134b2                log_message
                0x00000000000134e3                log_set_putchar_with_slip
                0x00000000000134f1                log_putchar
                0x000000000001356c                log_puts
                0x0000000000013594                log_printf
 .text          0x0000000000013612      0x2b9 build/cooja/mtype970.a(cfs-cooja.o)
                0x0000000000013612                cfs_open
                0x000000000001367b                cfs_close
                0x0000000000013688                cfs_read
                0x000000000001371d                cfs_write
                0x00000000000137f9                cfs_seek
                0x0000000000013881                cfs_remove
                0x00000000000138a5                cfs_opendir
                0x00000000000138af                cfs_readdir
                0x00000000000138b9                cfs_closedir
 .text          0x00000000000138cb      0x620 build/cooja/mtype970.a(cooja-radio.o)
                0x000000000001390d                radio_set_channel
                0x000000000001391b                radio_set_txpower
                0x0000000000013933                radio_signal_strength_last
                0x000000000001393d                radio_signal_strength_current
                0x0000000000013947                radio_LQI
 .text          0x0000000000013eeb       0xee build/cooja/mtype970.a(eeprom.o)
                0x0000000000013eeb                eeprom_init
                0x0000000000013ef1                eeprom_read
                0x0000000000013f5f                eeprom_write
 .text          0x0000000000013fd9       0x2d build/cooja/mtype970.a(random.o)
                0x0000000000013fd9                random_init
                0x0000000000013ff9                random_rand
 .text          0x0000000000014006      0x29c build/cooja/mtype970.a(sensors.o)
                0x0000000000014041                sensors_first
                0x000000000001404b                sensors_next
                0x0000000000014065                sensors_changed
                0x0000000000014099                sensors_find
 .text          0x00000000000142a2      0x349 build/cooja/mtype970.a(leds.o)
                0x00000000000142a2                leds_init
                0x00000000000142e9                leds_single_on
                0x0000000000014348                leds_single_off
                0x00000000000143a7                leds_single_toggle
                0x00000000000143d9                leds_on
                0x000000000001445b                leds_off
                0x00000000000144dd                leds_toggle
                0x0000000000014532                leds_set
                0x000000000001455e                leds_get
 .text          0x00000000000145eb      0x343 build/cooja/mtype970.a(gpio-hal-arch.o)
                0x00000000000145eb                gpio_hal_arch_register_pin_callback
                0x0000000000014657                gpio_hal_arch_init
                0x000000000001469c                gpio_hal_arch_no_port_interrupt_enable
                0x00000000000146cc                gpio_hal_arch_no_port_interrupt_disable
                0x00000000000146fc                gpio_hal_arch_no_port_pin_cfg_set
                0x0000000000014721                gpio_hal_arch_no_port_pin_cfg_get
                0x0000000000014747                gpio_hal_arch_no_port_pin_set_input
                0x0000000000014759                gpio_hal_arch_no_port_pin_set_output
                0x000000000001476b                gpio_hal_arch_no_port_set_pin
                0x000000000001478c                gpio_hal_arch_no_port_clear_pin
                0x00000000000147ad                gpio_hal_arch_no_port_read_pin
                0x00000000000147d3                gpio_hal_arch_no_port_write_pin
                0x00000000000147fd                gpio_hal_arch_no_port_set_pins
                0x0000000000014844                gpio_hal_arch_no_port_clear_pins
                0x000000000001488b                gpio_hal_arch_no_port_read_pins
                0x00000000000148ce                gpio_hal_arch_no_port_write_pins
 .text          0x000000000001492e       0x89 build/cooja/mtype970.a(buttons.o)
 .text          0x00000000000149b7      0x2d6 build/cooja/mtype970.a(res-sensors.o)
 .text          0x0000000000014c8d      0x212 build/cooja/mtype970.a(res-leds.o)
 .text          0x0000000000014e9f      0x27b build/cooja/mtype970.a(coap-blocking-a)
                0x0000000000014e9f                coap_blocking_request_callback
                0x0000000000014ec9                coap_blocking_request
 .text          0x000000000001511a      0xbea build/cooja/mtype970.a(coap-engine.o)
                0x00000000000151af                coap_add_handler
                0x00000000000151cc                coap_remove_handler
                0x00000000000151e9                coap_call_handlers
                0x00000000000152f1                coap_receive
                0x00000000000158ec                coap_engine_init
                0x000000000001594a                coap_activate_resource
                0x00000000000159f5                coap_get_first_resource
                0x0000000000015a0e                coap_get_next_resource
 .text          0x0000000000015d04      0x2d9 build/cooja/mtype970.a(coap-res-well-k)
 .text          0x0000000000015fdd      0x96a build/cooja/mtype970.a(coap-observe.o)
                0x00000000000160f2                coap_remove_observer
                0x0000000000016122                coap_remove_observer_by_client
                0x000000000001618a                coap_remove_observer_by_token
                0x000000000001621d                coap_remove_observer_by_uri
                0x00000000000162c4                coap_remove_observer_by_mid
                0x0000000000016340                coap_notify_observers
                0x0000000000016359                coap_notify_observers_sub
                0x00000000000167c3                coap_observe_handler
                0x00000000000168de                coap_has_observers
 .text          0x0000000000016947      0x733 build/cooja/mtype970.a(coap-uip.o)
                0x0000000000016947                coap_endpoint_log
                0x00000000000169cd                coap_endpoint_print
                0x0000000000016a53                coap_endpoint_snprint
                0x0000000000016b86                coap_endpoint_copy
                0x0000000000016bc3                coap_endpoint_cmp
                0x0000000000016cd1                coap_endpoint_parse
                0x0000000000016ebc                coap_endpoint_is_secure
                0x0000000000016ecb                coap_endpoint_is_connected
                0x0000000000016eff                coap_endpoint_connect
                0x0000000000016f1b                coap_endpoint_disconnect
                0x0000000000016f21                coap_databuf
                0x0000000000016f2b                coap_transport_init
                0x0000000000016f7b                coap_sendto
 .text          0x000000000001707a      0x324 build/cooja/mtype970.a(coap-timer.o)
                0x0000000000017177                coap_timer_stop
                0x00000000000171a2                coap_timer_set
                0x00000000000171e5                coap_timer_reset
                0x0000000000017228                coap_timer_time_to_next_expiration
                0x0000000000017294                coap_timer_run
                0x0000000000017360                coap_timer_init
 .text          0x000000000001739e      0x2c6 build/cooja/mtype970.a(coap-transactio)
                0x0000000000017404                coap_new_transaction
                0x000000000001746a                coap_send_transaction
                0x00000000000175cb                coap_clear_transaction
                0x0000000000017613                coap_get_transaction_by_mid
 .text          0x0000000000017664     0x1c53 build/cooja/mtype970.a(coap.o)
                0x0000000000017bd1                coap_init_connection
                0x0000000000017be5                coap_get_mid
                0x0000000000017c01                coap_init_message
                0x0000000000017c4a                coap_serialize_message
                0x00000000000182cc                coap_parse_message
                0x0000000000018933                coap_get_query_variable
                0x0000000000018975                coap_get_post_variable
                0x00000000000189b9                coap_set_status_code
                0x00000000000189de                coap_set_token
                0x0000000000018a25                coap_get_header_content_format
                0x0000000000018a56                coap_set_header_content_format
                0x0000000000018a79                coap_get_header_accept
                0x0000000000018aaa                coap_set_header_accept
                0x0000000000018acd                coap_get_header_max_age
                0x0000000000018afe                coap_set_header_max_age
                0x0000000000018b1e                coap_get_header_etag
                0x0000000000018b50                coap_set_header_etag
                0x0000000000018ba7                coap_get_header_if_match
                0x0000000000018bd9                coap_set_header_if_match
                0x0000000000018c30                coap_get_header_if_none_match
                0x0000000000018c4a                coap_set_header_if_none_match
                0x0000000000018c61                coap_get_header_proxy_uri
                0x0000000000018c8f                coap_set_header_proxy_uri
                0x0000000000018ccc                coap_get_header_uri_host
                0x0000000000018cfa                coap_set_header_uri_host
                0x0000000000018d37                coap_get_header_uri_path
                0x0000000000018d65                coap_set_header_uri_path
                0x0000000000018db2                coap_get_header_uri_query
                0x0000000000018de6                coap_set_header_uri_query
                0x0000000000018e3c                coap_get_header_location_path
                0x0000000000018e6a                coap_set_header_location_path
                0x0000000000018f03                coap_get_header_location_query
                0x0000000000018f31                coap_set_header_location_query
                0x0000000000018f7e                coap_get_header_observe
                0x0000000000018fad                coap_set_header_observe
                0x0000000000018fcd                coap_get_header_block2
                0x0000000000019039                coap_set_header_block2
                0x00000000000190b0                coap_get_header_block1
                0x0000000000019125                coap_set_header_block1
                0x00000000000191a0                coap_get_header_size2
                0x00000000000191d0                coap_set_header_size2
                0x00000000000191f3                coap_get_header_size1
                0x0000000000019223                coap_set_header_size1
                0x0000000000019246                coap_get_payload
                0x0000000000019280                coap_set_payload
 .text          0x00000000000192b7      0x332 build/cooja/mtype970.a(contiki-main.o)
                0x00000000000192b7                main
 .text          0x00000000000195e9       0x92 build/cooja/mtype970.a(autostart.o)
                0x00000000000195e9                autostart_start
                0x0000000000019633                autostart_exit
 .text          0x000000000001967b      0x355 build/cooja/mtype970.a(ctimer.o)
                0x00000000000197a3                ctimer_init
                0x00000000000197d6                ctimer_set
                0x00000000000197fc                ctimer_set_with_process
                0x0000000000019879                ctimer_reset
                0x00000000000198cd                ctimer_restart
                0x0000000000019921                ctimer_stop
                0x0000000000019971                ctimer_expired
 .text          0x00000000000199d0      0x394 build/cooja/mtype970.a(log.o)
                0x00000000000199d0                log_6addr
                0x0000000000019a23                log_6addr_compact_snprint
                0x0000000000019ac1                log_6addr_compact
                0x0000000000019b14                log_lladdr
                0x0000000000019b86                log_lladdr_compact
                0x0000000000019bee                log_set_level
                0x0000000000019ca9                log_get_level
                0x0000000000019d22                log_level_to_str
 .text          0x0000000000019d64       0x1b build/cooja/mtype970.a(energest.o)
                0x0000000000019d64                energest_init
                0x0000000000019d6a                energest_flush
                0x0000000000019d70                energest_get_total_time
 .text          0x0000000000019d7f      0x43f build/cooja/mtype970.a(etimer.o)
                0x0000000000019fa3                etimer_request_poll
                0x000000000001a02c                etimer_set
                0x000000000001a055                etimer_reset_with_new_interval
                0x000000000001a084                etimer_reset
                0x000000000001a0aa                etimer_restart
                0x000000000001a0d0                etimer_adjust
                0x000000000001a0ed                etimer_expired
                0x000000000001a100                etimer_expiration_time
                0x000000000001a112                etimer_start_time
                0x000000000001a11c                etimer_pending
                0x000000000001a12e                etimer_next_expiration_time
                0x000000000001a148                etimer_stop
 .text          0x000000000001a1be       0x25 build/cooja/mtype970.a(node-id.o)
                0x000000000001a1be                node_id_init
 .text          0x000000000001a1e3       0xeb build/cooja/mtype970.a(rtimer.o)
                0x000000000001a1e3                rtimer_init
                0x000000000001a1f1                rtimer_set
                0x000000000001a26c                rtimer_run_next
 .text          0x000000000001a2ce      0x4fb build/cooja/mtype970.a(process.o)
                0x000000000001a2ce                process_alloc_event
                0x000000000001a2e3                process_start
                0x000000000001a4bd                process_exit
                0x000000000001a4da                process_init
                0x000000000001a66f                process_run
                0x000000000001a6a2                process_nevents
                0x000000000001a6bd                process_post
                0x000000000001a750                process_post_synch
                0x000000000001a785                process_poll
                0x000000000001a7b5                process_is_running
 .text          0x000000000001a7c9       0xb1 build/cooja/mtype970.a(timer.o)
                0x000000000001a7c9                timer_set
                0x000000000001a7e7                timer_reset
                0x000000000001a814                timer_restart
                0x000000000001a829                timer_expired
                0x000000000001a856                timer_remaining
 .text          0x000000000001a87a      0x28f build/cooja/mtype970.a(list.o)
                0x000000000001a87a                list_init
                0x000000000001a889                list_head
                0x000000000001a893                list_copy
                0x000000000001a8a3                list_tail
                0x000000000001a8d9                list_add
                0x000000000001a925                list_push
                0x000000000001a951                list_chop
                0x000000000001a9bb                list_pop
                0x000000000001a9e3                list_remove
                0x000000000001aa4b                list_length
                0x000000000001aa79                list_insert
                0x000000000001aabe                list_item_next
                0x000000000001aad5                list_contains
 .text          0x000000000001ab09      0x1b5 build/cooja/mtype970.a(memb.o)
                0x000000000001ab09                memb_init
                0x000000000001ab5e                memb_alloc
                0x000000000001abc1                memb_free
                0x000000000001ac38                memb_inmemb
                0x000000000001ac77                memb_numfree
 .text          0x000000000001acbe      0x41c build/cooja/mtype970.a(button-hal.o)
                0x000000000001ae37                button_hal_get_by_id
                0x000000000001ae75                button_hal_get_by_index
                0x000000000001aea1                button_hal_get_state
                0x000000000001aef3                button_hal_init
 .text          0x000000000001b0da      0x1f3 build/cooja/mtype970.a(serial-line.o)
                0x000000000001b0da                serial_line_input_byte
                0x000000000001b298                serial_line_init
 .text          0x000000000001b2cd      0x168 build/cooja/mtype970.a(gpio-hal.o)
                0x000000000001b2cd                gpio_hal_register_handler
                0x000000000001b2ea                gpio_hal_event_handler
                0x000000000001b346                gpio_hal_init
                0x000000000001b365                gpio_hal_arch_port_toggle_pin
                0x000000000001b3a1                gpio_hal_arch_port_toggle_pins
                0x000000000001b3cf                gpio_hal_arch_no_port_toggle_pin
                0x000000000001b40d                gpio_hal_arch_no_port_toggle_pins
 .text          0x000000000001b435      0x2e7 build/cooja/mtype970.a(queuebuf.o)
                0x000000000001b43f                queuebuf_init
                0x000000000001b468                queuebuf_numfree
                0x000000000001b480                queuebuf_new_from_packetbuf
                0x000000000001b51f                queuebuf_update_attr_from_packetbuf
                0x000000000001b554                queuebuf_update_from_packetbuf
                0x000000000001b5a4                queuebuf_free
                0x000000000001b5ed                queuebuf_to_packetbuf
                0x000000000001b659                queuebuf_dataptr
                0x000000000001b693                queuebuf_datalen
                0x000000000001b6b6                queuebuf_addr
                0x000000000001b6eb                queuebuf_attr
                0x000000000001b716                queuebuf_debug_print
 .text          0x000000000001b71c      0x407 build/cooja/mtype970.a(packetbuf.o)
                0x000000000001b71c                packetbuf_clear
                0x000000000001b747                packetbuf_copyfrom
                0x000000000001b796                packetbuf_copyto
                0x000000000001b829                packetbuf_hdralloc
                0x000000000001b8a5                packetbuf_hdrreduce
                0x000000000001b8eb                packetbuf_set_datalen
                0x000000000001b905                packetbuf_dataptr
                0x000000000001b922                packetbuf_hdrptr
                0x000000000001b92c                packetbuf_datalen
                0x000000000001b938                packetbuf_hdrlen
                0x000000000001b94f                packetbuf_totlen
                0x000000000001b965                packetbuf_remaininglen
                0x000000000001b978                packetbuf_attr_clear
                0x000000000001b9c4                packetbuf_attr_copyto
                0x000000000001ba1c                packetbuf_attr_copyfrom
                0x000000000001ba74                packetbuf_set_attr
                0x000000000001ba9e                packetbuf_attr
                0x000000000001bab8                packetbuf_set_addr
                0x000000000001bae9                packetbuf_addr
                0x000000000001bb06                packetbuf_holds_broadcast
 .text          0x000000000001bb23       0xef build/cooja/mtype970.a(netstack.o)
                0x000000000001bb23                netstack_process_ip_callback
                0x000000000001bbb4                netstack_ip_packet_processor_add
                0x000000000001bbd7                uip_ds6_ip_packet_processor_rm
                0x000000000001bbf4                netstack_init
 .text          0x000000000001bc12       0x4f build/cooja/mtype970.a(linkaddr.o)
                0x000000000001bc12                linkaddr_copy
                0x000000000001bc28                linkaddr_cmp
                0x000000000001bc4b                linkaddr_set_node_addr
 .text          0x000000000001bc61      0x1f6 build/cooja/mtype970.a(csma.o)
 .text          0x000000000001be57      0x95d build/cooja/mtype970.a(csma-output.o)
                0x000000000001c4ee                csma_output_packet
                0x000000000001c77b                csma_output_init
 .text          0x000000000001c7b4      0xc11 build/cooja/mtype970.a(uip-ds6.o)
                0x000000000001c7b4                uip_ds6_default_prefix
                0x000000000001c7be                uip_ds6_set_default_prefix
                0x000000000001c7e9                uip_ds6_init
                0x000000000001ca4b                uip_ds6_periodic
                0x000000000001cad2                uip_ds6_list_loop
                0x000000000001cb92                uip_ds6_prefix_add
                0x000000000001cc3e                uip_ds6_prefix_rm
                0x000000000001cc51                uip_ds6_prefix_lookup
                0x000000000001cc90                uip_ds6_is_addr_onlink
                0x000000000001cd03                uip_ds6_addr_add
                0x000000000001ce23                uip_ds6_addr_rm
                0x000000000001cecc                uip_ds6_addr_lookup
                0x000000000001cf05                uip_ds6_get_link_local
                0x000000000001cf86                uip_ds6_get_global
                0x000000000001d007                uip_ds6_maddr_add
                0x000000000001d067                uip_ds6_maddr_rm
                0x000000000001d07a                uip_ds6_maddr_lookup
                0x000000000001d0b3                uip_ds6_aaddr_add
                0x000000000001d113                uip_ds6_aaddr_rm
                0x000000000001d126                uip_ds6_aaddr_lookup
                0x000000000001d15f                uip_ds6_select_src
                0x000000000001d2a8                uip_ds6_set_addr_iid
                0x000000000001d2d3                uip_ds6_set_lladdr_from_iid
                0x000000000001d2fc                get_match_length
                0x000000000001d38d                uip_ds6_compute_reachable_time
 .text          0x000000000001d3c5      0x128 build/cooja/mtype970.a(uip-udp-packet.)
                0x000000000001d3c5                uip_udp_packet_send
                0x000000000001d420                uip_udp_packet_sendto
 .text          0x000000000001d4ed      0xa3c build/cooja/mtype970.a(uip-ds6-route.o)
                0x000000000001d5d7                uip_ds6_notification_add
                0x000000000001d609                uip_ds6_notification_rm
                0x000000000001d626                uip_ds6_route_init
                0x000000000001d6c5                uip_ds6_route_nexthop
                0x000000000001d6f4                uip_ds6_route_head
                0x000000000001d70d                uip_ds6_route_next
                0x000000000001d736                uip_ds6_route_is_nexthop
                0x000000000001d778                uip_ds6_route_num_routes
                0x000000000001d782                uip_ds6_route_lookup
                0x000000000001d859                uip_ds6_route_add
                0x000000000001da99                uip_ds6_route_rm
                0x000000000001dc37                uip_ds6_route_rm_by_nexthop
                0x000000000001dc76                uip_ds6_defrt_head
                0x000000000001dc8f                uip_ds6_defrt_add
                0x000000000001dd50                uip_ds6_defrt_rm
                0x000000000001ddd1                uip_ds6_defrt_lookup
                0x000000000001de38                uip_ds6_defrt_choose
                0x000000000001deae                uip_ds6_defrt_periodic
 .text          0x000000000001df29      0x6f7 build/cooja/mtype970.a(tcpip.o)
                0x000000000001df43                tcpip_output
                0x000000000001dfc2                udp_attach
                0x000000000001dfda                udp_new
                0x000000000001e024                udp_broadcast_new
                0x000000000001e196                tcpip_input
                0x000000000001e326                tcpip_ipv6_output
                0x000000000001e51a                tcpip_poll_udp
                0x000000000001e538                tcpip_uipcall
 .text          0x000000000001e620     0x1205 build/cooja/mtype970.a(uip6.o)
                0x000000000001e6cf                uip_chksum
                0x000000000001e7a6                uip_icmp6chksum
                0x000000000001e7bb                uip_udpchksum
                0x000000000001e7d0                uip_init
                0x000000000001e819                uip_remove_ext_hdr
                0x000000000001e8f3                uip_udp_new
                0x000000000001ec07                uip_process
                0x000000000001f6ff                uip_htons
                0x000000000001f721                uip_htonl
                0x000000000001f75f                uip_send
 .text          0x000000000001f825      0x369 build/cooja/mtype970.a(uip-ds6-nbr.o)
                0x000000000001f825                uip_ds6_neighbors_init
                0x000000000001f849                uip_ds6_nbr_add
                0x000000000001f8cf                uip_ds6_nbr_rm
                0x000000000001f91a                uip_ds6_nbr_update_ll
                0x000000000001fa08                uip_ds6_nbr_get_ipaddr
                0x000000000001fa1d                uip_ds6_nbr_get_ll
                0x000000000001fa39                uip_ds6_nbr_num
                0x000000000001fa82                uip_ds6_nbr_head
                0x000000000001fa9b                uip_ds6_nbr_next
                0x000000000001fab7                uip_ds6_nbr_lookup
                0x000000000001fb0f                uip_ds6_nbr_ll_lookup
                0x000000000001fb2b                uip_ds6_nbr_ipaddr_from_lladdr
                0x000000000001fb54                uip_ds6_nbr_lladdr_from_ipaddr
                0x000000000001fb88                uip_ds6_link_callback
 .text          0x000000000001fb8e      0x6a7 build/cooja/mtype970.a(uip-nd6.o)
                0x000000000002021c                uip_nd6_init
 .text          0x0000000000020235     0x2c17 build/cooja/mtype970.a(sicslowpan.o)
                0x000000000002083c                netstack_sniffer_add
                0x000000000002084a                netstack_sniffer_remove
                0x0000000000022e20                sicslowpan_init
                0x0000000000022e42                sicslowpan_get_last_rssi
 .text          0x0000000000022e4c      0x4d1 build/cooja/mtype970.a(uiplib.o)
                0x0000000000022e4c                uiplib_ip6addrconv
                0x0000000000023004                uiplib_ip4addrconv
                0x00000000000230c7                uiplib_ipaddr_print
                0x000000000002311a                uiplib_ipaddr_snprint
 .text          0x000000000002331d      0x4c9 build/cooja/mtype970.a(rpl.o)
                0x000000000002331d                rpl_lollipop_greater_than
                0x0000000000023377                rpl_get_global_address
                0x000000000002346f                rpl_link_callback
                0x00000000000234b3                rpl_has_joined
                0x00000000000234d8                rpl_is_reachable
                0x0000000000023559                rpl_reset_prefix
                0x00000000000235c3                rpl_set_prefix_from_addr
                0x00000000000236a8                rpl_set_prefix
                0x00000000000237c2                rpl_set_leaf_only
                0x00000000000237da                rpl_get_leaf_only
 .text          0x00000000000237e6     0x138c build/cooja/mtype970.a(rpl-icmp6.o)
                0x000000000002390b                rpl_icmp6_update_nbr_table
                0x0000000000023994                rpl_icmp6_dis_output
                0x0000000000023fda                rpl_icmp6_dio_output
                0x00000000000247d8                rpl_icmp6_dao_output
                0x0000000000024ab9                rpl_icmp6_dao_ack_output
                0x0000000000024b29                rpl_icmp6_init
 .text          0x0000000000024b72      0x264 build/cooja/mtype970.a(rpl-dag-root.o)
                0x0000000000024b72                rpl_dag_root_print_links
                0x0000000000024c9e                rpl_dag_root_set_prefix
                0x0000000000024cca                rpl_dag_root_start
                0x0000000000024da7                rpl_dag_root_is_root
 .text          0x0000000000024dd6       0x30 build/cooja/mtype970.a(watchdog.o)
                0x0000000000024dd6                watchdog_init
                0x0000000000024ddc                watchdog_start
                0x0000000000024de2                watchdog_periodic
                0x0000000000024dfa                watchdog_stop
                0x0000000000024e00                watchdog_reboot
 .text          0x0000000000024e06       0x4a build/cooja/mtype970.a(int-master.o)
                0x0000000000024e06                int_master_enable
                0x0000000000024e16                int_master_read_and_disable
                0x0000000000024e33                int_master_status_set
                0x0000000000024e41                int_master_is_enabled
 .text          0x0000000000024e50      0x226 build/cooja/mtype970.a(coap-timer-defa)
 .text          0x0000000000025076       0xc7 build/cooja/mtype970.a(stimer.o)
                0x0000000000025076                stimer_set
                0x0000000000025094                stimer_reset
                0x00000000000250c1                stimer_restart
                0x00000000000250d6                stimer_expired
                0x0000000000025101                stimer_remaining
                0x0000000000025125                stimer_elapsed
 .text          0x000000000002513d      0x156 build/cooja/mtype970.a(ringbuf.o)
                0x000000000002513d                ringbuf_init
                0x000000000002516f                ringbuf_put
                0x00000000000251ed                ringbuf_get
                0x000000000002525a                ringbuf_size
                0x000000000002526c                ringbuf_elements
 .text          0x0000000000025293       0x1f build/cooja/mtype970.a(assert.o)
                0x0000000000025293                _xassert
 .text          0x00000000000252b2      0x79b build/cooja/mtype970.a(nbr-table.o)
                0x000000000002572b                nbr_table_register
                0x0000000000025798                nbr_table_is_registered
                0x00000000000257d3                nbr_table_head
                0x000000000002582e                nbr_table_next
                0x000000000002588f                nbr_table_add_lladdr
                0x0000000000025969                nbr_table_get_from_lladdr
                0x00000000000259b5                nbr_table_remove
                0x00000000000259ed                nbr_table_lock
                0x0000000000025a07                nbr_table_unlock
                0x0000000000025a21                nbr_table_get_lladdr
 .text          0x0000000000025a4d      0x3a5 build/cooja/mtype970.a(link-stats.o)
                0x0000000000025a4d                link_stats_from_lladdr
                0x0000000000025a69                link_stats_get_lladdr
                0x0000000000025a85                link_stats_is_fresh
                0x0000000000025ac1                guess_etx_from_rssi
                0x0000000000025b3d                link_stats_packet_sent
                0x0000000000025c5d                link_stats_input_callback
                0x0000000000025d6d                link_stats_reset
                0x0000000000025dbd                link_stats_init
 .text          0x0000000000025df2      0x187 build/cooja/mtype970.a(mac-sequence.o)
                0x0000000000025df2                mac_sequence_is_duplicate
                0x0000000000025e92                mac_sequence_register_seqno
 .text          0x0000000000025f79       0x23 build/cooja/mtype970.a(mac.o)
                0x0000000000025f79                mac_call_sent_callback
 .text          0x0000000000025f9c      0x432 build/cooja/mtype970.a(framer-802154.o)
                0x000000000002612b                framer_802154_setup_params
 .text          0x00000000000263ce      0xb6f build/cooja/mtype970.a(frame802154.o)
                0x00000000000263ff                frame802154_get_pan_id
                0x000000000002640b                frame802154_set_pan_id
                0x0000000000026425                frame802154_has_panid
                0x00000000000265d4                frame802154_check_dest_panid
                0x000000000002665c                frame802154_is_broadcast_addr
                0x00000000000266a9                frame802154_extract_linkaddr
                0x000000000002690e                frame802154_hdrlen
                0x0000000000026981                frame802154_create_fcf
                0x0000000000026a39                frame802154_create
                0x0000000000026bae                frame802154_parse_fcf
                0x0000000000026c90                frame802154_parse
 .text          0x0000000000026f3d       0x2d build/cooja/mtype970.a(csma-security.o)
                0x0000000000026f3d                csma_security_create_frame
                0x0000000000026f5b                csma_security_parse_frame
 .text          0x0000000000026f6a      0x4e4 build/cooja/mtype970.a(uipbuf.o)
                0x0000000000026f6a                uipbuf_clear
                0x0000000000026f91                uipbuf_add_ext_hdr
                0x0000000000027011                uipbuf_set_len
                0x000000000002703e                uipbuf_set_len_field
                0x000000000002706a                uipbuf_get_len_field
                0x000000000002708a                uipbuf_get_next_header
                0x00000000000271bc                uipbuf_get_last_header
                0x0000000000027235                uipbuf_search_header
                0x00000000000272eb                uipbuf_get_attr
                0x0000000000027312                uipbuf_set_attr
                0x0000000000027349                uipbuf_set_default_attr
                0x0000000000027380                uipbuf_clear_attr
                0x00000000000273a4                uipbuf_set_attr_flag
                0x00000000000273c5                uipbuf_clr_attr_flag
                0x00000000000273ec                uipbuf_is_attr_flag
                0x0000000000027410                uipbuf_init
 .text          0x000000000002744e      0x73f build/cooja/mtype970.a(uip-icmp6.o)
                0x00000000000274c3                uip_icmp6_input
                0x000000000002751a                uip_icmp6_register_input_handler
                0x000000000002766d                uip_icmp6_error_output
                0x000000000002791e                uip_icmp6_send
                0x0000000000027b15                uip_icmp6_echo_reply_callback_add
                0x0000000000027b47                uip_icmp6_echo_reply_callback_rm
                0x0000000000027b64                uip_icmp6_init
 .text          0x0000000000027b8d      0x69b build/cooja/mtype970.a(uip-sr.o)
                0x0000000000027b8d                uip_sr_num_nodes
                0x0000000000027c1b                uip_sr_get_node
                0x0000000000027c72                uip_sr_is_addr_reachable
                0x0000000000027d20                uip_sr_expire_parent
                0x0000000000027d69                uip_sr_update_node
                0x0000000000027e99                uip_sr_init
                0x0000000000027ecd                uip_sr_node_head
                0x0000000000027ee6                uip_sr_node_next
                0x0000000000027efc                uip_sr_periodic
                0x0000000000028002                uip_sr_free_all
                0x0000000000028072                uip_sr_link_snprint
 .text          0x0000000000028228      0x146 build/cooja/mtype970.a(uip-packetqueue)
                0x0000000000028256                uip_packetqueue_new
                0x0000000000028265                uip_packetqueue_alloc
                0x00000000000282c0                uip_packetqueue_free
                0x0000000000028307                uip_packetqueue_buf
                0x0000000000028324                uip_packetqueue_buflen
                0x0000000000028345                uip_packetqueue_set_buflen
 .text          0x000000000002836e      0x1b0 build/cooja/mtype970.a(rpl-nbr-policy.)
                0x00000000000284db                rpl_nbr_policy_find_removable
 .text          0x000000000002851e      0x915 build/cooja/mtype970.a(rpl-neighbor.o)
                0x000000000002859a                rpl_neighbor_snprint
                0x000000000002884d                rpl_neighbor_print_list
                0x0000000000028902                rpl_neighbor_count
                0x00000000000289a9                rpl_neighbor_get_from_lladdr
                0x00000000000289c5                rpl_neighbor_is_acceptable_parent
                0x00000000000289f9                rpl_neighbor_get_link_metric
                0x0000000000028a2d                rpl_neighbor_rank_via_nbr
                0x0000000000028a61                rpl_neighbor_get_lladdr
                0x0000000000028a7d                rpl_neighbor_get_ipaddr
                0x0000000000028aa4                rpl_neighbor_get_link_stats
                0x0000000000028acb                rpl_neighbor_is_fresh
                0x0000000000028af2                rpl_neighbor_is_reachable
                0x0000000000028b3d                rpl_neighbor_is_parent
                0x0000000000028b67                rpl_neighbor_set_preferred_parent
                0x0000000000028bfe                rpl_neighbor_remove_all
                0x0000000000028c5a                rpl_neighbor_get_from_ipaddr
                0x0000000000028d68                rpl_neighbor_select_best
                0x0000000000028e14                rpl_neighbor_init
 .text          0x0000000000028e33      0xe69 build/cooja/mtype970.a(rpl-dag.o)
                0x0000000000028e33                rpl_dag_state_to_str
                0x0000000000028e72                rpl_dag_get_root_ipaddr
                0x0000000000028eba                rpl_dag_leave
                0x0000000000028f43                rpl_dag_poison_and_leave
                0x0000000000028f5b                rpl_dag_periodic
                0x0000000000028fe3                rpl_is_addr_in_our_dag
                0x0000000000029027                rpl_get_default_instance
                0x0000000000029043                rpl_get_any_dag
                0x000000000002909c                rpl_refresh_routes
                0x00000000000290dc                rpl_global_repair
                0x0000000000029175                rpl_local_repair
                0x00000000000291bf                rpl_dag_ready_to_advertise
                0x0000000000029202                rpl_dag_update_state
                0x000000000002992f                rpl_process_dio
                0x00000000000299ad                rpl_process_dis
                0x00000000000299f2                rpl_process_dao
                0x0000000000029a81                rpl_process_dao_ack
                0x0000000000029b18                rpl_process_hbh
                0x0000000000029b68                rpl_dag_init_root
                0x0000000000029c7c                rpl_dag_init
 .text          0x0000000000029c9c      0x9e7 build/cooja/mtype970.a(rpl-timers.o)
                0x0000000000029c9c                rpl_timers_schedule_periodic_dis
                0x0000000000029dea                rpl_timers_dio_reset
                0x0000000000029ef8                rpl_timers_schedule_unicast_dio
                0x000000000002a04c                rpl_timers_schedule_dao
                0x000000000002a10b                rpl_timers_schedule_dao_ack
                0x000000000002a191                rpl_timers_notify_dao_ack
                0x000000000002a1ef                get_probing_delay
                0x000000000002a223                get_probing_target
                0x000000000002a40d                rpl_schedule_probing
                0x000000000002a43b                rpl_schedule_probing_now
                0x000000000002a4a5                rpl_timers_unschedule_leaving
                0x000000000002a4dd                rpl_timers_schedule_leaving
                0x000000000002a51e                rpl_timers_init
                0x000000000002a5ae                rpl_timers_stop_dag_timers
                0x000000000002a627                rpl_timers_unschedule_state_update
                0x000000000002a64b                rpl_timers_schedule_state_update
 .text          0x000000000002a683      0xb8e build/cooja/mtype970.a(rpl-ext-header.)
                0x000000000002a683                rpl_ext_header_srh_get_next_hop
                0x000000000002a76a                rpl_ext_header_srh_update
                0x000000000002acd6                rpl_ext_header_hbh_update
                0x000000000002afd6                rpl_ext_header_update
                0x000000000002b05f                rpl_ext_header_remove
 .text          0x000000000002b211      0x31b build/cooja/mtype970.a(rpl-mrhof.o)
 *fill*         0x000000000002b52c        0x4 
 .text          0x000000000002b530      0x122 /usr/lib/gcc/i686-linux-gnu/5/libgcc.a(_udivdi3.o)
                0x000000000002b530                __udivdi3
 .text          0x000000000002b652        0x0 /usr/lib/gcc/i686-linux-gnu/5/crtendS.o
 .text          0x000000000002b652        0x0 /usr/lib/gcc/i686-linux-gnu/5/../../../i386-linux-gnu/crtn.o
 *(.gnu.warning)

.fini           0x000000000002b654       0x14
 *(SORT(.fini))
 .fini          0x000000000002b654        0xf /usr/lib/gcc/i686-linux-gnu/5/../../../i386-linux-gnu/crti.o
                0x000000000002b654                _fini
 .fini          0x000000000002b663        0x5 /usr/lib/gcc/i686-linux-gnu/5/../../../i386-linux-gnu/crtn.o
                [!provide]                        PROVIDE (__etext, .)
                [!provide]                        PROVIDE (_etext, .)
                [!provide]                        PROVIDE (etext, .)

.rodata         0x000000000002b680      0xf8b
 *(.rodata .rodata.* .gnu.linkonce.r.*)
 .rodata        0x000000000002b680      0x411 coap_server_led.o
                0x000000000002b6f0                autostart_processes
 *fill*         0x000000000002ba91        0x3 
 .rodata        0x000000000002ba94        0x8 build/cooja/mtype970.a(beep.o)
                0x000000000002ba94                beep_interface
 .rodata        0x000000000002ba9c        0xe build/cooja/mtype970.a(leds-arch.o)
                0x000000000002ba9c                leds_interface
                0x000000000002baa4                leds_arch_leds
 *fill*         0x000000000002baaa        0x2 
 .rodata        0x000000000002baac        0x8 build/cooja/mtype970.a(moteid.o)
                0x000000000002baac                moteid_interface
 .rodata        0x000000000002bab4       0x1c build/cooja/mtype970.a(pir-sensor.o)
                0x000000000002bab4                pir_interface
                0x000000000002bac0                pir_sensor
 .rodata        0x000000000002bad0        0xe build/cooja/mtype970.a(rs232.o)
                0x000000000002bad0                rs232_interface
 *fill*         0x000000000002bade        0x2 
 .rodata        0x000000000002bae0       0x24 build/cooja/mtype970.a(vib-sensor.o)
                0x000000000002bae0                vib_interface
                0x000000000002baf4                vib_sensor
 .rodata        0x000000000002bb04        0x8 build/cooja/mtype970.a(clock.o)
                0x000000000002bb04                clock_interface
 .rodata        0x000000000002bb0c        0x8 build/cooja/mtype970.a(cooja-log.o)
                0x000000000002bb0c                simlog_interface
 .rodata        0x000000000002bb14       0x2f build/cooja/mtype970.a(cfs-cooja.o)
                0x000000000002bb14                cfs_interface
 *fill*         0x000000000002bb43       0x1d 
 .rodata        0x000000000002bb60       0xb8 build/cooja/mtype970.a(cooja-radio.o)
                0x000000000002bb60                radio_interface
                0x000000000002bbe0                cooja_radio_driver
 .rodata        0x000000000002bc18        0x8 build/cooja/mtype970.a(eeprom.o)
                0x000000000002bc18                eeprom_interface
 .rodata        0x000000000002bc20        0x8 build/cooja/mtype970.a(sensors.o)
 .rodata        0x000000000002bc28       0x2c build/cooja/mtype970.a(buttons.o)
                0x000000000002bc28                button_interface
                0x000000000002bc3c                button_hal_button_count
                0x000000000002bc44                button_sensor
 .rodata        0x000000000002bc54       0x9d build/cooja/mtype970.a(res-sensors.o)
 *fill*         0x000000000002bcf1        0x3 
 .rodata        0x000000000002bcf4       0xf7 build/cooja/mtype970.a(res-leds.o)
 .rodata        0x000000000002bdeb       0x41 build/cooja/mtype970.a(coap-engine.o)
 .rodata        0x000000000002be2c       0x19 build/cooja/mtype970.a(coap-res-well-k)
 .rodata        0x000000000002be45       0x11 build/cooja/mtype970.a(coap-observe.o)
 .rodata        0x000000000002be56       0x35 build/cooja/mtype970.a(coap-uip.o)
 *fill*         0x000000000002be8b        0x1 
 .rodata        0x000000000002be8c      0x1ac build/cooja/mtype970.a(coap.o)
 .rodata        0x000000000002c038       0xf8 build/cooja/mtype970.a(contiki-main.o)
 .rodata        0x000000000002c130        0xf build/cooja/mtype970.a(ctimer.o)
 *fill*         0x000000000002c13f        0x1 
 .rodata        0x000000000002c140       0xc4 build/cooja/mtype970.a(log.o)
 .rodata        0x000000000002c204        0xc build/cooja/mtype970.a(etimer.o)
 .rodata        0x000000000002c210       0x13 build/cooja/mtype970.a(button-hal.o)
 .rodata        0x000000000002c223        0xe build/cooja/mtype970.a(serial-line.o)
 *fill*         0x000000000002c231        0x3 
 .rodata        0x000000000002c234        0x8 build/cooja/mtype970.a(linkaddr.o)
                0x000000000002c234                linkaddr_null
 .rodata        0x000000000002c23c       0x24 build/cooja/mtype970.a(csma.o)
                0x000000000002c244                csma_driver
 .rodata        0x000000000002c260       0x24 build/cooja/mtype970.a(csma-output.o)
 .rodata        0x000000000002c284       0xb9 build/cooja/mtype970.a(uip-ds6-route.o)
 .rodata        0x000000000002c33d        0xd build/cooja/mtype970.a(tcpip.o)
 *fill*         0x000000000002c34a        0x2 
 .rodata        0x000000000002c34c       0x30 build/cooja/mtype970.a(sicslowpan.o)
                0x000000000002c34c                unc_llconf
                0x000000000002c350                unc_ctxconf
                0x000000000002c354                unc_mxconf
                0x000000000002c358                llprefix
                0x000000000002c36c                sicslowpan_driver
 .rodata        0x000000000002c37c       0x2d build/cooja/mtype970.a(uiplib.o)
 *fill*         0x000000000002c3a9       0x17 
 .rodata        0x000000000002c3c0       0x74 build/cooja/mtype970.a(rpl.o)
                0x000000000002c3e0                rpl_lite_driver
 .rodata        0x000000000002c434       0x20 build/cooja/mtype970.a(coap-timer-defa)
                0x000000000002c448                coap_timer_default_driver
 .rodata        0x000000000002c454       0x25 build/cooja/mtype970.a(assert.o)
 *fill*         0x000000000002c479        0x3 
 .rodata        0x000000000002c47c        0xc build/cooja/mtype970.a(framer-802154.o)
                0x000000000002c47c                framer_802154
 .rodata        0x000000000002c488       0x44 build/cooja/mtype970.a(uip-sr.o)
 .rodata        0x000000000002c4cc       0x58 build/cooja/mtype970.a(rpl-neighbor.o)
 .rodata        0x000000000002c524       0xdb build/cooja/mtype970.a(rpl-dag.o)
 .rodata        0x000000000002c5ff        0xc build/cooja/mtype970.a(rpl-timers.o)

.rodata1
 *(.rodata1)

.eh_frame_hdr   0x000000000002c60c     0x1a44
 *(.eh_frame_hdr)
 .eh_frame_hdr  0x000000000002c60c     0x1a44 coap_server_led.o
                0x000000000002c60c                __GNU_EH_FRAME_HDR
 *(.eh_frame_entry .eh_frame_entry.*)

.eh_frame       0x000000000002e050     0x6a8c
 *(.eh_frame)
 .eh_frame      0x000000000002e050       0x3c /usr/lib/gcc/i686-linux-gnu/5/../../../i386-linux-gnu/crti.o
                                         0x40 (size before relaxing)
 .eh_frame      0x000000000002e08c      0x120 coap_server_led.o
                                        0x138 (size before relaxing)
 .eh_frame      0x000000000002e1ac      0x178 build/cooja/mtype970.o
                                        0x190 (size before relaxing)
 .eh_frame      0x000000000002e324       0x40 build/cooja/mtype970.a(simEnvChange.o)
                                         0x58 (size before relaxing)
 .eh_frame      0x000000000002e364       0x60 build/cooja/mtype970.a(cooja_mt.o)
                                         0x78 (size before relaxing)
 .eh_frame      0x000000000002e3c4       0x80 build/cooja/mtype970.a(cooja_mtarch.o)
                                         0x98 (size before relaxing)
 .eh_frame      0x000000000002e444       0xc8 build/cooja/mtype970.a(rtimer-arch.o)
                                         0xe0 (size before relaxing)
 .eh_frame      0x000000000002e50c      0x160 build/cooja/mtype970.a(beep.o)
                                        0x178 (size before relaxing)
 .eh_frame      0x000000000002e66c       0x80 build/cooja/mtype970.a(leds-arch.o)
                                         0x98 (size before relaxing)
 .eh_frame      0x000000000002e6ec       0x40 build/cooja/mtype970.a(moteid.o)
                                         0x58 (size before relaxing)
 .eh_frame      0x000000000002e72c       0xa0 build/cooja/mtype970.a(pir-sensor.o)
                                         0xb8 (size before relaxing)
 .eh_frame      0x000000000002e7cc      0x100 build/cooja/mtype970.a(rs232.o)
                                        0x118 (size before relaxing)
 .eh_frame      0x000000000002e8cc       0xa0 build/cooja/mtype970.a(vib-sensor.o)
                                         0xb8 (size before relaxing)
 .eh_frame      0x000000000002e96c       0xc0 build/cooja/mtype970.a(clock.o)
                                         0xd8 (size before relaxing)
 .eh_frame      0x000000000002ea2c      0x120 build/cooja/mtype970.a(cooja-log.o)
                                        0x138 (size before relaxing)
 .eh_frame      0x000000000002eb4c      0x160 build/cooja/mtype970.a(cfs-cooja.o)
                                        0x178 (size before relaxing)
 .eh_frame      0x000000000002ecac      0x340 build/cooja/mtype970.a(cooja-radio.o)
                                        0x358 (size before relaxing)
 .eh_frame      0x000000000002efec       0xa0 build/cooja/mtype970.a(eeprom.o)
                                         0xb8 (size before relaxing)
 .eh_frame      0x000000000002f08c       0x40 build/cooja/mtype970.a(random.o)
                                         0x58 (size before relaxing)
 .eh_frame      0x000000000002f0cc       0xc0 build/cooja/mtype970.a(sensors.o)
                                         0xd8 (size before relaxing)
 .eh_frame      0x000000000002f18c      0x120 build/cooja/mtype970.a(leds.o)
                                        0x138 (size before relaxing)
 .eh_frame      0x000000000002f2ac      0x220 build/cooja/mtype970.a(gpio-hal-arch.o)
                                        0x238 (size before relaxing)
 .eh_frame      0x000000000002f4cc       0xa0 build/cooja/mtype970.a(buttons.o)
                                         0xb8 (size before relaxing)
 .eh_frame      0x000000000002f56c       0x24 build/cooja/mtype970.a(res-sensors.o)
                                         0x3c (size before relaxing)
 .eh_frame      0x000000000002f590       0x40 build/cooja/mtype970.a(res-leds.o)
                                         0x58 (size before relaxing)
 .eh_frame      0x000000000002f5d0       0x44 build/cooja/mtype970.a(coap-blocking-a)
                                         0x5c (size before relaxing)
 .eh_frame      0x000000000002f614      0x220 build/cooja/mtype970.a(coap-engine.o)
                                        0x238 (size before relaxing)
 .eh_frame      0x000000000002f834       0x24 build/cooja/mtype970.a(coap-res-well-k)
                                         0x3c (size before relaxing)
 .eh_frame      0x000000000002f858      0x188 build/cooja/mtype970.a(coap-observe.o)
                                        0x1a0 (size before relaxing)
 .eh_frame      0x000000000002f9e0      0x250 build/cooja/mtype970.a(coap-uip.o)
                                        0x268 (size before relaxing)
 .eh_frame      0x000000000002fc30      0x114 build/cooja/mtype970.a(coap-timer.o)
                                        0x12c (size before relaxing)
 .eh_frame      0x000000000002fd44      0x100 build/cooja/mtype970.a(coap-transactio)
                                        0x118 (size before relaxing)
 .eh_frame      0x000000000002fe44      0x6ec build/cooja/mtype970.a(coap.o)
                                        0x704 (size before relaxing)
 .eh_frame      0x0000000000030530       0x30 build/cooja/mtype970.a(contiki-main.o)
                                         0x48 (size before relaxing)
 .eh_frame      0x0000000000030560       0x40 build/cooja/mtype970.a(autostart.o)
                                         0x58 (size before relaxing)
 .eh_frame      0x00000000000305a0      0x100 build/cooja/mtype970.a(ctimer.o)
                                        0x118 (size before relaxing)
 .eh_frame      0x00000000000306a0      0x100 build/cooja/mtype970.a(log.o)
                                        0x118 (size before relaxing)
 .eh_frame      0x00000000000307a0       0x60 build/cooja/mtype970.a(energest.o)
                                         0x78 (size before relaxing)
 .eh_frame      0x0000000000030800      0x1e0 build/cooja/mtype970.a(etimer.o)
                                        0x1f8 (size before relaxing)
 .eh_frame      0x00000000000309e0       0x20 build/cooja/mtype970.a(node-id.o)
                                         0x38 (size before relaxing)
 .eh_frame      0x0000000000030a00       0x60 build/cooja/mtype970.a(rtimer.o)
                                         0x78 (size before relaxing)
 .eh_frame      0x0000000000030a60      0x1c4 build/cooja/mtype970.a(process.o)
                                        0x1dc (size before relaxing)
 .eh_frame      0x0000000000030c24       0xa4 build/cooja/mtype970.a(timer.o)
                                         0xbc (size before relaxing)
 .eh_frame      0x0000000000030cc8      0x1a0 build/cooja/mtype970.a(list.o)
                                        0x1b8 (size before relaxing)
 .eh_frame      0x0000000000030e68       0xa0 build/cooja/mtype970.a(memb.o)
                                         0xb8 (size before relaxing)
 .eh_frame      0x0000000000030f08      0x144 build/cooja/mtype970.a(button-hal.o)
                                        0x15c (size before relaxing)
 .eh_frame      0x000000000003104c       0x60 build/cooja/mtype970.a(serial-line.o)
                                         0x78 (size before relaxing)
 .eh_frame      0x00000000000310ac       0xe0 build/cooja/mtype970.a(gpio-hal.o)
                                         0xf8 (size before relaxing)
 .eh_frame      0x000000000003118c      0x1a0 build/cooja/mtype970.a(queuebuf.o)
                                        0x1b8 (size before relaxing)
 .eh_frame      0x000000000003132c      0x28c build/cooja/mtype970.a(packetbuf.o)
                                        0x2a4 (size before relaxing)
 .eh_frame      0x00000000000315b8       0x80 build/cooja/mtype970.a(netstack.o)
                                         0x98 (size before relaxing)
 .eh_frame      0x0000000000031638       0x60 build/cooja/mtype970.a(linkaddr.o)
                                         0x78 (size before relaxing)
 .eh_frame      0x0000000000031698       0xe0 build/cooja/mtype970.a(csma.o)
                                         0xf8 (size before relaxing)
 .eh_frame      0x0000000000031778      0x1d0 build/cooja/mtype970.a(csma-output.o)
                                        0x1e8 (size before relaxing)
 .eh_frame      0x0000000000031948      0x328 build/cooja/mtype970.a(uip-ds6.o)
                                        0x340 (size before relaxing)
 .eh_frame      0x0000000000031c70       0x40 build/cooja/mtype970.a(uip-udp-packet.)
                                         0x58 (size before relaxing)
 .eh_frame      0x0000000000031cb0      0x2e0 build/cooja/mtype970.a(uip-ds6-route.o)
                                        0x2f8 (size before relaxing)
 .eh_frame      0x0000000000031f90      0x244 build/cooja/mtype970.a(tcpip.o)
                                        0x25c (size before relaxing)
 .eh_frame      0x00000000000321d4      0x1e8 build/cooja/mtype970.a(uip6.o)
                                        0x200 (size before relaxing)
 .eh_frame      0x00000000000323bc      0x1c0 build/cooja/mtype970.a(uip-ds6-nbr.o)
                                        0x1d8 (size before relaxing)
 .eh_frame      0x000000000003257c       0x84 build/cooja/mtype970.a(uip-nd6.o)
                                         0x9c (size before relaxing)
 .eh_frame      0x0000000000032600      0x2f8 build/cooja/mtype970.a(sicslowpan.o)
                                        0x310 (size before relaxing)
 .eh_frame      0x00000000000328f8       0x88 build/cooja/mtype970.a(uiplib.o)
                                         0xa0 (size before relaxing)
 .eh_frame      0x0000000000032980      0x1e0 build/cooja/mtype970.a(rpl.o)
                                        0x1f8 (size before relaxing)
 .eh_frame      0x0000000000032b60      0x1c4 build/cooja/mtype970.a(rpl-icmp6.o)
                                        0x1dc (size before relaxing)
 .eh_frame      0x0000000000032d24       0xa0 build/cooja/mtype970.a(rpl-dag-root.o)
                                         0xb8 (size before relaxing)
 .eh_frame      0x0000000000032dc4       0xa0 build/cooja/mtype970.a(watchdog.o)
                                         0xb8 (size before relaxing)
 .eh_frame      0x0000000000032e64       0x80 build/cooja/mtype970.a(int-master.o)
                                         0x98 (size before relaxing)
 .eh_frame      0x0000000000032ee4       0xa4 build/cooja/mtype970.a(coap-timer-defa)
                                         0xbc (size before relaxing)
 .eh_frame      0x0000000000032f88       0xc4 build/cooja/mtype970.a(stimer.o)
                                         0xdc (size before relaxing)
 .eh_frame      0x000000000003304c       0xa0 build/cooja/mtype970.a(ringbuf.o)
                                         0xb8 (size before relaxing)
 .eh_frame      0x00000000000330ec       0x20 build/cooja/mtype970.a(assert.o)
                                         0x38 (size before relaxing)
 .eh_frame      0x000000000003310c      0x2ac build/cooja/mtype970.a(nbr-table.o)
                                        0x2c4 (size before relaxing)
 .eh_frame      0x00000000000333b8      0x120 build/cooja/mtype970.a(link-stats.o)
                                        0x138 (size before relaxing)
 .eh_frame      0x00000000000334d8       0x48 build/cooja/mtype970.a(mac-sequence.o)
                                         0x60 (size before relaxing)
 .eh_frame      0x0000000000033520       0x20 build/cooja/mtype970.a(mac.o)
                                         0x38 (size before relaxing)
 .eh_frame      0x0000000000033540       0xa4 build/cooja/mtype970.a(framer-802154.o)
                                         0xbc (size before relaxing)
 .eh_frame      0x00000000000335e4      0x1a4 build/cooja/mtype970.a(frame802154.o)
                                        0x1bc (size before relaxing)
 .eh_frame      0x0000000000033788       0x40 build/cooja/mtype970.a(csma-security.o)
                                         0x58 (size before relaxing)
 .eh_frame      0x00000000000337c8      0x200 build/cooja/mtype970.a(uipbuf.o)
                                        0x218 (size before relaxing)
 .eh_frame      0x00000000000339c8      0x150 build/cooja/mtype970.a(uip-icmp6.o)
                                        0x168 (size before relaxing)
 .eh_frame      0x0000000000033b18      0x184 build/cooja/mtype970.a(uip-sr.o)
                                        0x19c (size before relaxing)
 .eh_frame      0x0000000000033c9c       0xe0 build/cooja/mtype970.a(uip-packetqueue)
                                         0xf8 (size before relaxing)
 .eh_frame      0x0000000000033d7c       0x80 build/cooja/mtype970.a(rpl-nbr-policy.)
                                         0x98 (size before relaxing)
 .eh_frame      0x0000000000033dfc      0x2d4 build/cooja/mtype970.a(rpl-neighbor.o)
                                        0x2ec (size before relaxing)
 .eh_frame      0x00000000000340d0      0x370 build/cooja/mtype970.a(rpl-dag.o)
                                        0x388 (size before relaxing)
 .eh_frame      0x0000000000034440      0x3a8 build/cooja/mtype970.a(rpl-timers.o)
                                        0x3c0 (size before relaxing)
 .eh_frame      0x00000000000347e8      0x124 build/cooja/mtype970.a(rpl-ext-header.)
                                        0x13c (size before relaxing)
 .eh_frame      0x000000000003490c      0x148 build/cooja/mtype970.a(rpl-mrhof.o)
                                        0x160 (size before relaxing)
 .eh_frame      0x0000000000034a54       0x84 /usr/lib/gcc/i686-linux-gnu/5/libgcc.a(_udivdi3.o)
                                         0x9c (size before relaxing)
 .eh_frame      0x0000000000034ad8        0x4 /usr/lib/gcc/i686-linux-gnu/5/crtendS.o
 *(.eh_frame.*)

.gcc_except_table
 *(.gcc_except_table .gcc_except_table.*)

.gnu_extab
 *(.gnu_extab*)

.exception_ranges
 *(.exception_ranges .exception_ranges*)
                0x0000000000035f10                . = DATA_SEGMENT_ALIGN (0x1000, 0x1000)

.eh_frame
 *(.eh_frame)
 *(.eh_frame.*)

.gnu_extab
 *(.gnu_extab)

.gcc_except_table
 *(.gcc_except_table .gcc_except_table.*)

.exception_ranges
 *(.exception_ranges .exception_ranges*)

.tdata
 *(.tdata .tdata.* .gnu.linkonce.td.*)

.tbss
 *(.tbss .tbss.* .gnu.linkonce.tb.*)
 *(.tcommon)

.preinit_array
 *(.preinit_array)

.init_array     0x0000000000035f10        0x4
 *(SORT(.init_array.*) SORT(.ctors.*))
 *(.init_array EXCLUDE_FILE(*crtend?.o *crtend.o *crtbegin?.o *crtbegin.o) .ctors)
 .init_array    0x0000000000035f10        0x4 /usr/lib/gcc/i686-linux-gnu/5/crtbeginS.o

.fini_array     0x0000000000035f14        0x4
 *(SORT(.fini_array.*) SORT(.dtors.*))
 *(.fini_array EXCLUDE_FILE(*crtend?.o *crtend.o *crtbegin?.o *crtbegin.o) .dtors)
 .fini_array    0x0000000000035f14        0x4 /usr/lib/gcc/i686-linux-gnu/5/crtbeginS.o

.ctors
 *crtbegin.o(.ctors)
 *crtbegin?.o(.ctors)
 *(EXCLUDE_FILE(*crtend?.o *crtend.o) .ctors)
 *(SORT(.ctors.*))
 *(.ctors)

.dtors
 *crtbegin.o(.dtors)
 *crtbegin?.o(.dtors)
 *(EXCLUDE_FILE(*crtend?.o *crtend.o) .dtors)
 *(SORT(.dtors.*))
 *(.dtors)

.jcr            0x0000000000035f18        0x4
 *(.jcr)
 .jcr           0x0000000000035f18        0x0 /usr/lib/gcc/i686-linux-gnu/5/crtbeginS.o
 .jcr           0x0000000000035f18        0x4 /usr/lib/gcc/i686-linux-gnu/5/crtendS.o

.data.rel.ro
 *(.data.rel.ro.local* .gnu.linkonce.d.rel.ro.local.*)
 *(.data.rel.ro .data.rel.ro.* .gnu.linkonce.d.rel.ro.*)

.dynamic        0x0000000000035f1c       0xd0
 *(.dynamic)
 .dynamic       0x0000000000035f1c       0xd0 /usr/lib/gcc/i686-linux-gnu/5/../../../i386-linux-gnu/crti.o
                0x0000000000035f1c                _DYNAMIC

.got            0x0000000000035fec       0x14
 *(.got)
 .got           0x0000000000035fec       0x14 /usr/lib/gcc/i686-linux-gnu/5/../../../i386-linux-gnu/crti.o
 *(.igot)
                0x0000000000036ff4                . = DATA_SEGMENT_RELRO_END (., (SIZEOF (.got.plt) >= 0xc)?0xc:0x0)

.got.plt        0x0000000000036000        0xc
 *(.got.plt)
 .got.plt       0x0000000000036000        0xc /usr/lib/gcc/i686-linux-gnu/5/../../../i386-linux-gnu/crti.o
                0x0000000000036000                _GLOBAL_OFFSET_TABLE_
 *(.igot.plt)

.data           0x0000000000036020      0x504
 *(.data .data.* .gnu.linkonce.d.*)
 .data          0x0000000000036020        0x0 /usr/lib/gcc/i686-linux-gnu/5/../../../i386-linux-gnu/crti.o
 .data          0x0000000000036020        0x0 /usr/lib/gcc/i686-linux-gnu/5/crtbeginS.o
 .data.rel.local
                0x0000000000036020        0x4 /usr/lib/gcc/i686-linux-gnu/5/crtbeginS.o
                0x0000000000036020                __dso_handle
 .data          0x0000000000036024       0x54 coap_server_led.o
                0x0000000000036024                stream_sensors
                0x0000000000036028                contiki_ng_coap_actuator
                0x0000000000036038                proxy_server_registration
                0x0000000000036048                collect_sensors_from_lookup
                0x0000000000036058                closed_loop_simulation
                0x0000000000036068                temperature_posting
 *fill*         0x0000000000036078        0x8 
 .data          0x0000000000036080       0x44 build/cooja/mtype970.o
                0x0000000000036080                simInterfaces
                0x00000000000360b4                sensors
 .data          0x00000000000360c4        0x0 build/cooja/mtype970.a(simEnvChange.o)
 .data          0x00000000000360c4        0x0 build/cooja/mtype970.a(cooja_mt.o)
 .data          0x00000000000360c4        0x0 build/cooja/mtype970.a(cooja_mtarch.o)
 .data          0x00000000000360c4        0x0 build/cooja/mtype970.a(rtimer-arch.o)
 .data          0x00000000000360c4        0x0 build/cooja/mtype970.a(beep.o)
 .data          0x00000000000360c4        0x0 build/cooja/mtype970.a(leds-arch.o)
 .data          0x00000000000360c4        0x0 build/cooja/mtype970.a(moteid.o)
 .data          0x00000000000360c4        0x0 build/cooja/mtype970.a(pir-sensor.o)
 .data          0x00000000000360c4        0x0 build/cooja/mtype970.a(rs232.o)
 .data          0x00000000000360c4        0x0 build/cooja/mtype970.a(vib-sensor.o)
 .data          0x00000000000360c4        0x0 build/cooja/mtype970.a(clock.o)
 .data          0x00000000000360c4        0x0 build/cooja/mtype970.a(cooja-log.o)
 .data          0x00000000000360c4        0x0 build/cooja/mtype970.a(cfs-cooja.o)
 .data          0x00000000000360c4       0x2c build/cooja/mtype970.a(cooja-radio.o)
                0x00000000000360c4                simRadioHWOn
                0x00000000000360c8                simSignalStrength
                0x00000000000360cc                simLastSignalStrength
                0x00000000000360d0                simPower
                0x00000000000360d4                simRadioChannel
                0x00000000000360d8                simLQI
                0x00000000000360e0                cooja_radio_process
 .data          0x00000000000360f0        0x0 build/cooja/mtype970.a(eeprom.o)
 .data          0x00000000000360f0        0x0 build/cooja/mtype970.a(random.o)
 .data          0x00000000000360f0       0x10 build/cooja/mtype970.a(sensors.o)
                0x00000000000360f0                sensors_process
 .data          0x0000000000036100        0x0 build/cooja/mtype970.a(leds.o)
 .data          0x0000000000036100        0x0 build/cooja/mtype970.a(gpio-hal-arch.o)
 .data          0x0000000000036100       0x78 build/cooja/mtype970.a(buttons.o)
                0x0000000000036100                simButtonIsActive
                0x0000000000036170                button_hal_buttons
 *fill*         0x0000000000036178        0x8 
 .data          0x0000000000036180       0x24 build/cooja/mtype970.a(res-sensors.o)
                0x0000000000036180                res_sensors
 *fill*         0x00000000000361a4       0x1c 
 .data          0x00000000000361c0       0x24 build/cooja/mtype970.a(res-leds.o)
                0x00000000000361c0                res_leds
 .data          0x00000000000361e4        0x0 build/cooja/mtype970.a(coap-blocking-a)
 .data          0x00000000000361e4        0x8 build/cooja/mtype970.a(coap-engine.o)
 *fill*         0x00000000000361ec       0x14 
 .data          0x0000000000036200       0x24 build/cooja/mtype970.a(coap-res-well-k)
                0x0000000000036200                res_well_known_core
 .data          0x0000000000036224       0x10 build/cooja/mtype970.a(coap-observe.o)
 .data          0x0000000000036234       0x10 build/cooja/mtype970.a(coap-uip.o)
                0x0000000000036234                coap_engine
 .data          0x0000000000036244        0x4 build/cooja/mtype970.a(coap-timer.o)
 .data          0x0000000000036248       0x10 build/cooja/mtype970.a(coap-transactio)
 .data          0x0000000000036258        0x4 build/cooja/mtype970.a(coap.o)
                0x0000000000036258                coap_error_message
 .data          0x000000000003625c        0x0 build/cooja/mtype970.a(contiki-main.o)
 .data          0x000000000003625c        0x0 build/cooja/mtype970.a(autostart.o)
 .data          0x000000000003625c       0x14 build/cooja/mtype970.a(ctimer.o)
                0x0000000000036260                ctimer_process
 *fill*         0x0000000000036270       0x10 
 .data          0x0000000000036280       0xbc build/cooja/mtype970.a(log.o)
                0x0000000000036280                curr_log_level_main
                0x00000000000362a0                all_modules
 .data          0x000000000003633c        0x0 build/cooja/mtype970.a(energest.o)
 .data          0x000000000003633c       0x10 build/cooja/mtype970.a(etimer.o)
                0x000000000003633c                etimer_process
 .data          0x000000000003634c        0x0 build/cooja/mtype970.a(node-id.o)
 .data          0x000000000003634c        0x0 build/cooja/mtype970.a(rtimer.o)
 .data          0x000000000003634c        0x0 build/cooja/mtype970.a(process.o)
 .data          0x000000000003634c        0x0 build/cooja/mtype970.a(timer.o)
 .data          0x000000000003634c        0x0 build/cooja/mtype970.a(list.o)
 .data          0x000000000003634c        0x0 build/cooja/mtype970.a(memb.o)
 .data          0x000000000003634c       0x10 build/cooja/mtype970.a(button-hal.o)
                0x000000000003634c                button_hal_process
 .data          0x000000000003635c       0x10 build/cooja/mtype970.a(serial-line.o)
                0x000000000003635c                serial_line_process
 .data          0x000000000003636c        0x4 build/cooja/mtype970.a(gpio-hal.o)
 .data          0x0000000000036370       0x18 build/cooja/mtype970.a(queuebuf.o)
 .data          0x0000000000036388        0x4 build/cooja/mtype970.a(packetbuf.o)
 .data          0x000000000003638c        0x4 build/cooja/mtype970.a(netstack.o)
 .data          0x0000000000036390        0x0 build/cooja/mtype970.a(linkaddr.o)
 .data          0x0000000000036390        0x0 build/cooja/mtype970.a(csma.o)
 .data          0x0000000000036390       0x28 build/cooja/mtype970.a(csma-output.o)
 .data          0x00000000000363b8        0x0 build/cooja/mtype970.a(uip-ds6.o)
 .data          0x00000000000363b8        0x0 build/cooja/mtype970.a(uip-udp-packet.)
 .data          0x00000000000363b8       0x44 build/cooja/mtype970.a(uip-ds6-route.o)
                0x00000000000363c8                nbr_routes
 .data          0x00000000000363fc       0x10 build/cooja/mtype970.a(tcpip.o)
                0x00000000000363fc                tcpip_process
 .data          0x000000000003640c        0x0 build/cooja/mtype970.a(uip6.o)
 .data          0x000000000003640c       0x14 build/cooja/mtype970.a(uip-ds6-nbr.o)
 .data          0x0000000000036420        0xc build/cooja/mtype970.a(uip-nd6.o)
 .data          0x000000000003642c        0x0 build/cooja/mtype970.a(sicslowpan.o)
 .data          0x000000000003642c        0x0 build/cooja/mtype970.a(uiplib.o)
 .data          0x000000000003642c        0x0 build/cooja/mtype970.a(rpl.o)
 .data          0x000000000003642c       0x30 build/cooja/mtype970.a(rpl-icmp6.o)
 .data          0x000000000003645c        0x0 build/cooja/mtype970.a(rpl-dag-root.o)
 .data          0x000000000003645c        0x0 build/cooja/mtype970.a(watchdog.o)
 .data          0x000000000003645c        0x0 build/cooja/mtype970.a(int-master.o)
 .data          0x000000000003645c       0x10 build/cooja/mtype970.a(coap-timer-defa)
                0x000000000003645c                coap_timer_process
 .data          0x000000000003646c        0x0 build/cooja/mtype970.a(stimer.o)
 .data          0x000000000003646c        0x0 build/cooja/mtype970.a(ringbuf.o)
 .data          0x000000000003646c        0x0 build/cooja/mtype970.a(assert.o)
 .data          0x000000000003646c       0x10 build/cooja/mtype970.a(nbr-table.o)
 .data          0x000000000003647c       0x14 build/cooja/mtype970.a(link-stats.o)
 .data          0x0000000000036490        0x0 build/cooja/mtype970.a(mac-sequence.o)
 .data          0x0000000000036490        0x0 build/cooja/mtype970.a(mac.o)
 .data          0x0000000000036490        0x0 build/cooja/mtype970.a(framer-802154.o)
 .data          0x0000000000036490        0x2 build/cooja/mtype970.a(frame802154.o)
 .data          0x0000000000036492        0x0 build/cooja/mtype970.a(csma-security.o)
 .data          0x0000000000036492        0x0 build/cooja/mtype970.a(uipbuf.o)
 *fill*         0x0000000000036492        0x2 
 .data          0x0000000000036494       0x20 build/cooja/mtype970.a(uip-icmp6.o)
 .data          0x00000000000364b4       0x10 build/cooja/mtype970.a(uip-sr.o)
 .data          0x00000000000364c4        0xc build/cooja/mtype970.a(uip-packetqueue)
 .data          0x00000000000364d0        0x0 build/cooja/mtype970.a(rpl-nbr-policy.)
 .data          0x00000000000364d0       0x14 build/cooja/mtype970.a(rpl-neighbor.o)
                0x00000000000364e0                rpl_neighbors
 .data          0x00000000000364e4        0x0 build/cooja/mtype970.a(rpl-dag.o)
 .data          0x00000000000364e4        0x0 build/cooja/mtype970.a(rpl-timers.o)
 .data          0x00000000000364e4        0x0 build/cooja/mtype970.a(rpl-ext-header.)
 *fill*         0x00000000000364e4       0x1c 
 .data          0x0000000000036500       0x24 build/cooja/mtype970.a(rpl-mrhof.o)
                0x0000000000036500                rpl_mrhof
 .data          0x0000000000036524        0x0 /usr/lib/gcc/i686-linux-gnu/5/libgcc.a(_udivdi3.o)
 .data          0x0000000000036524        0x0 /usr/lib/gcc/i686-linux-gnu/5/crtendS.o
 .data          0x0000000000036524        0x0 /usr/lib/gcc/i686-linux-gnu/5/../../../i386-linux-gnu/crtn.o

.tm_clone_table
                0x0000000000036524        0x0
 .tm_clone_table
                0x0000000000036524        0x0 /usr/lib/gcc/i686-linux-gnu/5/crtbeginS.o
 .tm_clone_table
                0x0000000000036524        0x0 /usr/lib/gcc/i686-linux-gnu/5/crtendS.o

.data1
 *(.data1)
                0x0000000000036524                _edata = .
                [!provide]                        PROVIDE (edata, .)
                0x0000000000036524                . = .
                0x0000000000036524                __bss_start = .

.bss            0x0000000000036540     0xf704
 *(.dynbss)
 .dynbss        0x0000000000036540        0x0 /usr/lib/gcc/i686-linux-gnu/5/../../../i386-linux-gnu/crti.o
 *(.bss .bss.* .gnu.linkonce.b.*)
 .bss           0x0000000000036540        0x0 /usr/lib/gcc/i686-linux-gnu/5/../../../i386-linux-gnu/crti.o
 .bss           0x0000000000036540        0x1 /usr/lib/gcc/i686-linux-gnu/5/crtbeginS.o
 *fill*         0x0000000000036541       0x1f 
 .bss           0x0000000000036560      0x50c coap_server_led.o
                0x0000000000036560                sensor_number
                0x0000000000036564                STOP
 *fill*         0x0000000000036a6c       0x14 
 .bss           0x0000000000036a80     0x2030 build/cooja/mtype970.o
 .bss           0x0000000000038ab0        0x1 build/cooja/mtype970.a(simEnvChange.o)
                0x0000000000038ab0                simDontFallAsleep
 *fill*         0x0000000000038ab1        0x3 
 .bss           0x0000000000038ab4        0x4 build/cooja/mtype970.a(cooja_mt.o)
 .bss           0x0000000000038ab8        0x4 build/cooja/mtype970.a(cooja_mtarch.o)
 .bss           0x0000000000038abc        0x0 build/cooja/mtype970.a(rtimer-arch.o)
 .bss           0x0000000000038abc        0x0 build/cooja/mtype970.a(beep.o)
 .bss           0x0000000000038abc        0x1 build/cooja/mtype970.a(leds-arch.o)
                0x0000000000038abc                simLedsValue
 .bss           0x0000000000038abd        0x0 build/cooja/mtype970.a(moteid.o)
 .bss           0x0000000000038abd        0x1 build/cooja/mtype970.a(pir-sensor.o)
                0x0000000000038abd                simPirValue
 *fill*         0x0000000000038abe        0x2 
 .bss           0x0000000000038ac0        0x4 build/cooja/mtype970.a(rs232.o)
 .bss           0x0000000000038ac4        0x1 build/cooja/mtype970.a(vib-sensor.o)
                0x0000000000038ac4                simVibValue
 .bss           0x0000000000038ac5        0x0 build/cooja/mtype970.a(clock.o)
 *fill*         0x0000000000038ac5       0x1b 
 .bss           0x0000000000038ae0     0x2020 build/cooja/mtype970.a(cooja-log.o)
 .bss           0x000000000003ab00      0xfc0 build/cooja/mtype970.a(cfs-cooja.o)
                0x000000000003ab00                simCFSData
                0x000000000003baa0                simCFSSize
                0x000000000003baa4                simCFSChanged
                0x000000000003baa8                simCFSRead
                0x000000000003baac                simCFSWritten
 .bss           0x000000000003bac0       0x24 build/cooja/mtype970.a(cooja-radio.o)
                0x000000000003bac0                simReceiving
                0x000000000003bac4                simInSize
                0x000000000003bac8                simLastPacketTimestamp
                0x000000000003bad0                simOutSize
 .bss           0x000000000003bae4        0xc build/cooja/mtype970.a(eeprom.o)
                0x000000000003bae4                simEEPROMChanged
                0x000000000003bae8                simEEPROMRead
                0x000000000003baec                simEEPROMWritten
 .bss           0x000000000003baf0        0x0 build/cooja/mtype970.a(random.o)
 .bss           0x000000000003baf0        0xc build/cooja/mtype970.a(sensors.o)
 .bss           0x000000000003bafc        0x0 build/cooja/mtype970.a(leds.o)
 .bss           0x000000000003bafc       0x24 build/cooja/mtype970.a(gpio-hal-arch.o)
 .bss           0x000000000003bb20        0x0 build/cooja/mtype970.a(buttons.o)
 .bss           0x000000000003bb20       0x52 build/cooja/mtype970.a(res-sensors.o)
 *fill*         0x000000000003bb72        0xe 
 .bss           0x000000000003bb80       0x44 build/cooja/mtype970.a(res-leds.o)
 .bss           0x000000000003bbc4        0x0 build/cooja/mtype970.a(coap-blocking-a)
 *fill*         0x000000000003bbc4       0x1c 
 .bss           0x000000000003bbe0      0x190 build/cooja/mtype970.a(coap-engine.o)
 .bss           0x000000000003bd70        0x0 build/cooja/mtype970.a(coap-res-well-k)
 *fill*         0x000000000003bd70       0x10 
 .bss           0x000000000003bd80      0x120 build/cooja/mtype970.a(coap-observe.o)
 .bss           0x000000000003bea0       0x18 build/cooja/mtype970.a(coap-uip.o)
 .bss           0x000000000003beb8        0x5 build/cooja/mtype970.a(coap-timer.o)
 *fill*         0x000000000003bebd        0x3 
 .bss           0x000000000003bec0      0x334 build/cooja/mtype970.a(coap-transactio)
 .bss           0x000000000003c1f4        0x6 build/cooja/mtype970.a(coap.o)
                0x000000000003c1f4                coap_status_code
 .bss           0x000000000003c1fa        0x0 build/cooja/mtype970.a(contiki-main.o)
 .bss           0x000000000003c1fa        0x0 build/cooja/mtype970.a(autostart.o)
 *fill*         0x000000000003c1fa        0x2 
 .bss           0x000000000003c1fc        0x5 build/cooja/mtype970.a(ctimer.o)
 *fill*         0x000000000003c201        0x3 
 .bss           0x000000000003c204       0x2c build/cooja/mtype970.a(log.o)
                0x000000000003c204                curr_log_level_rpl
                0x000000000003c208                curr_log_level_tcpip
                0x000000000003c20c                curr_log_level_ipv6
                0x000000000003c210                curr_log_level_6lowpan
                0x000000000003c214                curr_log_level_nullnet
                0x000000000003c218                curr_log_level_mac
                0x000000000003c21c                curr_log_level_framer
                0x000000000003c220                curr_log_level_6top
                0x000000000003c224                curr_log_level_coap
                0x000000000003c228                curr_log_level_snmp
                0x000000000003c22c                curr_log_level_lwm2m
 .bss           0x000000000003c230        0x0 build/cooja/mtype970.a(energest.o)
 .bss           0x000000000003c230        0x8 build/cooja/mtype970.a(etimer.o)
 .bss           0x000000000003c238        0x2 build/cooja/mtype970.a(node-id.o)
                0x000000000003c238                node_id
 *fill*         0x000000000003c23a        0x2 
 .bss           0x000000000003c23c        0x4 build/cooja/mtype970.a(rtimer.o)
 .bss           0x000000000003c240      0x1a1 build/cooja/mtype970.a(process.o)
                0x000000000003c240                process_list
                0x000000000003c244                process_current
 .bss           0x000000000003c3e1        0x0 build/cooja/mtype970.a(timer.o)
 .bss           0x000000000003c3e1        0x0 build/cooja/mtype970.a(list.o)
 .bss           0x000000000003c3e1        0x0 build/cooja/mtype970.a(memb.o)
 *fill*         0x000000000003c3e1        0x3 
 .bss           0x000000000003c3e4       0x10 build/cooja/mtype970.a(button-hal.o)
 *fill*         0x000000000003c3f4        0xc 
 .bss           0x000000000003c400      0x140 build/cooja/mtype970.a(serial-line.o)
 .bss           0x000000000003c540        0x4 build/cooja/mtype970.a(gpio-hal.o)
 *fill*         0x000000000003c544       0x1c 
 .bss           0x000000000003c560     0x2c80 build/cooja/mtype970.a(queuebuf.o)
 .bss           0x000000000003f1e0       0xa0 build/cooja/mtype970.a(packetbuf.o)
 .bss           0x000000000003f280        0x4 build/cooja/mtype970.a(netstack.o)
 .bss           0x000000000003f284        0x0 build/cooja/mtype970.a(linkaddr.o)
 .bss           0x000000000003f284        0x0 build/cooja/mtype970.a(csma.o)
 *fill*         0x000000000003f284       0x1c 