Archive member included to satisfy reference by file (symbol)

build/native/contiki-ng-native.a(res-obs.o)
                              observing.o (res_obs)
build/native/contiki-ng-native.a(coap-blocking-a)
                              observing.o (coap_blocking_request)
build/native/contiki-ng-native.a(coap-engine.o)
                              observing.o (coap_activate_resource)
build/native/contiki-ng-native.a(coap-res-well-k)
                              build/native/contiki-ng-native.a(coap-engine.o) (res_well_known_core)
build/native/contiki-ng-native.a(coap-observe.o)
                              build/native/contiki-ng-native.a(coap-engine.o) (coap_remove_observer_by_mid)
build/native/contiki-ng-native.a(coap-uip.o)
                              build/native/contiki-ng-native.a(coap-observe.o) (coap_endpoint_copy)
build/native/contiki-ng-native.a(coap-timer.o)
                              build/native/contiki-ng-native.a(coap-engine.o) (coap_timer_set)
build/native/contiki-ng-native.a(coap-transactio)
                              build/native/contiki-ng-native.a(coap-blocking-a) (coap_new_transaction)
build/native/contiki-ng-native.a(coap.o)
                              build/native/contiki-ng-native.a(coap-engine.o) (coap_init_connection)
build/native/contiki-ng-native.a(contiki-main.o)
                              /usr/lib/gcc/x86_64-linux-gnu/7/../../../x86_64-linux-gnu/Scrt1.o (main)
build/native/contiki-ng-native.a(autostart.o)
                              build/native/contiki-ng-native.a(contiki-main.o) (autostart_start)
build/native/contiki-ng-native.a(ctimer.o)
                              build/native/contiki-ng-native.a(contiki-main.o) (ctimer_init)
build/native/contiki-ng-native.a(log.o)
                              build/native/contiki-ng-native.a(coap-uip.o) (log_6addr)
build/native/contiki-ng-native.a(energest.o)
                              build/native/contiki-ng-native.a(contiki-main.o) (energest_init)
build/native/contiki-ng-native.a(etimer.o)
                              build/native/contiki-ng-native.a(contiki-main.o) (etimer_process)
build/native/contiki-ng-native.a(node-id.o)
                              build/native/contiki-ng-native.a(contiki-main.o) (node_id_init)
build/native/contiki-ng-native.a(rtimer.o)
                              build/native/contiki-ng-native.a(contiki-main.o) (rtimer_init)
build/native/contiki-ng-native.a(process.o)
                              build/native/contiki-ng-native.a(coap-blocking-a) (process_current)
build/native/contiki-ng-native.a(timer.o)
                              build/native/contiki-ng-native.a(etimer.o) (timer_set)
build/native/contiki-ng-native.a(list.o)
                              build/native/contiki-ng-native.a(coap-engine.o) (list_init)
build/native/contiki-ng-native.a(memb.o)
                              build/native/contiki-ng-native.a(coap-observe.o) (memb_alloc)
build/native/contiki-ng-native.a(queuebuf.o)
                              build/native/contiki-ng-native.a(contiki-main.o) (queuebuf_init)
build/native/contiki-ng-native.a(packetbuf.o)
                              build/native/contiki-ng-native.a(queuebuf.o) (packetbuf_copyto)
build/native/contiki-ng-native.a(netstack.o)
                              build/native/contiki-ng-native.a(contiki-main.o) (netstack_init)
build/native/contiki-ng-native.a(linkaddr.o)
                              build/native/contiki-ng-native.a(packetbuf.o) (linkaddr_copy)
build/native/contiki-ng-native.a(nullmac.o)
                              build/native/contiki-ng-native.a(contiki-main.o) (nullmac_driver)
build/native/contiki-ng-native.a(uip-ds6.o)
                              build/native/contiki-ng-native.a(contiki-main.o) (uip_ds6_get_link_local)
build/native/contiki-ng-native.a(uip-udp-packet.)
                              build/native/contiki-ng-native.a(coap-uip.o) (uip_udp_packet_sendto)
build/native/contiki-ng-native.a(uip-ds6-route.o)
                              build/native/contiki-ng-native.a(uip-ds6.o) (uip_ds6_route_init)
build/native/contiki-ng-native.a(tcpip.o)
                              build/native/contiki-ng-native.a(coap-uip.o) (udp_new)
build/native/contiki-ng-native.a(uip6.o)
                              build/native/contiki-ng-native.a(coap-uip.o) (uip_aligned_buf)
build/native/contiki-ng-native.a(uip-ds6-nbr.o)
                              build/native/contiki-ng-native.a(uip-ds6.o) (uip_ds6_neighbors_init)
build/native/contiki-ng-native.a(uip-nd6.o)
                              build/native/contiki-ng-native.a(uip6.o) (uip_nd6_init)
build/native/contiki-ng-native.a(uiplib.o)
                              build/native/contiki-ng-native.a(coap-uip.o) (uiplib_ip6addrconv)
build/native/contiki-ng-native.a(rpl.o)
                              build/native/contiki-ng-native.a(contiki-main.o) (rpl_lite_driver)
build/native/contiki-ng-native.a(rpl-icmp6.o)
[...]
Memory Configuration

Name             Origin             Length             Attributes
*default*        0x0000000000000000 0xffffffffffffffff

Linker script and memory map

LOAD /usr/lib/gcc/x86_64-linux-gnu/7/../../../x86_64-linux-gnu/Scrt1.o
LOAD /usr/lib/gcc/x86_64-linux-gnu/7/../../../x86_64-linux-gnu/crti.o
LOAD /usr/lib/gcc/x86_64-linux-gnu/7/crtbeginS.o
LOAD observing.o
LOAD build/native/contiki-ng-native.a
LOAD /usr/lib/gcc/x86_64-linux-gnu/7/../../../x86_64-linux-gnu/librt.so
LOAD /usr/lib/gcc/x86_64-linux-gnu/7/libgcc.a
LOAD /usr/lib/gcc/x86_64-linux-gnu/7/libgcc_s.so
START GROUP
LOAD /usr/lib/gcc/x86_64-linux-gnu/7/libgcc_s.so.1
LOAD /usr/lib/gcc/x86_64-linux-gnu/7/libgcc.a
END GROUP
LOAD /usr/lib/gcc/x86_64-linux-gnu/7/../../../x86_64-linux-gnu/libc.so
START GROUP
LOAD /lib/x86_64-linux-gnu/libc.so.6
LOAD /usr/lib/x86_64-linux-gnu/libc_nonshared.a
LOAD /lib/x86_64-linux-gnu/ld-linux-x86-64.so.2
END GROUP
LOAD /usr/lib/gcc/x86_64-linux-gnu/7/libgcc.a
LOAD /usr/lib/gcc/x86_64-linux-gnu/7/libgcc_s.so
START GROUP
LOAD /usr/lib/gcc/x86_64-linux-gnu/7/libgcc_s.so.1
LOAD /usr/lib/gcc/x86_64-linux-gnu/7/libgcc.a
END GROUP
LOAD /usr/lib/gcc/x86_64-linux-gnu/7/crtendS.o
LOAD /usr/lib/gcc/x86_64-linux-gnu/7/../../../x86_64-linux-gnu/crtn.o
                [!provide]                        PROVIDE (__executable_start = SEGMENT_START ("text-segment", 0x0))
                0x0000000000000238                . = (SEGMENT_START ("text-segment", 0x0) + SIZEOF_HEADERS)

.interp         0x0000000000000238       0x1c
 *(.interp)
 .interp        0x0000000000000238       0x1c /usr/lib/gcc/x86_64-linux-gnu/7/../../../x86_64-linux-gnu/Scrt1.o

.note.ABI-tag   0x0000000000000254       0x20
 .note.ABI-tag  0x0000000000000254       0x20 /usr/lib/gcc/x86_64-linux-gnu/7/../../../x86_64-linux-gnu/Scrt1.o

.note.gnu.build-id
                0x0000000000000274       0x24
 *(.note.gnu.build-id)
 .note.gnu.build-id
                0x0000000000000274       0x24 /usr/lib/gcc/x86_64-linux-gnu/7/../../../x86_64-linux-gnu/Scrt1.o

.hash
 *(.hash)

.gnu.hash       0x0000000000000298     0x1348
 *(.gnu.hash)
 .gnu.hash      0x0000000000000298     0x1348 /usr/lib/gcc/x86_64-linux-gnu/7/../../../x86_64-linux-gnu/Scrt1.o

.dynsym         0x00000000000015e0     0x3b40
 *(.dynsym)
 .dynsym        0x00000000000015e0     0x3b40 /usr/lib/gcc/x86_64-linux-gnu/7/../../../x86_64-linux-gnu/Scrt1.o

.dynstr         0x0000000000005120     0x2db2
 *(.dynstr)
 .dynstr        0x0000000000005120     0x2db2 /usr/lib/gcc/x86_64-linux-gnu/7/../../../x86_64-linux-gnu/Scrt1.o

.gnu.version    0x0000000000007ed2      0x4f0
 *(.gnu.version)
 .gnu.version   0x0000000000007ed2      0x4f0 /usr/lib/gcc/x86_64-linux-gnu/7/../../../x86_64-linux-gnu/Scrt1.o

.gnu.version_d  0x00000000000083c8        0x0
 *(.gnu.version_d)
 .gnu.version_d
                0x00000000000083c8        0x0 /usr/lib/gcc/x86_64-linux-gnu/7/../../../x86_64-linux-gnu/Scrt1.o

.gnu.version_r  0x00000000000083c8       0x80
 *(.gnu.version_r)
 .gnu.version_r
                0x00000000000083c8       0x80 /usr/lib/gcc/x86_64-linux-gnu/7/../../../x86_64-linux-gnu/Scrt1.o

.rela.dyn       0x0000000000008448      0xdc8
 *(.rela.init)
 *(.rela.text .rela.text.* .rela.gnu.linkonce.t.*)
 .rela.text     0x0000000000008448        0x0 /usr/lib/gcc/x86_64-linux-gnu/7/../../../x86_64-linux-gnu/Scrt1.o
 .rela.text.startup
                0x0000000000008448        0x0 /usr/lib/gcc/x86_64-linux-gnu/7/../../../x86_64-linux-gnu/Scrt1.o
 .rela.text.unlikely
                0x0000000000008448        0x0 /usr/lib/gcc/x86_64-linux-gnu/7/../../../x86_64-linux-gnu/Scrt1.o
 *(.rela.fini)
 *(.rela.rodata .rela.rodata.* .rela.gnu.linkonce.r.*)
 *(.rela.data .rela.data.* .rela.gnu.linkonce.d.*)
 .rela.data.rel.ro
                0x0000000000008448      0x1f8 /usr/lib/gcc/x86_64-linux-gnu/7/../../../x86_64-linux-gnu/Scrt1.o
 .rela.data.rel.local
                0x0000000000008640      0x7e0 /usr/lib/gcc/x86_64-linux-gnu/7/../../../x86_64-linux-gnu/Scrt1.o
 .rela.data.rel.ro.local
                0x0000000000008e20      0x318 /usr/lib/gcc/x86_64-linux-gnu/7/../../../x86_64-linux-gnu/Scrt1.o
 *(.rela.tdata .rela.tdata.* .rela.gnu.linkonce.td.*)
 *(.rela.tbss .rela.tbss.* .rela.gnu.linkonce.tb.*)
 *(.rela.ctors)
 *(.rela.dtors)
 *(.rela.got)
 .rela.got      0x0000000000009138       0x78 /usr/lib/gcc/x86_64-linux-gnu/7/../../../x86_64-linux-gnu/Scrt1.o
 *(.rela.bss .rela.bss.* .rela.gnu.linkonce.b.*)
 .rela.bss      0x00000000000091b0       0x30 /usr/lib/gcc/x86_64-linux-gnu/7/../../../x86_64-linux-gnu/Scrt1.o
 *(.rela.ldata .rela.ldata.* .rela.gnu.linkonce.l.*)
 *(.rela.lbss .rela.lbss.* .rela.gnu.linkonce.lb.*)
 *(.rela.lrodata .rela.lrodata.* .rela.gnu.linkonce.lr.*)
 *(.rela.ifunc)
 .rela.ifunc    0x00000000000091e0        0x0 /usr/lib/gcc/x86_64-linux-gnu/7/../../../x86_64-linux-gnu/Scrt1.o
 .rela.fini_array
                0x00000000000091e0       0x18 /usr/lib/gcc/x86_64-linux-gnu/7/../../../x86_64-linux-gnu/Scrt1.o
 .rela.init_array
                0x00000000000091f8       0x18 /usr/lib/gcc/x86_64-linux-gnu/7/../../../x86_64-linux-gnu/Scrt1.o

.rela.plt       0x0000000000009210      0x438
 *(.rela.plt)
 .rela.plt      0x0000000000009210      0x438 /usr/lib/gcc/x86_64-linux-gnu/7/../../../x86_64-linux-gnu/Scrt1.o
                [!provide]                        PROVIDE (__rela_iplt_start = .)
 *(.rela.iplt)
                [!provide]                        PROVIDE (__rela_iplt_end = .)

.init           0x0000000000009648       0x17
 *(SORT_NONE(.init))
 .init          0x0000000000009648       0x12 /usr/lib/gcc/x86_64-linux-gnu/7/../../../x86_64-linux-gnu/crti.o
                0x0000000000009648                _init
 .init          0x000000000000965a        0x5 /usr/lib/gcc/x86_64-linux-gnu/7/../../../x86_64-linux-gnu/crtn.o

.plt            0x0000000000009660      0x2e0
 *(.plt)
 .plt           0x0000000000009660      0x2e0 /usr/lib/gcc/x86_64-linux-gnu/7/../../../x86_64-linux-gnu/Scrt1.o
 *(.iplt)

.plt.got        0x0000000000009940        0x8
 *(.plt.got)
 .plt.got       0x0000000000009940        0x8 /usr/lib/gcc/x86_64-linux-gnu/7/../../../x86_64-linux-gnu/Scrt1.o

.plt.sec
 *(.plt.sec)

.text           0x0000000000009950    0x1013e
 *(.text.unlikely .text.*_unlikely .text.unlikely.*)
 .text.unlikely
                0x0000000000009950       0xae build/native/contiki-ng-native.a(uip6.o)
 *(.text.exit .text.exit.*)
 *(.text.startup .text.startup.*)
 *fill*         0x00000000000099fe        0x2 
 .text.startup  0x0000000000009a00      0x36c build/native/contiki-ng-native.a(contiki-main.o)
                0x0000000000009a00                main
 *(.text.hot .text.hot.*)
 *(.text .stub .text.* .gnu.linkonce.t.*)
 *fill*         0x0000000000009d6c        0x4 
 .text          0x0000000000009d70       0x2b /usr/lib/gcc/x86_64-linux-gnu/7/../../../x86_64-linux-gnu/Scrt1.o
                0x0000000000009d70                _start
 .text          0x0000000000009d9b        0x0 /usr/lib/gcc/x86_64-linux-gnu/7/../../../x86_64-linux-gnu/crti.o
 *fill*         0x0000000000009d9b        0x5 
 .text          0x0000000000009da0       0xda /usr/lib/gcc/x86_64-linux-gnu/7/crtbeginS.o
 *fill*         0x0000000000009e7a        0x6 
 .text          0x0000000000009e80      0x39e observing.o
                0x0000000000009e80                client_chunk_handler
 *fill*         0x000000000000a21e        0x2 
 .text          0x000000000000a220      0x113 build/native/contiki-ng-native.a(res-obs.o)
 *fill*         0x000000000000a333        0xd 
 .text          0x000000000000a340      0x1c6 build/native/contiki-ng-native.a(coap-blocking-a)
                0x000000000000a340                coap_blocking_request_callback
                0x000000000000a350                coap_blocking_request
 *fill*         0x000000000000a506        0xa 
 .text          0x000000000000a510      0x945 build/native/contiki-ng-native.a(coap-engine.o)
                0x000000000000a570                coap_add_handler
                0x000000000000a580                coap_remove_handler
                0x000000000000a590                coap_call_handlers
                0x000000000000a630                coap_receive
                0x000000000000ad80                coap_activate_resource
                0x000000000000ade0                coap_engine_init
                0x000000000000ae40                coap_get_first_resource
                0x000000000000ae50                coap_get_next_resource
 *fill*         0x000000000000ae55        0xb 
 .text          0x000000000000ae60      0x2cc build/native/contiki-ng-native.a(coap-res-well-k)
 *fill*         0x000000000000b12c        0x4 
 .text          0x000000000000b130      0x92f build/native/contiki-ng-native.a(coap-observe.o)
                0x000000000000b130                coap_remove_observer
                0x000000000000b160                coap_remove_observer_by_client
                0x000000000000b1d0                coap_remove_observer_by_token
                0x000000000000b270                coap_remove_observer_by_uri
                0x000000000000b300                coap_remove_observer_by_mid
                0x000000000000b390                coap_notify_observers_sub
                0x000000000000b770                coap_notify_observers
                0x000000000000b780                coap_observe_handler
                0x000000000000ba00                coap_has_observers
 *fill*         0x000000000000ba5f        0x1 
 .text          0x000000000000ba60      0x58f build/native/contiki-ng-native.a(coap-uip.o)
                0x000000000000bb20                coap_endpoint_log
                0x000000000000bba0                coap_endpoint_print
                0x000000000000bc20                coap_endpoint_snprint
                0x000000000000bd40                coap_endpoint_copy
                0x000000000000bd60                coap_endpoint_cmp
                0x000000000000bda0                coap_endpoint_parse
                0x000000000000bf60                coap_endpoint_is_secure
                0x000000000000bf70                coap_endpoint_is_connected
                0x000000000000bf80                coap_endpoint_connect
                0x000000000000bf90                coap_endpoint_disconnect
                0x000000000000bfa0                coap_databuf
                0x000000000000bfb0                coap_transport_init
                0x000000000000bfc0                coap_sendto
 *fill*         0x000000000000bfef        0x1 
 .text          0x000000000000bff0      0x245 build/native/contiki-ng-native.a(coap-timer.o)
                0x000000000000c0f0                coap_timer_stop
                0x000000000000c110                coap_timer_set
                0x000000000000c140                coap_timer_reset
                0x000000000000c150                coap_timer_time_to_next_expiration
                0x000000000000c190                coap_timer_run
                0x000000000000c220                coap_timer_init
 *fill*         0x000000000000c235        0xb 
 .text          0x000000000000c240      0x1dd build/native/contiki-ng-native.a(coap-transactio)
                0x000000000000c270                coap_new_transaction
                0x000000000000c2c0                coap_send_transaction
                0x000000000000c3c0                coap_clear_transaction
                0x000000000000c3e0                coap_get_transaction_by_mid
 *fill*         0x000000000000c41d        0x3 
 .text          0x000000000000c420     0x198c build/native/contiki-ng-native.a(coap.o)
                0x000000000000c7b0                coap_init_connection
                0x000000000000c7d0                coap_get_mid
                0x000000000000c7f0                coap_init_message
                0x000000000000c840                coap_serialize_message
                0x000000000000ce30                coap_parse_message
                0x000000000000d5e0                coap_get_query_variable
                0x000000000000d610                coap_get_post_variable
                0x000000000000d640                coap_set_status_code
                0x000000000000d660                coap_set_token
                0x000000000000d700                coap_get_header_content_format
                0x000000000000d720                coap_set_header_content_format
                0x000000000000d730                coap_get_header_accept
                0x000000000000d750                coap_set_header_accept
                0x000000000000d770                coap_get_header_max_age
                0x000000000000d7a0                coap_set_header_max_age
                0x000000000000d7b0                coap_get_header_etag
                0x000000000000d7d0                coap_set_header_etag
                0x000000000000d880                coap_get_header_if_match
                0x000000000000d8a0                coap_set_header_if_match
                0x000000000000d960                coap_get_header_if_none_match
                0x000000000000d970                coap_set_header_if_none_match
                0x000000000000d980                coap_get_header_proxy_uri
                0x000000000000d9a0                coap_set_header_proxy_uri
                0x000000000000d9c0                coap_get_header_uri_host
                0x000000000000d9e0                coap_set_header_uri_host
                0x000000000000da00                coap_get_header_uri_path
                0x000000000000da20                coap_set_header_uri_path
                0x000000000000da60                coap_get_header_uri_query
                0x000000000000da80                coap_set_header_uri_query
                0x000000000000dac0                coap_get_header_location_path
                0x000000000000dae0                coap_get_header_location_query
                0x000000000000db00                coap_set_header_location_query
                0x000000000000db40                coap_set_header_location_path
                0x000000000000dbb0                coap_get_header_observe
                0x000000000000dbd0                coap_set_header_observe
                0x000000000000dbe0                coap_get_header_block2
                0x000000000000dc30                coap_set_header_block2
                0x000000000000dc70                coap_get_header_block1
                0x000000000000dcc0                coap_set_header_block1
                0x000000000000dd00                coap_get_header_size2
                0x000000000000dd20                coap_set_header_size2
                0x000000000000dd30                coap_get_header_size1
                0x000000000000dd50                coap_set_header_size1
                0x000000000000dd60                coap_get_payload
                0x000000000000dd90                coap_set_payload
 .text          0x000000000000ddac        0x0 build/native/contiki-ng-native.a(contiki-main.o)
 *fill*         0x000000000000ddac        0x4 
 .text          0x000000000000ddb0       0x54 build/native/contiki-ng-native.a(autostart.o)
                0x000000000000ddb0                autostart_start
                0x000000000000dde0                autostart_exit
 *fill*         0x000000000000de04        0xc 
 .text          0x000000000000de10      0x364 build/native/contiki-ng-native.a(ctimer.o)
                0x000000000000df30                ctimer_init
                0x000000000000df60                ctimer_set_with_process
                0x000000000000dfd0                ctimer_set
                0x000000000000dfe0                ctimer_reset
                0x000000000000e050                ctimer_restart
                0x000000000000e0c0                ctimer_stop
                0x000000000000e120                ctimer_expired
 *fill*         0x000000000000e174        0xc 
 .text          0x000000000000e180      0x3b8 build/native/contiki-ng-native.a(log.o)
                0x000000000000e180                log_6addr
                0x000000000000e1e0                log_6addr_compact_snprint
                0x000000000000e260                log_6addr_compact
                0x000000000000e2c0                log_lladdr
                0x000000000000e360                log_lladdr_compact
                0x000000000000e3b0                log_set_level
                0x000000000000e440                log_get_level
                0x000000000000e4d0                log_level_to_str
 *fill*         0x000000000000e538        0x8 
 .text          0x000000000000e540       0x23 build/native/contiki-ng-native.a(energest.o)
                0x000000000000e540                energest_init
                0x000000000000e550                energest_flush
                0x000000000000e560                energest_get_total_time
 *fill*         0x000000000000e563        0xd 
 .text          0x000000000000e570      0x44d build/native/contiki-ng-native.a(etimer.o)
                0x000000000000e810                etimer_request_poll
                0x000000000000e820                etimer_set
                0x000000000000e840                etimer_reset_with_new_interval
                0x000000000000e870                etimer_reset
                0x000000000000e890                etimer_restart
                0x000000000000e8b0                etimer_adjust
                0x000000000000e8e0                etimer_expired
                0x000000000000e8f0                etimer_expiration_time
                0x000000000000e900                etimer_start_time
                0x000000000000e910                etimer_pending
                0x000000000000e920                etimer_next_expiration_time
                0x000000000000e940                etimer_stop
 *fill*         0x000000000000e9bd        0x3 
 .text          0x000000000000e9c0       0x1b build/native/contiki-ng-native.a(node-id.o)
                0x000000000000e9c0                node_id_init
 *fill*         0x000000000000e9db        0x5 
 .text          0x000000000000e9e0       0xaa build/native/contiki-ng-native.a(rtimer.o)
                0x000000000000e9e0                rtimer_init
                0x000000000000e9f0                rtimer_set
                0x000000000000ea40                rtimer_run_next
 *fill*         0x000000000000ea8a        0x6 
 .text          0x000000000000ea90      0x44a build/native/contiki-ng-native.a(process.o)
                0x000000000000ec50                process_alloc_event
                0x000000000000ec70                process_start
                0x000000000000ece0                process_exit
                0x000000000000ecf0                process_init
                0x000000000000ed20                process_run
                0x000000000000ee10                process_nevents
                0x000000000000ee30                process_post
                0x000000000000ee80                process_post_synch
                0x000000000000eea0                process_poll
                0x000000000000eed0                process_is_running
 *fill*         0x000000000000eeda        0x6 
 .text          0x000000000000eee0       0x95 build/native/contiki-ng-native.a(timer.o)
                0x000000000000eee0                timer_set
                0x000000000000ef00                timer_reset
                0x000000000000ef30                timer_restart
                0x000000000000ef40                timer_expired
                0x000000000000ef60                timer_remaining
 *fill*         0x000000000000ef75        0xb 
 .text          0x000000000000ef80      0x343 build/native/contiki-ng-native.a(list.o)
                0x000000000000ef80                list_init
                0x000000000000ef90                list_head
                0x000000000000efa0                list_copy
                0x000000000000efb0                list_tail
                0x000000000000efd0                list_add
                0x000000000000f050                list_push
                0x000000000000f0c0                list_chop
                0x000000000000f100                list_pop
                0x000000000000f110                list_remove
                0x000000000000f180                list_length
                0x000000000000f1b0                list_insert
                0x000000000000f270                list_item_next
                0x000000000000f290                list_contains
 *fill*         0x000000000000f2c3        0xd 
 .text          0x000000000000f2d0      0x15b build/native/contiki-ng-native.a(memb.o)
                0x000000000000f2d0                memb_init
                0x000000000000f300                memb_alloc
                0x000000000000f360                memb_free
                0x000000000000f3c0                memb_inmemb
                0x000000000000f3f0                memb_numfree
 *fill*         0x000000000000f42b        0x5 
 .text          0x000000000000f430      0x202 build/native/contiki-ng-native.a(queuebuf.o)
                0x000000000000f430                queuebuf_init
                0x000000000000f450                queuebuf_numfree
                0x000000000000f460                queuebuf_new_from_packetbuf
                0x000000000000f4e0                queuebuf_update_attr_from_packetbuf
                0x000000000000f500                queuebuf_update_from_packetbuf
                0x000000000000f530                queuebuf_free
                0x000000000000f570                queuebuf_to_packetbuf
                0x000000000000f5c0                queuebuf_dataptr
                0x000000000000f5f0                queuebuf_datalen
                0x000000000000f600                queuebuf_addr
                0x000000000000f620                queuebuf_attr
                0x000000000000f630                queuebuf_debug_print
 *fill*         0x000000000000f632        0xe 
 .text          0x000000000000f640      0x3e3 build/native/contiki-ng-native.a(packetbuf.o)
                0x000000000000f640                packetbuf_copyto
                0x000000000000f720                packetbuf_hdralloc
                0x000000000000f790                packetbuf_hdrreduce
                0x000000000000f7c0                packetbuf_set_datalen
                0x000000000000f7d0                packetbuf_dataptr
                0x000000000000f7f0                packetbuf_hdrptr
                0x000000000000f800                packetbuf_datalen
                0x000000000000f810                packetbuf_hdrlen
                0x000000000000f820                packetbuf_totlen
                0x000000000000f840                packetbuf_remaininglen
                0x000000000000f860                packetbuf_attr_clear
                0x000000000000f8b0                packetbuf_clear
                0x000000000000f8d0                packetbuf_copyfrom
                0x000000000000f930                packetbuf_attr_copyto
                0x000000000000f960                packetbuf_attr_copyfrom
                0x000000000000f990                packetbuf_set_attr
                0x000000000000f9b0                packetbuf_attr
                0x000000000000f9c0                packetbuf_set_addr
                0x000000000000f9f0                packetbuf_addr
                0x000000000000fa10                packetbuf_holds_broadcast
 *fill*         0x000000000000fa23        0xd 
 .text          0x000000000000fa30       0xba build/native/contiki-ng-native.a(netstack.o)
                0x000000000000fa30                netstack_process_ip_callback
                0x000000000000faa0                netstack_ip_packet_processor_add
                0x000000000000fac0                uip_ds6_ip_packet_processor_rm
                0x000000000000fad0                netstack_init
 *fill*         0x000000000000faea        0x6 
 .text          0x000000000000faf0       0x2b build/native/contiki-ng-native.a(linkaddr.o)
                0x000000000000faf0                linkaddr_copy
                0x000000000000fb00                linkaddr_cmp
                0x000000000000fb10                linkaddr_set_node_addr
 *fill*         0x000000000000fb1b        0x5 
 .text          0x000000000000fb20       0x52 build/native/contiki-ng-native.a(nullmac.o)
 *fill*         0x000000000000fb72        0xe 
 .text          0x000000000000fb80      0xb04 build/native/contiki-ng-native.a(uip-ds6.o)
                0x000000000000fc40                uip_ds6_default_prefix
                0x000000000000fc50                uip_ds6_set_default_prefix
                0x000000000000fc60                uip_ds6_list_loop
                0x000000000000fca0                uip_ds6_prefix_add
                0x000000000000fd50                uip_ds6_prefix_rm
                0x000000000000fd60                uip_ds6_prefix_lookup
                0x000000000000fdc0                uip_ds6_is_addr_onlink
                0x000000000000fe30                uip_ds6_addr_lookup
                0x000000000000fe90                uip_ds6_get_link_local
                0x000000000000ff00                uip_ds6_get_global
                0x000000000000ff70                uip_ds6_maddr_add
                0x000000000000ffd0                uip_ds6_addr_add
                0x00000000000100c0                uip_ds6_maddr_rm
                0x00000000000100d0                uip_ds6_maddr_lookup
                0x0000000000010190                uip_ds6_addr_rm
                0x00000000000101b0                uip_ds6_periodic
                0x0000000000010230                uip_ds6_aaddr_add
                0x0000000000010290                uip_ds6_aaddr_rm
                0x00000000000102a0                uip_ds6_aaddr_lookup
                0x0000000000010300                uip_ds6_select_src
                0x0000000000010440                uip_ds6_set_addr_iid
                0x0000000000010450                uip_ds6_set_lladdr_from_iid
                0x0000000000010460                get_match_length
                0x00000000000104b0                uip_ds6_compute_reachable_time
                0x00000000000104f0                uip_ds6_init
 *fill*         0x0000000000010684        0xc 
 .text          0x0000000000010690       0xc3 build/native/contiki-ng-native.a(uip-udp-packet.)
                0x0000000000010690                uip_udp_packet_send
                0x00000000000106f0                uip_udp_packet_sendto
 *fill*         0x0000000000010753        0xd 
 .text          0x0000000000010760      0x2ea build/native/contiki-ng-native.a(uip-ds6-route.o)
                0x0000000000010760                uip_ds6_route_init
                0x0000000000010780                uip_ds6_route_nexthop
                0x0000000000010790                uip_ds6_route_head
                0x00000000000107a0                uip_ds6_route_next
                0x00000000000107b0                uip_ds6_route_is_nexthop
                0x00000000000107c0                uip_ds6_route_num_routes
                0x00000000000107d0                uip_ds6_route_lookup
                0x00000000000107e0                uip_ds6_route_add
                0x00000000000107f0                uip_ds6_route_rm
                0x0000000000010800                uip_ds6_route_rm_by_nexthop
                0x0000000000010810                uip_ds6_defrt_head
                0x0000000000010820                uip_ds6_defrt_rm
                0x0000000000010880                uip_ds6_defrt_lookup
                0x00000000000108d0                uip_ds6_defrt_add
                0x0000000000010980                uip_ds6_defrt_choose
                0x00000000000109e0                uip_ds6_defrt_periodic
 *fill*         0x0000000000010a4a        0x6 
 .text          0x0000000000010a50      0x575 build/native/contiki-ng-native.a(tcpip.o)
                0x0000000000010a50                tcpip_output
                0x0000000000010a80                udp_attach
                0x0000000000010a90                udp_new
                0x0000000000010ac0                udp_broadcast_new
                0x0000000000010b40                tcpip_input
                0x0000000000010b70                tcpip_ipv6_output
                0x0000000000010f60                tcpip_poll_udp
                0x0000000000010f80                tcpip_uipcall
 *fill*         0x0000000000010fc5        0xb 
 .text          0x0000000000010fd0      0xb6e build/native/contiki-ng-native.a(uip6.o)
                0x00000000000110d0                uip_chksum
                0x00000000000110f0                uip_icmp6chksum
                0x0000000000011100                uip_udpchksum
                0x0000000000011110                uip_init
                0x0000000000011190                uip_remove_ext_hdr
                0x0000000000011240                uip_udp_new
                0x0000000000011300                uip_process
                0x0000000000011a80                uip_htons
                0x0000000000011a90                uip_htonl
                0x0000000000011ab0                uip_send
 *fill*         0x0000000000011b3e        0x2 
 .text          0x0000000000011b40      0x2e2 build/native/contiki-ng-native.a(uip-ds6-nbr.o)
                0x0000000000011b70                uip_ds6_nbr_rm
                0x0000000000011b90                uip_ds6_neighbors_init
                0x0000000000011bb0                uip_ds6_nbr_add
                0x0000000000011c00                uip_ds6_nbr_update_ll
                0x0000000000011cd0                uip_ds6_nbr_get_ipaddr
                0x0000000000011ce0                uip_ds6_nbr_get_ll
                0x0000000000011cf0                uip_ds6_nbr_num
                0x0000000000011d30                uip_ds6_nbr_head
                0x0000000000011d40                uip_ds6_nbr_next
                0x0000000000011d50                uip_ds6_nbr_lookup
                0x0000000000011dd0                uip_ds6_nbr_ll_lookup
                0x0000000000011de0                uip_ds6_nbr_ipaddr_from_lladdr
                0x0000000000011df0                uip_ds6_nbr_lladdr_from_ipaddr
                0x0000000000011e20                uip_ds6_link_callback
 *fill*         0x0000000000011e22        0xe 
 .text          0x0000000000011e30      0x45c build/native/contiki-ng-native.a(uip-nd6.o)
                0x0000000000012280                uip_nd6_init
 *fill*         0x000000000001228c        0x4 
 .text          0x0000000000012290      0x4a9 build/native/contiki-ng-native.a(uiplib.o)
                0x0000000000012290                uiplib_ip6addrconv
                0x0000000000012490                uiplib_ip4addrconv
                0x0000000000012510                uiplib_ipaddr_snprint
                0x00000000000126e0                uiplib_ipaddr_print
 *fill*         0x0000000000012739        0x7 
 .text          0x0000000000012740      0x498 build/native/contiki-ng-native.a(rpl.o)
                0x0000000000012740                rpl_has_joined
                0x0000000000012760                rpl_is_reachable
                0x0000000000012790                rpl_get_leaf_only
                0x00000000000128d0                rpl_link_callback
                0x0000000000012930                rpl_lollipop_greater_than
                0x0000000000012980                rpl_get_global_address
                0x0000000000012a50                rpl_reset_prefix
                0x0000000000012ab0                rpl_set_prefix_from_addr
                0x0000000000012b90                rpl_set_prefix
                0x0000000000012bd0                rpl_set_leaf_only
 *fill*         0x0000000000012bd8        0x8 
 .text          0x0000000000012be0      0xc18 build/native/contiki-ng-native.a(rpl-icmp6.o)
                0x00000000000131c0                rpl_icmp6_update_nbr_table
                0x0000000000013210                rpl_icmp6_dis_output
                0x0000000000013250                rpl_icmp6_dio_output
                0x0000000000013670                rpl_icmp6_dao_output
                0x0000000000013760                rpl_icmp6_dao_ack_output
                0x00000000000137c0                rpl_icmp6_init
 *fill*         0x00000000000137f8        0x8 
 .text          0x0000000000013800      0x221 build/native/contiki-ng-native.a(rpl-dag-root.o)
                0x0000000000013880                rpl_dag_root_print_links
                0x0000000000013920                rpl_dag_root_set_prefix
                0x0000000000013950                rpl_dag_root_start
                0x0000000000013a00                rpl_dag_root_is_root
 *fill*         0x0000000000013a21        0xf 
 .text          0x0000000000013a30      0x44d build/native/contiki-ng-native.a(platform.o)
                0x0000000000013aa0                select_set_callback
                0x0000000000013b30                native_uart_set_input
                0x0000000000013b40                platform_process_args
                0x0000000000013b50                platform_init_stage_one
                0x0000000000013b70                platform_init_stage_two
                0x0000000000013bd0                platform_init_stage_three
                0x0000000000013ce0                platform_main_loop
                0x0000000000013e40                log_message
                0x0000000000013e60                uip_log
 *fill*         0x0000000000013e7d        0x3 
 .text          0x0000000000013e80       0xc2 build/native/contiki-ng-native.a(clock.o)
                0x0000000000013e80                clock_time
                0x0000000000013ef0                clock_seconds
                0x0000000000013f30                clock_delay
                0x0000000000013f40                clock_init
 *fill*         0x0000000000013f42        0xe 
 .text          0x0000000000013f50      0x51f build/native/contiki-ng-native.a(tun6-net.o)
 *fill*         0x000000000001446f        0x1 
 .text          0x0000000000014470       0xbe build/native/contiki-ng-native.a(rtimer-arch.o)
                0x0000000000014490                rtimer_arch_init
                0x00000000000144b0                rtimer_arch_schedule
 *fill*         0x000000000001452e        0x2 
 .text          0x0000000000014530       0x4e build/native/contiki-ng-native.a(watchdog.o)
                0x0000000000014530                watchdog_init
                0x0000000000014540                watchdog_start
                0x0000000000014550                watchdog_periodic
                0x0000000000014560                watchdog_stop
                0x0000000000014570                watchdog_reboot
 *fill*         0x000000000001457e        0x2 
 .text          0x0000000000014580      0x15e build/native/contiki-ng-native.a(coap-timer-defa)
 *fill*         0x00000000000146de        0x2 
 .text          0x00000000000146e0       0xbe build/native/contiki-ng-native.a(stimer.o)
                0x00000000000146e0                stimer_set
                0x0000000000014700                stimer_reset
                0x0000000000014730                stimer_restart
                0x0000000000014740                stimer_expired
                0x0000000000014770                stimer_remaining
                0x0000000000014790                stimer_elapsed
 *fill*         0x000000000001479e        0x2 
 .text          0x00000000000147a0       0x1e build/native/contiki-ng-native.a(random.o)
                0x00000000000147a0                random_init
                0x00000000000147b0                random_rand
 *fill*         0x00000000000147be        0x2 
 .text          0x00000000000147c0      0x378 build/native/contiki-ng-native.a(button-hal.o)
                0x0000000000014910                button_hal_get_by_id
                0x0000000000014950                button_hal_get_by_index
                0x0000000000014980                button_hal_get_state
                0x0000000000014a60                button_hal_init
 *fill*         0x0000000000014b38        0x8 
 .text          0x0000000000014b40      0x1be build/native/contiki-ng-native.a(serial-line.o)
                0x0000000000014c60                serial_line_input_byte
                0x0000000000014cd0                serial_line_init
 *fill*         0x0000000000014cfe        0x2 
 .text          0x0000000000014d00       0x83 build/native/contiki-ng-native.a(leds.o)
                0x0000000000014d00                leds_init
                0x0000000000014d10                leds_single_on
                0x0000000000014d20                leds_single_off
                0x0000000000014d30                leds_single_toggle
                0x0000000000014d40                leds_on
                0x0000000000014d50                leds_off
                0x0000000000014d60                leds_toggle
                0x0000000000014d70                leds_set
                0x0000000000014d80                leds_get
 *fill*         0x0000000000014d83        0xd 
 .text          0x0000000000014d90       0xf3 build/native/contiki-ng-native.a(nullradio.o)
 *fill*         0x0000000000014e83        0xd 
 .text          0x0000000000014e90      0x104 build/native/contiki-ng-native.a(gpio-hal.o)
                0x0000000000014e90                gpio_hal_register_handler
                0x0000000000014ea0                gpio_hal_event_handler
                0x0000000000014ef0                gpio_hal_init
                0x0000000000014f10                gpio_hal_arch_port_toggle_pin
                0x0000000000014f30                gpio_hal_arch_port_toggle_pins
                0x0000000000014f50                gpio_hal_arch_no_port_toggle_pin
                0x0000000000014f80                gpio_hal_arch_no_port_toggle_pins
 *fill*         0x0000000000014f94        0xc 
 .text          0x0000000000014fa0      0x6e3 build/native/contiki-ng-native.a(nbr-table.o)
                0x0000000000015020                nbr_table_register
                0x0000000000015080                nbr_table_is_registered
                0x00000000000150b0                nbr_table_next
                0x0000000000015150                nbr_table_head
                0x00000000000151d0                nbr_table_add_lladdr
                0x00000000000154e0                nbr_table_get_from_lladdr
                0x0000000000015540                nbr_table_remove
                0x00000000000155c0                nbr_table_lock
                0x0000000000015600                nbr_table_unlock
                0x0000000000015640                nbr_table_get_lladdr
 *fill*         0x0000000000015683        0xd 
 .text          0x0000000000015690      0x3b0 build/native/contiki-ng-native.a(link-stats.o)
                0x00000000000156d0                link_stats_from_lladdr
                0x00000000000156e0                link_stats_get_lladdr
                0x00000000000156f0                link_stats_is_fresh
                0x0000000000015730                guess_etx_from_rssi
                0x0000000000015780                link_stats_packet_sent
                0x00000000000158f0                link_stats_input_callback
                0x00000000000159c0                link_stats_reset
                0x0000000000015a10                link_stats_init
 .text          0x0000000000015a40      0x3a1 build/native/contiki-ng-native.a(uipbuf.o)
                0x0000000000015a40                uipbuf_clear
                0x0000000000015a80                uipbuf_add_ext_hdr
                0x0000000000015ad0                uipbuf_set_len
                0x0000000000015af0                uipbuf_set_len_field
                0x0000000000015b00                uipbuf_get_len_field
                0x0000000000015b10                uipbuf_get_next_header
                0x0000000000015bc0                uipbuf_get_last_header
                0x0000000000015c40                uipbuf_search_header
                0x0000000000015d00                uipbuf_get_attr
                0x0000000000015d20                uipbuf_set_attr
                0x0000000000015d40                uipbuf_set_default_attr
                0x0000000000015d60                uipbuf_clear_attr
                0x0000000000015d80                uipbuf_set_attr_flag
                0x0000000000015d90                uipbuf_clr_attr_flag
                0x0000000000015da0                uipbuf_is_attr_flag
                0x0000000000015dc0                uipbuf_init
 *fill*         0x0000000000015de1        0xf 
 .text          0x0000000000015df0      0x4ce build/native/contiki-ng-native.a(uip-icmp6.o)
                0x0000000000015f30                uip_icmp6_input
                0x0000000000015fa0                uip_icmp6_register_input_handler
                0x0000000000015fb0                uip_icmp6_error_output
                0x0000000000016190                uip_icmp6_send
                0x0000000000016250                uip_icmp6_echo_reply_callback_add
                0x0000000000016280                uip_icmp6_echo_reply_callback_rm
                0x0000000000016290                uip_icmp6_init
 *fill*         0x00000000000162be        0x2 
 .text          0x00000000000162c0      0x5ab build/native/contiki-ng-native.a(uip-sr.o)
                0x0000000000016320                uip_sr_num_nodes
                0x0000000000016330                uip_sr_get_node
                0x00000000000163a0                uip_sr_is_addr_reachable
                0x0000000000016450                uip_sr_expire_parent
                0x00000000000164a0                uip_sr_update_node
                0x00000000000165b0                uip_sr_init
                0x00000000000165e0                uip_sr_node_head
                0x00000000000165f0                uip_sr_node_next
                0x0000000000016600                uip_sr_periodic
                0x00000000000166d0                uip_sr_free_all
                0x0000000000016730                uip_sr_link_snprint
 *fill*         0x000000000001686b        0x5 
 .text          0x0000000000016870      0x121 build/native/contiki-ng-native.a(uip-packetqueue)
                0x0000000000016890                uip_packetqueue_new
                0x00000000000168a0                uip_packetqueue_alloc
                0x0000000000016900                uip_packetqueue_free
                0x0000000000016940                uip_packetqueue_buf
                0x0000000000016960                uip_packetqueue_buflen
                0x0000000000016980                uip_packetqueue_set_buflen
 *fill*         0x0000000000016991        0xf 
 .text          0x00000000000169a0      0x12e build/native/contiki-ng-native.a(rpl-nbr-policy.)
                0x0000000000016a40                rpl_nbr_policy_find_removable
 *fill*         0x0000000000016ace        0x2 
 .text          0x0000000000016ad0      0x8c3 build/native/contiki-ng-native.a(rpl-neighbor.o)
                0x0000000000016b20                rpl_neighbor_count
                0x0000000000016b60                rpl_neighbor_get_from_lladdr
                0x0000000000016b70                rpl_neighbor_is_acceptable_parent
                0x0000000000016ba0                rpl_neighbor_get_link_metric
                0x0000000000016bd0                rpl_neighbor_rank_via_nbr
                0x0000000000016c00                rpl_neighbor_get_lladdr
                0x0000000000016c10                rpl_neighbor_get_ipaddr
                0x0000000000016c30                rpl_neighbor_get_link_stats
                0x0000000000016d50                rpl_neighbor_snprint
                0x00000000000170c0                rpl_neighbor_print_list
                0x0000000000017150                rpl_neighbor_is_fresh
                0x0000000000017170                rpl_neighbor_is_reachable
                0x00000000000171c0                rpl_neighbor_is_parent
                0x00000000000171e0                rpl_neighbor_set_preferred_parent
                0x0000000000017260                rpl_neighbor_remove_all
                0x00000000000172b0                rpl_neighbor_get_from_ipaddr
                0x00000000000172e0                rpl_neighbor_select_best
                0x0000000000017380                rpl_neighbor_init
 *fill*         0x0000000000017393        0xd 
 .text          0x00000000000173a0      0xcb5 build/native/contiki-ng-native.a(rpl-dag.o)
                0x00000000000177e0                rpl_dag_state_to_str
                0x0000000000017820                rpl_dag_get_root_ipaddr
                0x0000000000017850                rpl_dag_leave
                0x00000000000178c0                rpl_dag_poison_and_leave
                0x00000000000178d0                rpl_dag_periodic
                0x0000000000017950                rpl_is_addr_in_our_dag
                0x00000000000179a0                rpl_get_default_instance
                0x00000000000179c0                rpl_get_any_dag
                0x00000000000179e0                rpl_refresh_routes
                0x0000000000017a10                rpl_global_repair
                0x0000000000017a40                rpl_local_repair
                0x0000000000017a60                rpl_dag_ready_to_advertise
                0x0000000000017a90                rpl_dag_update_state
                0x0000000000017ab0                rpl_process_dio
                0x0000000000017d70                rpl_process_dis
                0x0000000000017db0                rpl_process_dao
                0x0000000000017e30                rpl_process_dao_ack
                0x0000000000017ed0                rpl_process_hbh
                0x0000000000017f30                rpl_dag_init_root
                0x0000000000018040                rpl_dag_init
 *fill*         0x0000000000018055        0xb 
 .text          0x0000000000018060      0x927 build/native/contiki-ng-native.a(rpl-timers.o)
                0x0000000000018310                rpl_timers_schedule_periodic_dis
                0x0000000000018430                rpl_timers_dio_reset
                0x0000000000018480                rpl_timers_schedule_unicast_dio
                0x00000000000184b0                rpl_timers_schedule_dao
                0x0000000000018510                rpl_timers_schedule_dao_ack
                0x0000000000018550                rpl_timers_notify_dao_ack
                0x00000000000185d0                get_probing_delay
                0x00000000000185f0                get_probing_target
                0x00000000000187b0                rpl_schedule_probing
                0x00000000000187d0                rpl_schedule_probing_now
                0x0000000000018820                rpl_timers_unschedule_leaving
                0x0000000000018860                rpl_timers_schedule_leaving
                0x00000000000188b0                rpl_timers_init
                0x00000000000188e0                rpl_timers_stop_dag_timers
                0x0000000000018940                rpl_timers_unschedule_state_update
                0x0000000000018960                rpl_timers_schedule_state_update
 *fill*         0x0000000000018987        0x9 
 .text          0x0000000000018990      0xb0e build/native/contiki-ng-native.a(rpl-ext-header.)
                0x0000000000018a00                rpl_ext_header_srh_get_next_hop
                0x0000000000018aa0                rpl_ext_header_srh_update
                0x0000000000018cf0                rpl_ext_header_hbh_update
                0x0000000000018db0                rpl_ext_header_remove
                0x0000000000018f20                rpl_ext_header_update
 *fill*         0x000000000001949e        0x2 
 .text          0x00000000000194a0      0x27d build/native/contiki-ng-native.a(rpl-mrhof.o)
 .text          0x000000000001971d        0x0 build/native/contiki-ng-native.a(buttons.o)
 *fill*         0x000000000001971d        0x3 
 .text          0x0000000000019720       0x4c build/native/contiki-ng-native.a(int-master.o)
                0x0000000000019720                int_master_enable
                0x0000000000019730                int_master_read_and_disable
                0x0000000000019750                int_master_status_set
                0x0000000000019760                int_master_is_enabled
 *fill*         0x000000000001976c        0x4 
 .text          0x0000000000019770      0x1cb build/native/contiki-ng-native.a(gpio-hal-arch.o)
                0x0000000000019770                gpio_hal_arch_init
                0x0000000000019780                gpio_hal_arch_no_port_interrupt_enable
                0x0000000000019790                gpio_hal_arch_no_port_interrupt_disable
                0x00000000000197a0                gpio_hal_arch_no_port_pin_cfg_set
                0x00000000000197c0                gpio_hal_arch_no_port_pin_cfg_get
                0x00000000000197e0                gpio_hal_arch_no_port_pin_set_input
                0x00000000000197f0                gpio_hal_arch_no_port_pin_set_output
                0x0000000000019800                gpio_hal_arch_no_port_set_pin
                0x0000000000019820                gpio_hal_arch_no_port_clear_pin
                0x0000000000019840                gpio_hal_arch_no_port_read_pin
                0x0000000000019860                gpio_hal_arch_no_port_write_pin
                0x0000000000019880                gpio_hal_arch_no_port_set_pins
                0x00000000000198b0                gpio_hal_arch_no_port_clear_pins
                0x00000000000198e0                gpio_hal_arch_no_port_read_pins
                0x0000000000019910                gpio_hal_arch_no_port_write_pins
 *fill*         0x000000000001993b        0x5 
 .text          0x0000000000019940       0xb1 build/native/contiki-ng-native.a(ringbuf.o)
                0x0000000000019940                ringbuf_init
                0x0000000000019950                ringbuf_put
                0x0000000000019990                ringbuf_get
                0x00000000000199d0                ringbuf_size
                0x00000000000199e0                ringbuf_elements
 *fill*         0x00000000000199f1        0xf 
 .text          0x0000000000019a00       0x72 /usr/lib/x86_64-linux-gnu/libc_nonshared.a(elf-init.oS)
                0x0000000000019a00                __libc_csu_init
                0x0000000000019a70                __libc_csu_fini
 *fill*         0x0000000000019a72        0xe 
 .text          0x0000000000019a80        0xe /usr/lib/x86_64-linux-gnu/libc_nonshared.a(atexit.oS)
                0x0000000000019a80                atexit
 .text          0x0000000000019a8e        0x0 /usr/lib/gcc/x86_64-linux-gnu/7/crtendS.o
 .text          0x0000000000019a8e        0x0 /usr/lib/gcc/x86_64-linux-gnu/7/../../../x86_64-linux-gnu/crtn.o
 *(.gnu.warning)

.fini           0x0000000000019a90        0x9
 *(SORT_NONE(.fini))
 .fini          0x0000000000019a90        0x4 /usr/lib/gcc/x86_64-linux-gnu/7/../../../x86_64-linux-gnu/crti.o
                0x0000000000019a90                _fini
 .fini          0x0000000000019a94        0x5 /usr/lib/gcc/x86_64-linux-gnu/7/../../../x86_64-linux-gnu/crtn.o
                [!provide]                        PROVIDE (__etext = .)
                [!provide]                        PROVIDE (_etext = .)
                [!provide]                        PROVIDE (etext = .)

.rodata         0x0000000000019aa0      0x961
 *(.rodata .rodata.* .gnu.linkonce.r.*)
 .rodata.cst4   0x0000000000019aa0        0x4 /usr/lib/gcc/x86_64-linux-gnu/7/../../../x86_64-linux-gnu/Scrt1.o
                0x0000000000019aa0                _IO_stdin_used
 .rodata.str1.1
                0x0000000000019aa4       0xcb observing.o
 *fill*         0x0000000000019b6f        0x1 
 .rodata.str1.8
                0x0000000000019b70       0x7c observing.o
 .rodata.str1.1
                0x0000000000019bec       0x1e build/native/contiki-ng-native.a(res-obs.o)
 *fill*         0x0000000000019c0a        0x6 
 .rodata.str1.8
                0x0000000000019c10       0x75 build/native/contiki-ng-native.a(res-obs.o)
 .rodata.str1.1
                0x0000000000019c85       0x41 build/native/contiki-ng-native.a(coap-engine.o)
 .rodata.str1.1
                0x0000000000019cc6        0x6 build/native/contiki-ng-native.a(coap-res-well-k)
                                         0x19 (size before relaxing)
 .rodata.str1.1
                0x0000000000019ccc       0x11 build/native/contiki-ng-native.a(coap-observe.o)
 .rodata.str1.1
                0x0000000000019cdd       0x35 build/native/contiki-ng-native.a(coap-uip.o)
 *fill*         0x0000000000019d12        0x6 
 .rodata.str1.8
                0x0000000000019d18       0x7f build/native/contiki-ng-native.a(coap.o)
 .rodata.str1.1
                0x0000000000019d97       0x33 build/native/contiki-ng-native.a(coap.o)
                                         0x34 (size before relaxing)
 *fill*         0x0000000000019dca        0x2 
 .rodata        0x0000000000019dcc       0xf4 build/native/contiki-ng-native.a(coap.o)
 .rodata.str1.1
                0x0000000000019ec0       0x66 build/native/contiki-ng-native.a(contiki-main.o)
                                         0x7a (size before relaxing)
 *fill*         0x0000000000019f26        0x2 
 .rodata.str1.8
                0x0000000000019f28       0x7c build/native/contiki-ng-native.a(contiki-main.o)
 .rodata.str1.1
                0x0000000000019fa4        0xf build/native/contiki-ng-native.a(ctimer.o)
 .rodata.str1.1
                0x0000000000019fb3       0xa5 build/native/contiki-ng-native.a(log.o)
                                         0xac (size before relaxing)
 .rodata        0x000000000001a058       0x14 build/native/contiki-ng-native.a(log.o)
 .rodata.str1.1
                0x000000000001a06c        0xc build/native/contiki-ng-native.a(etimer.o)
 .rodata        0x000000000001a078        0x8 build/native/contiki-ng-native.a(linkaddr.o)
                0x000000000001a078                linkaddr_null
 .rodata.str1.1
                0x000000000001a080        0x8 build/native/contiki-ng-native.a(nullmac.o)
 .rodata.str1.1
                0x000000000001a088        0xd build/native/contiki-ng-native.a(tcpip.o)
 .rodata.str1.1
                0x000000000001a095       0x28 build/native/contiki-ng-native.a(uiplib.o)
                                         0x2d (size before relaxing)
 .rodata.str1.1
                0x000000000001a0bd        0x9 build/native/contiki-ng-native.a(rpl.o)
 .rodata.str1.1
                0x000000000001a0c6       0x2f build/native/contiki-ng-native.a(platform.o)
                                         0x47 (size before relaxing)
 *fill*         0x000000000001a0f5        0x3 
 .rodata        0x000000000001a0f8        0x8 build/native/contiki-ng-native.a(platform.o)
 .rodata.str1.1
                0x000000000001a100       0xa6 build/native/contiki-ng-native.a(tun6-net.o)
                                         0xb9 (size before relaxing)
 *fill*         0x000000000001a1a6        0x2 
 .rodata.str1.8
                0x000000000001a1a8       0xc7 build/native/contiki-ng-native.a(tun6-net.o)
 .rodata.str1.1
                0x000000000001a26f       0x13 build/native/contiki-ng-native.a(coap-timer-defa)
 .rodata.str1.1
                0x000000000001a282       0x13 build/native/contiki-ng-native.a(button-hal.o)
 .rodata.str1.1
                0x000000000001a295        0xe build/native/contiki-ng-native.a(serial-line.o)
 .rodata.str1.1
                0x000000000001a2a3       0x44 build/native/contiki-ng-native.a(uip-sr.o)
 *fill*         0x000000000001a2e7        0x1 
 .rodata.str1.8
                0x000000000001a2e8       0x28 build/native/contiki-ng-native.a(rpl-neighbor.o)
                                         0x22 (size before relaxing)
 .rodata.str1.1
                0x000000000001a310       0x34 build/native/contiki-ng-native.a(rpl-neighbor.o)
                                         0x36 (size before relaxing)
 .rodata.str1.1
                0x000000000001a344       0xb0 build/native/contiki-ng-native.a(rpl-dag.o)
 .rodata.str1.1
                0x000000000001a3f4        0xc build/native/contiki-ng-native.a(rpl-timers.o)
 .rodata        0x000000000001a400        0x1 build/native/contiki-ng-native.a(buttons.o)
                0x000000000001a400                button_hal_button_count

.rodata1
 *(.rodata1)

.eh_frame_hdr   0x000000000001a404     0x133c
 *(.eh_frame_hdr)
 .eh_frame_hdr  0x000000000001a404     0x133c /usr/lib/gcc/x86_64-linux-gnu/7/../../../x86_64-linux-gnu/Scrt1.o
                0x000000000001a404                __GNU_EH_FRAME_HDR
 *(.eh_frame_entry .eh_frame_entry.*)

.eh_frame       0x000000000001b740     0x4b00
 *(.eh_frame)
 .eh_frame      0x000000000001b740       0x30 /usr/lib/gcc/x86_64-linux-gnu/7/../../../x86_64-linux-gnu/Scrt1.o
                                         0x2c (size before relaxing)
 *fill*         0x000000000001b770        0x0 
 .eh_frame      0x000000000001b770       0x40 /usr/lib/gcc/x86_64-linux-gnu/7/../../../x86_64-linux-gnu/Scrt1.o
 .eh_frame      0x000000000001b7b0       0x18 /usr/lib/gcc/x86_64-linux-gnu/7/../../../x86_64-linux-gnu/Scrt1.o
                                         0x30 (size before relaxing)
 .eh_frame      0x000000000001b7c8       0x48 observing.o
                                         0x60 (size before relaxing)
 .eh_frame      0x000000000001b810       0x68 build/native/contiki-ng-native.a(res-obs.o)
                                         0x80 (size before relaxing)
 .eh_frame      0x000000000001b878       0x78 build/native/contiki-ng-native.a(coap-blocking-a)
                                         0x90 (size before relaxing)
 .eh_frame      0x000000000001b8f0      0x150 build/native/contiki-ng-native.a(coap-engine.o)
                                        0x168 (size before relaxing)
 .eh_frame      0x000000000001ba40       0x68 build/native/contiki-ng-native.a(coap-res-well-k)
                                         0x80 (size before relaxing)
 .eh_frame      0x000000000001baa8      0x260 build/native/contiki-ng-native.a(coap-observe.o)
                                        0x278 (size before relaxing)
 .eh_frame      0x000000000001bd08      0x1b0 build/native/contiki-ng-native.a(coap-uip.o)
                                        0x1c8 (size before relaxing)
 .eh_frame      0x000000000001beb8      0x118 build/native/contiki-ng-native.a(coap-timer.o)
                                        0x130 (size before relaxing)
 .eh_frame      0x000000000001bfd0       0xf8 build/native/contiki-ng-native.a(coap-transactio)
                                        0x110 (size before relaxing)
 .eh_frame      0x000000000001c0c8      0x560 build/native/contiki-ng-native.a(coap.o)
                                        0x578 (size before relaxing)
 .eh_frame      0x000000000001c628       0x20 build/native/contiki-ng-native.a(contiki-main.o)
                                         0x38 (size before relaxing)
 .eh_frame      0x000000000001c648       0x38 build/native/contiki-ng-native.a(autostart.o)
                                         0x50 (size before relaxing)
 .eh_frame      0x000000000001c680      0x118 build/native/contiki-ng-native.a(ctimer.o)
                                        0x130 (size before relaxing)
 .eh_frame      0x000000000001c798      0x170 build/native/contiki-ng-native.a(log.o)
                                        0x188 (size before relaxing)
 .eh_frame      0x000000000001c908       0x40 build/native/contiki-ng-native.a(energest.o)
                                         0x58 (size before relaxing)
 .eh_frame      0x000000000001c948      0x1b0 build/native/contiki-ng-native.a(etimer.o)
                                        0x1c8 (size before relaxing)
 .eh_frame      0x000000000001caf8       0x18 build/native/contiki-ng-native.a(node-id.o)
                                         0x30 (size before relaxing)
 .eh_frame      0x000000000001cb10       0x50 build/native/contiki-ng-native.a(rtimer.o)
                                         0x68 (size before relaxing)
 .eh_frame      0x000000000001cb60      0x188 build/native/contiki-ng-native.a(process.o)
                                        0x1a0 (size before relaxing)
 .eh_frame      0x000000000001cce8       0x90 build/native/contiki-ng-native.a(timer.o)
                                         0xa8 (size before relaxing)
 .eh_frame      0x000000000001cd78      0x108 build/native/contiki-ng-native.a(list.o)
                                        0x120 (size before relaxing)
 .eh_frame      0x000000000001ce80       0x70 build/native/contiki-ng-native.a(memb.o)
                                         0x88 (size before relaxing)
 .eh_frame      0x000000000001cef0      0x138 build/native/contiki-ng-native.a(queuebuf.o)
                                        0x150 (size before relaxing)
 .eh_frame      0x000000000001d028      0x1c0 build/native/contiki-ng-native.a(packetbuf.o)
                                        0x1d8 (size before relaxing)
 .eh_frame      0x000000000001d1e8       0x78 build/native/contiki-ng-native.a(netstack.o)
                                         0x90 (size before relaxing)
 .eh_frame      0x000000000001d260       0x40 build/native/contiki-ng-native.a(linkaddr.o)
                                         0x58 (size before relaxing)
 .eh_frame      0x000000000001d2a0       0x78 build/native/contiki-ng-native.a(nullmac.o)
                                         0x90 (size before relaxing)
 .eh_frame      0x000000000001d318      0x3b8 build/native/contiki-ng-native.a(uip-ds6.o)
                                        0x3d0 (size before relaxing)
 .eh_frame      0x000000000001d6d0       0x48 build/native/contiki-ng-native.a(uip-udp-packet.)
                                         0x60 (size before relaxing)
 .eh_frame      0x000000000001d718      0x1b0 build/native/contiki-ng-native.a(uip-ds6-route.o)
                                        0x1c8 (size before relaxing)
 .eh_frame      0x000000000001d8c8      0x138 build/native/contiki-ng-native.a(tcpip.o)
                                        0x150 (size before relaxing)
 .eh_frame      0x000000000001da00      0x198 build/native/contiki-ng-native.a(uip6.o)
                                        0x1b0 (size before relaxing)
 .eh_frame      0x000000000001db98      0x1b8 build/native/contiki-ng-native.a(uip-ds6-nbr.o)
                                        0x1d0 (size before relaxing)
 .eh_frame      0x000000000001dd50       0x60 build/native/contiki-ng-native.a(uip-nd6.o)
                                         0x78 (size before relaxing)
 .eh_frame      0x000000000001ddb0       0xc8 build/native/contiki-ng-native.a(uiplib.o)
                                         0xe0 (size before relaxing)
 .eh_frame      0x000000000001de78      0x1b0 build/native/contiki-ng-native.a(rpl.o)
                                        0x1c8 (size before relaxing)
 .eh_frame      0x000000000001e028      0x1f0 build/native/contiki-ng-native.a(rpl-icmp6.o)
                                        0x208 (size before relaxing)
 .eh_frame      0x000000000001e218       0xa8 build/native/contiki-ng-native.a(rpl-dag-root.o)
                                         0xc0 (size before relaxing)
 .eh_frame      0x000000000001e2c0      0x128 build/native/contiki-ng-native.a(platform.o)
                                        0x140 (size before relaxing)
 .eh_frame      0x000000000001e3e8       0x60 build/native/contiki-ng-native.a(clock.o)
                                         0x78 (size before relaxing)
 .eh_frame      0x000000000001e448      0x100 build/native/contiki-ng-native.a(tun6-net.o)
                                        0x118 (size before relaxing)
 .eh_frame      0x000000000001e548       0x50 build/native/contiki-ng-native.a(rtimer-arch.o)
                                         0x68 (size before relaxing)
 .eh_frame      0x000000000001e598       0x68 build/native/contiki-ng-native.a(watchdog.o)
                                         0x80 (size before relaxing)
 .eh_frame      0x000000000001e600       0x70 build/native/contiki-ng-native.a(coap-timer-defa)
                                         0x88 (size before relaxing)
 .eh_frame      0x000000000001e670       0xa8 build/native/contiki-ng-native.a(stimer.o)
                                         0xc0 (size before relaxing)
 .eh_frame      0x000000000001e718       0x30 build/native/contiki-ng-native.a(random.o)
                                         0x48 (size before relaxing)
 .eh_frame      0x000000000001e748      0x138 build/native/contiki-ng-native.a(button-hal.o)
                                        0x150 (size before relaxing)
 .eh_frame      0x000000000001e880       0x80 build/native/contiki-ng-native.a(serial-line.o)
                                         0x98 (size before relaxing)
 .eh_frame      0x000000000001e900       0xb8 build/native/contiki-ng-native.a(leds.o)
                                         0xd0 (size before relaxing)
 .eh_frame      0x000000000001e9b8      0x118 build/native/contiki-ng-native.a(nullradio.o)
                                        0x130 (size before relaxing)
 .eh_frame      0x000000000001ead0       0xc8 build/native/contiki-ng-native.a(gpio-hal.o)
                                         0xe0 (size before relaxing)
 .eh_frame      0x000000000001eb98      0x180 build/native/contiki-ng-native.a(nbr-table.o)
                                        0x198 (size before relaxing)
 .eh_frame      0x000000000001ed18      0x130 build/native/contiki-ng-native.a(link-stats.o)
                                        0x148 (size before relaxing)
 .eh_frame      0x000000000001ee48      0x150 build/native/contiki-ng-native.a(uipbuf.o)
                                        0x168 (size before relaxing)
 .eh_frame      0x000000000001ef98      0x198 build/native/contiki-ng-native.a(uip-icmp6.o)
                                        0x1b0 (size before relaxing)
 .eh_frame      0x000000000001f130      0x210 build/native/contiki-ng-native.a(uip-sr.o)
                                        0x228 (size before relaxing)
 .eh_frame      0x000000000001f340       0xb8 build/native/contiki-ng-native.a(uip-packetqueue)
                                         0xd0 (size before relaxing)
 .eh_frame      0x000000000001f3f8       0x50 build/native/contiki-ng-native.a(rpl-nbr-policy.)
                                         0x68 (size before relaxing)
 .eh_frame      0x000000000001f448      0x288 build/native/contiki-ng-native.a(rpl-neighbor.o)
                                        0x2a0 (size before relaxing)
 .eh_frame      0x000000000001f6d0      0x348 build/native/contiki-ng-native.a(rpl-dag.o)
                                        0x360 (size before relaxing)
 .eh_frame      0x000000000001fa18      0x338 build/native/contiki-ng-native.a(rpl-timers.o)
                                        0x350 (size before relaxing)
 .eh_frame      0x000000000001fd50      0x140 build/native/contiki-ng-native.a(rpl-ext-header.)
                                        0x158 (size before relaxing)
 .eh_frame      0x000000000001fe90      0x150 build/native/contiki-ng-native.a(rpl-mrhof.o)
                                        0x168 (size before relaxing)
 .eh_frame      0x000000000001ffe0       0x50 build/native/contiki-ng-native.a(int-master.o)
                                         0x68 (size before relaxing)
 .eh_frame      0x0000000000020030      0x130 build/native/contiki-ng-native.a(gpio-hal-arch.o)
                                        0x148 (size before relaxing)
 .eh_frame      0x0000000000020160       0x68 build/native/contiki-ng-native.a(ringbuf.o)
                                         0x80 (size before relaxing)
 .eh_frame      0x00000000000201c8       0x60 /usr/lib/x86_64-linux-gnu/libc_nonshared.a(elf-init.oS)
                                         0x78 (size before relaxing)
 .eh_frame      0x0000000000020228       0x14 /usr/lib/x86_64-linux-gnu/libc_nonshared.a(atexit.oS)
                                         0x30 (size before relaxing)
 .eh_frame      0x000000000002023c        0x4 /usr/lib/gcc/x86_64-linux-gnu/7/crtendS.o
 *(.eh_frame.*)

.gcc_except_table
 *(.gcc_except_table .gcc_except_table.*)

.gnu_extab
 *(.gnu_extab*)

.exception_ranges
 *(.exception_ranges .exception_ranges*)
                0x0000000000220a30                . = DATA_SEGMENT_ALIGN (CONSTANT (MAXPAGESIZE), CONSTANT (COMMONPAGESIZE))

.eh_frame
 *(.eh_frame)
 *(.eh_frame.*)

.gnu_extab
 *(.gnu_extab)

.gcc_except_table
 *(.gcc_except_table .gcc_except_table.*)

.exception_ranges
 *(.exception_ranges .exception_ranges*)

.tdata
 *(.tdata .tdata.* .gnu.linkonce.td.*)

.tbss
 *(.tbss .tbss.* .gnu.linkonce.tb.*)
 *(.tcommon)

.preinit_array  0x0000000000220a30        0x0
                [!provide]                        PROVIDE (__preinit_array_start = .)
 *(.preinit_array)
                [!provide]                        PROVIDE (__preinit_array_end = .)

.init_array     0x0000000000220a30        0x8
                0x0000000000220a30                PROVIDE (__init_array_start = .)
 *(SORT_BY_INIT_PRIORITY(.init_array.*) SORT_BY_INIT_PRIORITY(.ctors.*))
 *(.init_array EXCLUDE_FILE(*crtend?.o *crtend.o *crtbegin?.o *crtbegin.o) .ctors)
 .init_array    0x0000000000220a30        0x8 /usr/lib/gcc/x86_64-linux-gnu/7/crtbeginS.o
                0x0000000000220a38                PROVIDE (__init_array_end = .)

.fini_array     0x0000000000220a38        0x8
                [!provide]                        PROVIDE (__fini_array_start = .)
 *(SORT_BY_INIT_PRIORITY(.fini_array.*) SORT_BY_INIT_PRIORITY(.dtors.*))
 *(.fini_array EXCLUDE_FILE(*crtend?.o *crtend.o *crtbegin?.o *crtbegin.o) .dtors)
 .fini_array    0x0000000000220a38        0x8 /usr/lib/gcc/x86_64-linux-gnu/7/crtbeginS.o
                [!provide]                        PROVIDE (__fini_array_end = .)

.ctors
 *crtbegin.o(.ctors)
 *crtbegin?.o(.ctors)
 *(EXCLUDE_FILE(*crtend?.o *crtend.o) .ctors)
 *(SORT_BY_NAME(.ctors.*))
 *(.ctors)

.dtors
 *crtbegin.o(.dtors)
 *crtbegin?.o(.dtors)
 *(EXCLUDE_FILE(*crtend?.o *crtend.o) .dtors)
 *(SORT_BY_NAME(.dtors.*))
 *(.dtors)

.jcr
 *(.jcr)

.data.rel.ro    0x0000000000220a40      0x208
 *(.data.rel.ro.local* .gnu.linkonce.d.rel.ro.local.*)
 .data.rel.ro.local
                0x0000000000220a40       0x10 observing.o
                0x0000000000220a40                autostart_processes
 *fill*         0x0000000000220a50       0x10 
 .data.rel.ro.local
                0x0000000000220a60       0x38 build/native/contiki-ng-native.a(nullmac.o)
                0x0000000000220a60                nullmac_driver
 *fill*         0x0000000000220a98        0x8 
 .data.rel.ro.local
                0x0000000000220aa0       0x10 build/native/contiki-ng-native.a(platform.o)
 *fill*         0x0000000000220ab0       0x10 
 .data.rel.ro.local
                0x0000000000220ac0       0x30 build/native/contiki-ng-native.a(tun6-net.o)
                0x0000000000220ac0                tun6_net_driver
 .data.rel.ro.local
                0x0000000000220af0       0x18 build/native/contiki-ng-native.a(coap-timer-defa)
                0x0000000000220af0                coap_timer_default_driver
 *fill*         0x0000000000220b08       0x18 
 .data.rel.ro.local
                0x0000000000220b20       0x70 build/native/contiki-ng-native.a(nullradio.o)
                0x0000000000220b20                nullradio_driver
 *(.data.rel.ro .data.rel.ro.* .gnu.linkonce.d.rel.ro.*)
 .data.rel.ro   0x0000000000220b90        0x0 /usr/lib/gcc/x86_64-linux-gnu/7/../../../x86_64-linux-gnu/Scrt1.o
 *fill*         0x0000000000220b90       0x10 
 .data.rel.ro   0x0000000000220ba0       0xa8 build/native/contiki-ng-native.a(rpl.o)
                0x0000000000220ba0                rpl_lite_driver

.dynamic        0x0000000000220c48      0x200
 *(.dynamic)
 .dynamic       0x0000000000220c48      0x200 /usr/lib/gcc/x86_64-linux-gnu/7/../../../x86_64-linux-gnu/Scrt1.o
                0x0000000000220c48                _DYNAMIC

.got            0x0000000000220e48      0x1a8
 *(.got.plt)
 .got.plt       0x0000000000220e48      0x180 /usr/lib/gcc/x86_64-linux-gnu/7/../../../x86_64-linux-gnu/Scrt1.o
                0x0000000000220e48                _GLOBAL_OFFSET_TABLE_
 *(.igot.plt)
 *(.got)
 .got           0x0000000000220fc8       0x28 /usr/lib/gcc/x86_64-linux-gnu/7/../../../x86_64-linux-gnu/Scrt1.o
 *(.igot)
                0x0000000000221000                . = DATA_SEGMENT_RELRO_END (., 0x0)

.data           0x0000000000221000      0x668
 *(.data .data.* .gnu.linkonce.d.*)
 .data          0x0000000000221000        0x4 /usr/lib/gcc/x86_64-linux-gnu/7/../../../x86_64-linux-gnu/Scrt1.o
                0x0000000000221000                data_start
                0x0000000000221000                __data_start
 .data          0x0000000000221004        0x0 /usr/lib/gcc/x86_64-linux-gnu/7/../../../x86_64-linux-gnu/crti.o
 .data          0x0000000000221004        0x0 /usr/lib/gcc/x86_64-linux-gnu/7/crtbeginS.o
 *fill*         0x0000000000221004        0x4 
 .data.rel.local
                0x0000000000221008        0x8 /usr/lib/gcc/x86_64-linux-gnu/7/crtbeginS.o
                0x0000000000221008                __dso_handle
 .data          0x0000000000221010        0x0 observing.o
 *fill*         0x0000000000221010       0x10 
 .data.rel.local
                0x0000000000221020       0x28 observing.o
                0x0000000000221020                er_example_server
                0x0000000000221040                server_service
 .data          0x0000000000221048        0x0 build/native/contiki-ng-native.a(res-obs.o)
 *fill*         0x0000000000221048       0x18 
 .data.rel.local
                0x0000000000221060       0x48 build/native/contiki-ng-native.a(res-obs.o)
                0x0000000000221060                res_obs
 .data          0x00000000002210a8        0x0 build/native/contiki-ng-native.a(coap-blocking-a)
 .data          0x00000000002210a8        0x0 build/native/contiki-ng-native.a(coap-engine.o)
 .data          0x00000000002210a8        0x0 build/native/contiki-ng-native.a(coap-res-well-k)
 *fill*         0x00000000002210a8       0x18 
 .data.rel.local
                0x00000000002210c0       0x48 build/native/contiki-ng-native.a(coap-res-well-k)
                0x00000000002210c0                res_well_known_core
 .data          0x0000000000221108        0x0 build/native/contiki-ng-native.a(coap-observe.o)
 *fill*         0x0000000000221108        0x8 
 .data.rel.local
                0x0000000000221110       0x18 build/native/contiki-ng-native.a(coap-observe.o)
 .data          0x0000000000221128        0x0 build/native/contiki-ng-native.a(coap-uip.o)
 *fill*         0x0000000000221128       0x18 
 .data.rel.local
                0x0000000000221140       0x20 build/native/contiki-ng-native.a(coap-uip.o)
                0x0000000000221140                coap_engine
 .data          0x0000000000221160        0x0 build/native/contiki-ng-native.a(coap-timer.o)
 .data          0x0000000000221160        0x0 build/native/contiki-ng-native.a(coap-transactio)
 .data.rel.local
                0x0000000000221160       0x18 build/native/contiki-ng-native.a(coap-transactio)
 .data          0x0000000000221178        0x0 build/native/contiki-ng-native.a(coap.o)
 .data.rel.local
                0x0000000000221178        0x8 build/native/contiki-ng-native.a(coap.o)
                0x0000000000221178                coap_error_message
 .data          0x0000000000221180        0x0 build/native/contiki-ng-native.a(contiki-main.o)
 .data          0x0000000000221180        0x0 build/native/contiki-ng-native.a(autostart.o)
 .data          0x0000000000221180        0x0 build/native/contiki-ng-native.a(ctimer.o)
 .data.rel.local
                0x0000000000221180       0x20 build/native/contiki-ng-native.a(ctimer.o)
                0x0000000000221180                ctimer_process
 .data          0x00000000002211a0        0x4 build/native/contiki-ng-native.a(log.o)
                0x00000000002211a0                curr_log_level_main
 *fill*         0x00000000002211a4       0x1c 
 .data.rel.local
                0x00000000002211c0      0x138 build/native/contiki-ng-native.a(log.o)
                0x00000000002211c0                all_modules
 .data          0x00000000002212f8        0x0 build/native/contiki-ng-native.a(energest.o)
 .data          0x00000000002212f8        0x0 build/native/contiki-ng-native.a(etimer.o)
 *fill*         0x00000000002212f8        0x8 
 .data.rel.local
                0x0000000000221300       0x20 build/native/contiki-ng-native.a(etimer.o)
                0x0000000000221300                etimer_process
 .data          0x0000000000221320        0x0 build/native/contiki-ng-native.a(node-id.o)
 .data          0x0000000000221320        0x0 build/native/contiki-ng-native.a(rtimer.o)
 .data          0x0000000000221320        0x0 build/native/contiki-ng-native.a(process.o)
 .data          0x0000000000221320        0x0 build/native/contiki-ng-native.a(timer.o)
 .data          0x0000000000221320        0x0 build/native/contiki-ng-native.a(list.o)
 .data          0x0000000000221320        0x0 build/native/contiki-ng-native.a(memb.o)
 .data          0x0000000000221320        0x0 build/native/contiki-ng-native.a(queuebuf.o)
 .data.rel.local
                0x0000000000221320       0x38 build/native/contiki-ng-native.a(queuebuf.o)
 .data          0x0000000000221358        0x0 build/native/contiki-ng-native.a(packetbuf.o)
 .data          0x0000000000221358        0x0 build/native/contiki-ng-native.a(netstack.o)
 .data          0x0000000000221358        0x0 build/native/contiki-ng-native.a(linkaddr.o)
 .data          0x0000000000221358        0x0 build/native/contiki-ng-native.a(nullmac.o)
 .data          0x0000000000221358        0x0 build/native/contiki-ng-native.a(uip-ds6.o)
 .data          0x0000000000221358        0x0 build/native/contiki-ng-native.a(uip-udp-packet.)
 .data          0x0000000000221358        0x0 build/native/contiki-ng-native.a(uip-ds6-route.o)
 *fill*         0x0000000000221358        0x8 
 .data.rel.local
                0x0000000000221360       0x18 build/native/contiki-ng-native.a(uip-ds6-route.o)
 .data          0x0000000000221378        0x0 build/native/contiki-ng-native.a(tcpip.o)
 *fill*         0x0000000000221378        0x8 
 .data.rel.local
                0x0000000000221380       0x20 build/native/contiki-ng-native.a(tcpip.o)
                0x0000000000221380                tcpip_process
 .data          0x00000000002213a0        0x0 build/native/contiki-ng-native.a(uip6.o)
 .data          0x00000000002213a0        0x0 build/native/contiki-ng-native.a(uip-ds6-nbr.o)
 .data.rel.local
                0x00000000002213a0       0x18 build/native/contiki-ng-native.a(uip-ds6-nbr.o)
 .data          0x00000000002213b8        0x0 build/native/contiki-ng-native.a(uip-nd6.o)
 *fill*         0x00000000002213b8        0x8 
 .data.rel.local
                0x00000000002213c0       0x18 build/native/contiki-ng-native.a(uip-nd6.o)
 .data          0x00000000002213d8        0x0 build/native/contiki-ng-native.a(uiplib.o)
 .data          0x00000000002213d8        0x0 build/native/contiki-ng-native.a(rpl.o)
 .data          0x00000000002213d8        0x0 build/native/contiki-ng-native.a(rpl-icmp6.o)
 *fill*         0x00000000002213d8        0x8 
 .data.rel.local
                0x00000000002213e0       0x78 build/native/contiki-ng-native.a(rpl-icmp6.o)
 .data          0x0000000000221458        0x0 build/native/contiki-ng-native.a(rpl-dag-root.o)
 .data          0x0000000000221458        0x0 build/native/contiki-ng-native.a(platform.o)
 .data          0x0000000000221458        0x0 build/native/contiki-ng-native.a(clock.o)
 *fill*         0x0000000000221458        0x8 
 .data          0x0000000000221460       0x60 build/native/contiki-ng-native.a(tun6-net.o)
 .data          0x00000000002214c0        0x0 build/native/contiki-ng-native.a(rtimer-arch.o)
 .data          0x00000000002214c0        0x0 build/native/contiki-ng-native.a(watchdog.o)
 .data          0x00000000002214c0        0x0 build/native/contiki-ng-native.a(coap-timer-defa)
 .data.rel.local
                0x00000000002214c0       0x20 build/native/contiki-ng-native.a(coap-timer-defa)
                0x00000000002214c0                coap_timer_process
 .data          0x00000000002214e0        0x0 build/native/contiki-ng-native.a(stimer.o)
 .data          0x00000000002214e0        0x0 build/native/contiki-ng-native.a(random.o)
 .data          0x00000000002214e0        0x0 build/native/contiki-ng-native.a(button-hal.o)
 .data.rel.local
                0x00000000002214e0       0x20 build/native/contiki-ng-native.a(button-hal.o)
                0x00000000002214e0                button_hal_process
 .data          0x0000000000221500        0x0 build/native/contiki-ng-native.a(serial-line.o)
 .data.rel.local
                0x0000000000221500       0x20 build/native/contiki-ng-native.a(serial-line.o)
                0x0000000000221500                serial_line_process
 .data          0x0000000000221520        0x0 build/native/contiki-ng-native.a(leds.o)
 .data          0x0000000000221520        0x0 build/native/contiki-ng-native.a(nullradio.o)
 .data          0x0000000000221520        0x0 build/native/contiki-ng-native.a(gpio-hal.o)
 .data          0x0000000000221520        0x0 build/native/contiki-ng-native.a(nbr-table.o)
 .data.rel.local
                0x0000000000221520       0x18 build/native/contiki-ng-native.a(nbr-table.o)
 .data          0x0000000000221538        0x0 build/native/contiki-ng-native.a(link-stats.o)
 *fill*         0x0000000000221538        0x8 
 .data.rel.local
                0x0000000000221540       0x18 build/native/contiki-ng-native.a(link-stats.o)
 .data          0x0000000000221558        0x0 build/native/contiki-ng-native.a(uipbuf.o)
 .data          0x0000000000221558        0x0 build/native/contiki-ng-native.a(uip-icmp6.o)
 *fill*         0x0000000000221558        0x8 
 .data.rel.local
                0x0000000000221560       0x38 build/native/contiki-ng-native.a(uip-icmp6.o)
 .data          0x0000000000221598        0x0 build/native/contiki-ng-native.a(uip-sr.o)
 *fill*         0x0000000000221598        0x8 
 .data.rel.local
                0x00000000002215a0       0x18 build/native/contiki-ng-native.a(uip-sr.o)
 .data          0x00000000002215b8        0x0 build/native/contiki-ng-native.a(uip-packetqueue)
 *fill*         0x00000000002215b8        0x8 
 .data.rel.local
                0x00000000002215c0       0x18 build/native/contiki-ng-native.a(uip-packetqueue)
 .data          0x00000000002215d8        0x0 build/native/contiki-ng-native.a(rpl-nbr-policy.)
 .data          0x00000000002215d8        0x0 build/native/contiki-ng-native.a(rpl-neighbor.o)
 *fill*         0x00000000002215d8        0x8 
 .data.rel.local
                0x00000000002215e0       0x28 build/native/contiki-ng-native.a(rpl-neighbor.o)
                0x00000000002215e0                rpl_neighbors
 .data          0x0000000000221608        0x0 build/native/contiki-ng-native.a(rpl-dag.o)
 .data          0x0000000000221608        0x0 build/native/contiki-ng-native.a(rpl-timers.o)
 .data          0x0000000000221608        0x0 build/native/contiki-ng-native.a(rpl-ext-header.)
 .data          0x0000000000221608        0x0 build/native/contiki-ng-native.a(rpl-mrhof.o)
 *fill*         0x0000000000221608       0x18 
 .data.rel.local
                0x0000000000221620       0x48 build/native/contiki-ng-native.a(rpl-mrhof.o)
                0x0000000000221620                rpl_mrhof
 .data          0x0000000000221668        0x0 build/native/contiki-ng-native.a(buttons.o)
 .data          0x0000000000221668        0x0 build/native/contiki-ng-native.a(int-master.o)
 .data          0x0000000000221668        0x0 build/native/contiki-ng-native.a(gpio-hal-arch.o)
 .data          0x0000000000221668        0x0 build/native/contiki-ng-native.a(ringbuf.o)
 .data          0x0000000000221668        0x0 /usr/lib/x86_64-linux-gnu/libc_nonshared.a(elf-init.oS)
 .data          0x0000000000221668        0x0 /usr/lib/x86_64-linux-gnu/libc_nonshared.a(atexit.oS)
 .data          0x0000000000221668        0x0 /usr/lib/gcc/x86_64-linux-gnu/7/crtendS.o
 .data          0x0000000000221668        0x0 /usr/lib/gcc/x86_64-linux-gnu/7/../../../x86_64-linux-gnu/crtn.o

.tm_clone_table
                0x0000000000221668        0x0
 .tm_clone_table
                0x0000000000221668        0x0 /usr/lib/gcc/x86_64-linux-gnu/7/crtbeginS.o
 .tm_clone_table
                0x0000000000221668        0x0 /usr/lib/gcc/x86_64-linux-gnu/7/crtendS.o

.data1
 *(.data1)
                0x0000000000221668                _edata = .
                [!provide]                        PROVIDE (edata = .)
                0x0000000000221668                . = .
                0x0000000000221668                __bss_start = .

.bss            0x0000000000221680     0xeb20
 *(.dynbss)
 .dynbss        0x0000000000221680       0x28 /usr/lib/gcc/x86_64-linux-gnu/7/../../../x86_64-linux-gnu/Scrt1.o
                0x0000000000221680                stdout@@GLIBC_2.2.5
                0x00000000002216a0                stderr@@GLIBC_2.2.5
 *(.bss .bss.* .gnu.linkonce.b.*)
 .bss           0x00000000002216a8        0x0 /usr/lib/gcc/x86_64-linux-gnu/7/../../../x86_64-linux-gnu/Scrt1.o
 .bss           0x00000000002216a8        0x0 /usr/lib/gcc/x86_64-linux-gnu/7/../../../x86_64-linux-gnu/crti.o
 .bss           0x00000000002216a8        0x1 /usr/lib/gcc/x86_64-linux-gnu/7/crtbeginS.o
 *fill*         0x00000000002216a9       0x17 
 .bss           0x00000000002216c0      0x300 observing.o
                0x00000000002216c0                buff
                0x00000000002216c8                registered
 .bss           0x00000000002219c0        0x0 build/native/contiki-ng-native.a(res-obs.o)
 .bss           0x00000000002219c0        0x0 build/native/contiki-ng-native.a(coap-blocking-a)
 .bss           0x00000000002219c0      0x218 build/native/contiki-ng-native.a(coap-engine.o)
 .bss           0x0000000000221bd8        0x0 build/native/contiki-ng-native.a(coap-res-well-k)
 *fill*         0x0000000000221bd8        0x8 
 .bss           0x0000000000221be0      0x15b build/native/contiki-ng-native.a(coap-observe.o)
 *fill*         0x0000000000221d3b        0x5 
 .bss           0x0000000000221d40       0x20 build/native/contiki-ng-native.a(coap-uip.o)
 .bss           0x0000000000221d60       0x10 build/native/contiki-ng-native.a(coap-timer.o)
 *fill*         0x0000000000221d70       0x10 
 .bss           0x0000000000221d80      0x3c4 build/native/contiki-ng-native.a(coap-transactio)
 .bss           0x0000000000222144        0x6 build/native/contiki-ng-native.a(coap.o)
                0x0000000000222144                coap_status_code
 .bss           0x000000000022214a        0x0 build/native/contiki-ng-native.a(contiki-main.o)
 .bss           0x000000000022214a        0x0 build/native/contiki-ng-native.a(autostart.o)
 *fill*         0x000000000022214a        0x6 
 .bss           0x0000000000222150       0x10 build/native/contiki-ng-native.a(ctimer.o)
 .bss           0x0000000000222160       0x2c build/native/contiki-ng-native.a(log.o)
                0x0000000000222160                curr_log_level_lwm2m
                0x0000000000222164                curr_log_level_snmp
                0x0000000000222168                curr_log_level_coap
                0x000000000022216c                curr_log_level_6top
                0x0000000000222170                curr_log_level_framer
                0x0000000000222174                curr_log_level_mac
                0x0000000000222178                curr_log_level_nullnet
                0x000000000022217c                curr_log_level_6lowpan
                0x0000000000222180                curr_log_level_ipv6
                0x0000000000222184                curr_log_level_tcpip
                0x0000000000222188                curr_log_level_rpl
 .bss           0x000000000022218c        0x0 build/native/contiki-ng-native.a(energest.o)
 *fill*         0x000000000022218c        0x4 
 .bss           0x0000000000222190       0x10 build/native/contiki-ng-native.a(etimer.o)
 .bss           0x00000000002221a0        0x2 build/native/contiki-ng-native.a(node-id.o)
                0x00000000002221a0                node_id
 *fill*         0x00000000002221a2        0x6 
 .bss           0x00000000002221a8        0x8 build/native/contiki-ng-native.a(rtimer.o)
 *fill*         0x00000000002221b0       0x10 
 .bss           0x00000000002221c0      0x323 build/native/contiki-ng-native.a(process.o)
                0x00000000002221c0                process_current
                0x00000000002221c8                process_list
 .bss           0x00000000002224e3        0x0 build/native/contiki-ng-native.a(timer.o)
 .bss           0x00000000002224e3        0x0 build/native/contiki-ng-native.a(list.o)
 .bss           0x00000000002224e3        0x0 build/native/contiki-ng-native.a(memb.o)
 *fill*         0x00000000002224e3       0x1d 
 .bss           0x0000000000222500     0x2d80 build/native/contiki-ng-native.a(queuebuf.o)
 .bss           0x0000000000225280       0x86 build/native/contiki-ng-native.a(packetbuf.o)
 *fill*         0x0000000000225306        0x2 
 .bss           0x0000000000225308        0x8 build/native/contiki-ng-native.a(netstack.o)
 .bss           0x0000000000225310        0x0 build/native/contiki-ng-native.a(linkaddr.o)
 .bss           0x0000000000225310        0x0 build/native/contiki-ng-native.a(nullmac.o)
 .bss           0x0000000000225310       0x40 build/native/contiki-ng-native.a(uip-ds6.o)
 .bss           0x0000000000225350        0x0 build/native/contiki-ng-native.a(uip-udp-packet.)
 *fill*         0x0000000000225350       0x10 
 .bss           0x0000000000225360       0x70 build/native/contiki-ng-native.a(uip-ds6-route.o)
 *fill*         0x00000000002253d0       0x10 
 .bss           0x00000000002253e0       0x20 build/native/contiki-ng-native.a(tcpip.o)
 .bss           0x0000000000225400        0x8 build/native/contiki-ng-native.a(uip6.o)
                0x0000000000225400                uip_last_proto
                0x0000000000225402                uip_ext_len
                0x0000000000225404                uip_ext_bitmap
 *fill*         0x0000000000225408       0x18 
 .bss           0x0000000000225420     0x2580 build/native/contiki-ng-native.a(uip-ds6-nbr.o)
 .bss           0x00000000002279a0       0x19 build/native/contiki-ng-native.a(uip-nd6.o)
 .bss           0x00000000002279b9        0x0 build/native/contiki-ng-native.a(uiplib.o)
 .bss           0x00000000002279b9        0x1 build/native/contiki-ng-native.a(rpl.o)
 .bss           0x00000000002279ba        0x0 build/native/contiki-ng-native.a(rpl-icmp6.o)
 *fill*         0x00000000002279ba        0x6 
 .bss           0x00000000002279c0       0x11 build/native/contiki-ng-native.a(rpl-dag-root.o)
 *fill*         0x00000000002279d1        0xf 
 .bss           0x00000000002279e0       0x60 build/native/contiki-ng-native.a(platform.o)
                0x00000000002279e0                contiki_argc
 .bss           0x0000000000227a40        0x0 build/native/contiki-ng-native.a(clock.o)
 .bss           0x0000000000227a40        0x0 build/native/contiki-ng-native.a(tun6-net.o)
 .bss           0x0000000000227a40        0x0 build/native/contiki-ng-native.a(rtimer-arch.o)
 .bss           0x0000000000227a40        0x0 build/native/contiki-ng-native.a(watchdog.o)
 .bss           0x0000000000227a40       0x48 build/native/contiki-ng-native.a(coap-timer-defa)
 .bss           0x0000000000227a88        0x0 build/native/contiki-ng-native.a(stimer.o)
 .bss           0x0000000000227a88        0x0 build/native/contiki-ng-native.a(random.o)
 *fill*         0x0000000000227a88        0x8 
 .bss           0x0000000000227a90       0x1c build/native/contiki-ng-native.a(button-hal.o)
 *fill*         0x0000000000227aac       0x14 
 .bss           0x0000000000227ac0      0x150 build/native/contiki-ng-native.a(serial-line.o)
 .bss           0x0000000000227c10        0x0 build/native/contiki-ng-native.a(leds.o)
 .bss           0x0000000000227c10        0x0 build/native/contiki-ng-native.a(nullradio.o)
 .bss           0x0000000000227c10        0x8 build/native/contiki-ng-native.a(gpio-hal.o)
 *fill*         0x0000000000227c18        0x8 
 .bss           0x0000000000227c20     0x16cc build/native/contiki-ng-native.a(nbr-table.o)
 *fill*         0x00000000002292ec       0x14 
 .bss           0x0000000000229300     0x12c0 build/native/contiki-ng-native.a(link-stats.o)
 .bss           0x000000000022a5c0       0x1c build/native/contiki-ng-native.a(uipbuf.o)
 *fill*         0x000000000022a5dc        0x4 
 .bss           0x000000000022a5e0       0x20 build/native/contiki-ng-native.a(uip-icmp6.o)
 .bss           0x000000000022a600     0x301c build/native/contiki-ng-native.a(uip-sr.o)
 *fill*         0x000000000022d61c        0x4 
 .bss           0x000000000022d620      0xab2 build/native/contiki-ng-native.a(uip-packetqueue)
 *fill*         0x000000000022e0d2        0x6 
 .bss           0x000000000022e0d8       0x14 build/native/contiki-ng-native.a(rpl-nbr-policy.)
 *fill*         0x000000000022e0ec       0x14 
 .bss           0x000000000022e100     0x12c0 build/native/contiki-ng-native.a(rpl-neighbor.o)
 .bss           0x000000000022f3c0        0x0 build/native/contiki-ng-native.a(rpl-dag.o)
 .bss           0x000000000022f3c0       0x80 build/native/contiki-ng-native.a(rpl-timers.o)
 .bss           0x000000000022f440        0x0 build/native/contiki-ng-native.a(rpl-ext-header.)
 .bss           0x000000000022f440        0x0 build/native/contiki-ng-native.a(rpl-mrhof.o)
 .bss           0x000000000022f440        0x8 build/native/contiki-ng-native.a(buttons.o)
                0x000000000022f440                button_hal_buttons
 .bss           0x000000000022f448        0x4 build/native/contiki-ng-native.a(int-master.o)
 *fill*         0x000000000022f44c       0x14 
 .bss           0x000000000022f460       0xa0 build/native/contiki-ng-native.a(gpio-hal-arch.o)
 .bss           0x000000000022f500        0x0 build/native/contiki-ng-native.a(ringbuf.o)
 .bss           0x000000000022f500        0x0 /usr/lib/x86_64-linux-gnu/libc_nonshared.a(elf-init.oS)
 .bss           0x000000000022f500        0x0 /usr/lib/x86_64-linux-gnu/libc_nonshared.a(atexit.oS)